<?xml version="1.0" encoding="ISO-8859-1" ?>
<link_info>
   <banner>TMS320C2000 Linker PC v20.2.0.LTS</banner>
   <copyright>Copyright (c) 1996-2018 Texas Instruments Incorporated</copyright>
   <link_time>0x5e801525</link_time>
   <link_errors>0x0</link_errors>
   <output_file>S04-AS608-FINGER-F28335-CCSV8.out</output_file>
   <entry_point>
      <name>_c_int00</name>
      <address>0xefe4</address>
   </entry_point>
   <input_file_list>
      <input_file id="fl-2">
         <path>.\DSP2833x_common\source\</path>
         <kind>object</kind>
         <file>DSP2833x_ADC_cal.obj</file>
         <name>DSP2833x_ADC_cal.obj</name>
      </input_file>
      <input_file id="fl-3">
         <path>.\DSP2833x_common\source\</path>
         <kind>object</kind>
         <file>DSP2833x_Adc.obj</file>
         <name>DSP2833x_Adc.obj</name>
      </input_file>
      <input_file id="fl-4">
         <path>.\DSP2833x_common\source\</path>
         <kind>object</kind>
         <file>DSP2833x_CSMPasswords.obj</file>
         <name>DSP2833x_CSMPasswords.obj</name>
      </input_file>
      <input_file id="fl-5">
         <path>.\DSP2833x_common\source\</path>
         <kind>object</kind>
         <file>DSP2833x_CodeStartBranch.obj</file>
         <name>DSP2833x_CodeStartBranch.obj</name>
      </input_file>
      <input_file id="fl-6">
         <path>.\DSP2833x_common\source\</path>
         <kind>object</kind>
         <file>DSP2833x_CpuTimers.obj</file>
         <name>DSP2833x_CpuTimers.obj</name>
      </input_file>
      <input_file id="fl-7">
         <path>.\DSP2833x_common\source\</path>
         <kind>object</kind>
         <file>DSP2833x_DBGIER.obj</file>
         <name>DSP2833x_DBGIER.obj</name>
      </input_file>
      <input_file id="fl-8">
         <path>.\DSP2833x_common\source\</path>
         <kind>object</kind>
         <file>DSP2833x_DMA.obj</file>
         <name>DSP2833x_DMA.obj</name>
      </input_file>
      <input_file id="fl-9">
         <path>.\DSP2833x_common\source\</path>
         <kind>object</kind>
         <file>DSP2833x_DefaultIsr.obj</file>
         <name>DSP2833x_DefaultIsr.obj</name>
      </input_file>
      <input_file id="fl-a">
         <path>.\DSP2833x_common\source\</path>
         <kind>object</kind>
         <file>DSP2833x_DisInt.obj</file>
         <name>DSP2833x_DisInt.obj</name>
      </input_file>
      <input_file id="fl-b">
         <path>.\DSP2833x_common\source\</path>
         <kind>object</kind>
         <file>DSP2833x_ECan.obj</file>
         <name>DSP2833x_ECan.obj</name>
      </input_file>
      <input_file id="fl-c">
         <path>.\DSP2833x_common\source\</path>
         <kind>object</kind>
         <file>DSP2833x_ECap.obj</file>
         <name>DSP2833x_ECap.obj</name>
      </input_file>
      <input_file id="fl-d">
         <path>.\DSP2833x_common\source\</path>
         <kind>object</kind>
         <file>DSP2833x_EPwm.obj</file>
         <name>DSP2833x_EPwm.obj</name>
      </input_file>
      <input_file id="fl-e">
         <path>.\DSP2833x_common\source\</path>
         <kind>object</kind>
         <file>DSP2833x_EQep.obj</file>
         <name>DSP2833x_EQep.obj</name>
      </input_file>
      <input_file id="fl-f">
         <path>.\DSP2833x_common\source\</path>
         <kind>object</kind>
         <file>DSP2833x_Gpio.obj</file>
         <name>DSP2833x_Gpio.obj</name>
      </input_file>
      <input_file id="fl-10">
         <path>.\DSP2833x_common\source\</path>
         <kind>object</kind>
         <file>DSP2833x_I2C.obj</file>
         <name>DSP2833x_I2C.obj</name>
      </input_file>
      <input_file id="fl-11">
         <path>.\DSP2833x_common\source\</path>
         <kind>object</kind>
         <file>DSP2833x_Mcbsp.obj</file>
         <name>DSP2833x_Mcbsp.obj</name>
      </input_file>
      <input_file id="fl-12">
         <path>.\DSP2833x_common\source\</path>
         <kind>object</kind>
         <file>DSP2833x_MemCopy.obj</file>
         <name>DSP2833x_MemCopy.obj</name>
      </input_file>
      <input_file id="fl-13">
         <path>.\DSP2833x_common\source\</path>
         <kind>object</kind>
         <file>DSP2833x_PieCtrl.obj</file>
         <name>DSP2833x_PieCtrl.obj</name>
      </input_file>
      <input_file id="fl-14">
         <path>.\DSP2833x_common\source\</path>
         <kind>object</kind>
         <file>DSP2833x_PieVect.obj</file>
         <name>DSP2833x_PieVect.obj</name>
      </input_file>
      <input_file id="fl-15">
         <path>.\DSP2833x_common\source\</path>
         <kind>object</kind>
         <file>DSP2833x_Sci.obj</file>
         <name>DSP2833x_Sci.obj</name>
      </input_file>
      <input_file id="fl-16">
         <path>.\DSP2833x_common\source\</path>
         <kind>object</kind>
         <file>DSP2833x_Spi.obj</file>
         <name>DSP2833x_Spi.obj</name>
      </input_file>
      <input_file id="fl-17">
         <path>.\DSP2833x_common\source\</path>
         <kind>object</kind>
         <file>DSP2833x_SysCtrl.obj</file>
         <name>DSP2833x_SysCtrl.obj</name>
      </input_file>
      <input_file id="fl-18">
         <path>.\DSP2833x_common\source\</path>
         <kind>object</kind>
         <file>DSP2833x_Xintf.obj</file>
         <name>DSP2833x_Xintf.obj</name>
      </input_file>
      <input_file id="fl-19">
         <path>.\DSP2833x_common\source\</path>
         <kind>object</kind>
         <file>DSP2833x_usDelay.obj</file>
         <name>DSP2833x_usDelay.obj</name>
      </input_file>
      <input_file id="fl-1a">
         <path>.\DSP2833x_headers\source\</path>
         <kind>object</kind>
         <file>DSP2833x_GlobalVariableDefs.obj</file>
         <name>DSP2833x_GlobalVariableDefs.obj</name>
      </input_file>
      <input_file id="fl-1b">
         <path>.\src\</path>
         <kind>object</kind>
         <file>as608.obj</file>
         <name>as608.obj</name>
      </input_file>
      <input_file id="fl-1c">
         <path>.\src\</path>
         <kind>object</kind>
         <file>main.obj</file>
         <name>main.obj</name>
      </input_file>
      <input_file id="fl-1d">
         <path>.\src\</path>
         <kind>object</kind>
         <file>sci.obj</file>
         <name>sci.obj</name>
      </input_file>
      <input_file id="fl-22">
         <kind>object</kind>
         <file>&lt;internal&gt;</file>
         <name>&lt;internal&gt;</name>
      </input_file>
      <input_file id="fl-2e">
         <path>C:\opt\ti\ccsv8\tools\compiler\ti-cgt-c2000_20.2.0.LTS\lib\</path>
         <kind>archive</kind>
         <file>rts2800_fpu32.lib</file>
         <name>sprintf.c.obj</name>
      </input_file>
      <input_file id="fl-2f">
         <path>C:\opt\ti\ccsv8\tools\compiler\ti-cgt-c2000_20.2.0.LTS\lib\</path>
         <kind>archive</kind>
         <file>rts2800_fpu32.lib</file>
         <name>boot28.asm.obj</name>
      </input_file>
      <input_file id="fl-30">
         <path>C:\opt\ti\ccsv8\tools\compiler\ti-cgt-c2000_20.2.0.LTS\lib\</path>
         <kind>archive</kind>
         <file>rts2800_fpu32.lib</file>
         <name>cpy_tbl.c.obj</name>
      </input_file>
      <input_file id="fl-31">
         <path>C:\opt\ti\ccsv8\tools\compiler\ti-cgt-c2000_20.2.0.LTS\lib\</path>
         <kind>archive</kind>
         <file>rts2800_fpu32.lib</file>
         <name>memcpy.c.obj</name>
      </input_file>
      <input_file id="fl-32">
         <path>C:\opt\ti\ccsv8\tools\compiler\ti-cgt-c2000_20.2.0.LTS\lib\</path>
         <kind>archive</kind>
         <file>rts2800_fpu32.lib</file>
         <name>pre_init.c.obj</name>
      </input_file>
      <input_file id="fl-33">
         <path>C:\opt\ti\ccsv8\tools\compiler\ti-cgt-c2000_20.2.0.LTS\lib\</path>
         <kind>archive</kind>
         <file>rts2800_fpu32.lib</file>
         <name>startup.c.obj</name>
      </input_file>
      <input_file id="fl-34">
         <path>C:\opt\ti\ccsv8\tools\compiler\ti-cgt-c2000_20.2.0.LTS\lib\</path>
         <kind>archive</kind>
         <file>rts2800_fpu32.lib</file>
         <name>exit.c.obj</name>
      </input_file>
      <input_file id="fl-35">
         <path>C:\opt\ti\ccsv8\tools\compiler\ti-cgt-c2000_20.2.0.LTS\lib\</path>
         <kind>archive</kind>
         <file>rts2800_fpu32.lib</file>
         <name>_lock.c.obj</name>
      </input_file>
      <input_file id="fl-36">
         <path>C:\opt\ti\ccsv8\tools\compiler\ti-cgt-c2000_20.2.0.LTS\lib\</path>
         <kind>archive</kind>
         <file>rts2800_fpu32.lib</file>
         <name>args_main.c.obj</name>
      </input_file>
      <input_file id="fl-37">
         <path>C:\opt\ti\ccsv8\tools\compiler\ti-cgt-c2000_20.2.0.LTS\lib\</path>
         <kind>archive</kind>
         <file>rts2800_fpu32.lib</file>
         <name>strstr.c.obj</name>
      </input_file>
      <input_file id="fl-38">
         <path>C:\opt\ti\ccsv8\tools\compiler\ti-cgt-c2000_20.2.0.LTS\lib\</path>
         <kind>archive</kind>
         <file>rts2800_fpu32.lib</file>
         <name>_printfi.c.obj</name>
      </input_file>
      <input_file id="fl-39">
         <path>C:\opt\ti\ccsv8\tools\compiler\ti-cgt-c2000_20.2.0.LTS\lib\</path>
         <kind>archive</kind>
         <file>rts2800_fpu32.lib</file>
         <name>wcslen.c.obj</name>
      </input_file>
      <input_file id="fl-3a">
         <path>C:\opt\ti\ccsv8\tools\compiler\ti-cgt-c2000_20.2.0.LTS\lib\</path>
         <kind>archive</kind>
         <file>rts2800_fpu32.lib</file>
         <name>fd_cmp28.asm.obj</name>
      </input_file>
      <input_file id="fl-3b">
         <path>C:\opt\ti\ccsv8\tools\compiler\ti-cgt-c2000_20.2.0.LTS\lib\</path>
         <kind>archive</kind>
         <file>rts2800_fpu32.lib</file>
         <name>fd_mpy28.asm.obj</name>
      </input_file>
      <input_file id="fl-3c">
         <path>C:\opt\ti\ccsv8\tools\compiler\ti-cgt-c2000_20.2.0.LTS\lib\</path>
         <kind>archive</kind>
         <file>rts2800_fpu32.lib</file>
         <name>fd_neg28.asm.obj</name>
      </input_file>
      <input_file id="fl-3d">
         <path>C:\opt\ti\ccsv8\tools\compiler\ti-cgt-c2000_20.2.0.LTS\lib\</path>
         <kind>archive</kind>
         <file>rts2800_fpu32.lib</file>
         <name>fd_sub28.asm.obj</name>
      </input_file>
      <input_file id="fl-3e">
         <path>C:\opt\ti\ccsv8\tools\compiler\ti-cgt-c2000_20.2.0.LTS\lib\</path>
         <kind>archive</kind>
         <file>rts2800_fpu32.lib</file>
         <name>fd_toi28.asm.obj</name>
      </input_file>
      <input_file id="fl-3f">
         <path>C:\opt\ti\ccsv8\tools\compiler\ti-cgt-c2000_20.2.0.LTS\lib\</path>
         <kind>archive</kind>
         <file>rts2800_fpu32.lib</file>
         <name>fd_tol28.asm.obj</name>
      </input_file>
      <input_file id="fl-40">
         <path>C:\opt\ti\ccsv8\tools\compiler\ti-cgt-c2000_20.2.0.LTS\lib\</path>
         <kind>archive</kind>
         <file>rts2800_fpu32.lib</file>
         <name>ll_aox28.asm.obj</name>
      </input_file>
      <input_file id="fl-41">
         <path>C:\opt\ti\ccsv8\tools\compiler\ti-cgt-c2000_20.2.0.LTS\lib\</path>
         <kind>archive</kind>
         <file>rts2800_fpu32.lib</file>
         <name>ll_cmp28.asm.obj</name>
      </input_file>
      <input_file id="fl-42">
         <path>C:\opt\ti\ccsv8\tools\compiler\ti-cgt-c2000_20.2.0.LTS\lib\</path>
         <kind>archive</kind>
         <file>rts2800_fpu32.lib</file>
         <name>ll_div28.asm.obj</name>
      </input_file>
      <input_file id="fl-43">
         <path>C:\opt\ti\ccsv8\tools\compiler\ti-cgt-c2000_20.2.0.LTS\lib\</path>
         <kind>archive</kind>
         <file>rts2800_fpu32.lib</file>
         <name>i_tofd28.asm.obj</name>
      </input_file>
      <input_file id="fl-44">
         <path>C:\opt\ti\ccsv8\tools\compiler\ti-cgt-c2000_20.2.0.LTS\lib\</path>
         <kind>archive</kind>
         <file>rts2800_fpu32.lib</file>
         <name>l_tofd28.asm.obj</name>
      </input_file>
      <input_file id="fl-45">
         <path>C:\opt\ti\ccsv8\tools\compiler\ti-cgt-c2000_20.2.0.LTS\lib\</path>
         <kind>archive</kind>
         <file>rts2800_fpu32.lib</file>
         <name>fs_tofdfpu32.asm.obj</name>
      </input_file>
      <input_file id="fl-46">
         <path>C:\opt\ti\ccsv8\tools\compiler\ti-cgt-c2000_20.2.0.LTS\lib\</path>
         <kind>archive</kind>
         <file>rts2800_fpu32.lib</file>
         <name>fd_div28.asm.obj</name>
      </input_file>
      <input_file id="fl-47">
         <path>C:\opt\ti\ccsv8\tools\compiler\ti-cgt-c2000_20.2.0.LTS\lib\</path>
         <kind>archive</kind>
         <file>rts2800_fpu32.lib</file>
         <name>_ltoa.c.obj</name>
      </input_file>
      <input_file id="fl-48">
         <path>C:\opt\ti\ccsv8\tools\compiler\ti-cgt-c2000_20.2.0.LTS\lib\</path>
         <kind>archive</kind>
         <file>rts2800_fpu32.lib</file>
         <name>atoi.c.obj</name>
      </input_file>
      <input_file id="fl-49">
         <path>C:\opt\ti\ccsv8\tools\compiler\ti-cgt-c2000_20.2.0.LTS\lib\</path>
         <kind>archive</kind>
         <file>rts2800_fpu32.lib</file>
         <name>ctype.c.obj</name>
      </input_file>
      <input_file id="fl-4a">
         <path>C:\opt\ti\ccsv8\tools\compiler\ti-cgt-c2000_20.2.0.LTS\lib\</path>
         <kind>archive</kind>
         <file>rts2800_fpu32.lib</file>
         <name>memccpy.c.obj</name>
      </input_file>
      <input_file id="fl-4b">
         <path>C:\opt\ti\ccsv8\tools\compiler\ti-cgt-c2000_20.2.0.LTS\lib\</path>
         <kind>archive</kind>
         <file>rts2800_fpu32.lib</file>
         <name>memset.c.obj</name>
      </input_file>
      <input_file id="fl-4c">
         <path>C:\opt\ti\ccsv8\tools\compiler\ti-cgt-c2000_20.2.0.LTS\lib\</path>
         <kind>archive</kind>
         <file>rts2800_fpu32.lib</file>
         <name>strchr.c.obj</name>
      </input_file>
      <input_file id="fl-4d">
         <path>C:\opt\ti\ccsv8\tools\compiler\ti-cgt-c2000_20.2.0.LTS\lib\</path>
         <kind>archive</kind>
         <file>rts2800_fpu32.lib</file>
         <name>strcpy.c.obj</name>
      </input_file>
      <input_file id="fl-4e">
         <path>C:\opt\ti\ccsv8\tools\compiler\ti-cgt-c2000_20.2.0.LTS\lib\</path>
         <kind>archive</kind>
         <file>rts2800_fpu32.lib</file>
         <name>strlen.c.obj</name>
      </input_file>
      <input_file id="fl-4f">
         <path>C:\opt\ti\ccsv8\tools\compiler\ti-cgt-c2000_20.2.0.LTS\lib\</path>
         <kind>archive</kind>
         <file>rts2800_fpu32.lib</file>
         <name>s_frexp.c.obj</name>
      </input_file>
      <input_file id="fl-50">
         <path>C:\opt\ti\ccsv8\tools\compiler\ti-cgt-c2000_20.2.0.LTS\lib\</path>
         <kind>archive</kind>
         <file>rts2800_fpu32.lib</file>
         <name>s_scalbn.c.obj</name>
      </input_file>
      <input_file id="fl-51">
         <path>C:\opt\ti\ccsv8\tools\compiler\ti-cgt-c2000_20.2.0.LTS\lib\</path>
         <kind>archive</kind>
         <file>rts2800_fpu32.lib</file>
         <name>s_copysign.c.obj</name>
      </input_file>
      <input_file id="fl-52">
         <path>C:\opt\ti\ccsv8\tools\compiler\ti-cgt-c2000_20.2.0.LTS\lib\</path>
         <kind>archive</kind>
         <file>rts2800_fpu32.lib</file>
         <name>fd_add28.asm.obj</name>
      </input_file>
      <input_file id="fl-53">
         <path>C:\opt\ti\ccsv8\tools\compiler\ti-cgt-c2000_20.2.0.LTS\lib\</path>
         <kind>archive</kind>
         <file>rts2800_fpu32.lib</file>
         <name>l_div28.asm.obj</name>
      </input_file>
      <input_file id="fl-54">
         <path>C:\opt\ti\ccsv8\tools\compiler\ti-cgt-c2000_20.2.0.LTS\lib\</path>
         <kind>archive</kind>
         <file>rts2800_fpu32.lib</file>
         <name>errno.c.obj</name>
      </input_file>
   </input_file_list>
   <object_component_list>
      <object_component id="oc-5b">
         <name>codestart</name>
         <load_address>0x0</load_address>
         <run_address>0x0</run_address>
         <size>0x2</size>
         <input_file_ref idref="fl-5"/>
      </object_component>
      <object_component id="oc-c1">
         <name>ramfuncs</name>
         <load_address>0x803a</load_address>
         <run_address>0x803a</run_address>
         <size>0x4</size>
         <input_file_ref idref="fl-19"/>
      </object_component>
      <object_component id="oc-1eb">
         <name>.text</name>
         <load_address>0xd000</load_address>
         <run_address>0xd000</run_address>
         <size>0xce4</size>
         <input_file_ref idref="fl-38"/>
      </object_component>
      <object_component id="oc-1d9">
         <name>.text</name>
         <load_address>0xdce4</load_address>
         <run_address>0xdce4</run_address>
         <size>0x8a1</size>
         <input_file_ref idref="fl-1b"/>
      </object_component>
      <object_component id="oc-71">
         <name>.text:retain</name>
         <load_address>0xe585</load_address>
         <run_address>0xe585</run_address>
         <size>0x316</size>
         <input_file_ref idref="fl-9"/>
      </object_component>
      <object_component id="oc-177">
         <name>.text</name>
         <load_address>0xe89b</load_address>
         <run_address>0xe89b</run_address>
         <size>0x107</size>
         <input_file_ref idref="fl-42"/>
      </object_component>
      <object_component id="oc-1e1">
         <name>.text</name>
         <load_address>0xe9a2</load_address>
         <run_address>0xe9a2</run_address>
         <size>0xf8</size>
         <input_file_ref idref="fl-17"/>
      </object_component>
      <object_component id="oc-1db">
         <name>.text</name>
         <load_address>0xea9a</load_address>
         <run_address>0xea9a</run_address>
         <size>0xe5</size>
         <input_file_ref idref="fl-1c"/>
      </object_component>
      <object_component id="oc-1de">
         <name>.text</name>
         <load_address>0xeb7f</load_address>
         <run_address>0xeb7f</run_address>
         <size>0xba</size>
         <input_file_ref idref="fl-1d"/>
      </object_component>
      <object_component id="oc-1f1">
         <name>.text</name>
         <load_address>0xec39</load_address>
         <run_address>0xec39</run_address>
         <size>0xae</size>
         <input_file_ref idref="fl-50"/>
      </object_component>
      <object_component id="oc-1c6">
         <name>.text</name>
         <load_address>0xece7</load_address>
         <run_address>0xece7</run_address>
         <size>0x9c</size>
         <input_file_ref idref="fl-52"/>
      </object_component>
      <object_component id="oc-18b">
         <name>.text</name>
         <load_address>0xed83</load_address>
         <run_address>0xed83</run_address>
         <size>0x8b</size>
         <input_file_ref idref="fl-46"/>
      </object_component>
      <object_component id="oc-109">
         <name>.text:retain</name>
         <load_address>0xee0e</load_address>
         <run_address>0xee0e</run_address>
         <size>0x86</size>
         <input_file_ref idref="fl-1d"/>
      </object_component>
      <object_component id="oc-154">
         <name>.text</name>
         <load_address>0xee94</load_address>
         <run_address>0xee94</run_address>
         <size>0x83</size>
         <input_file_ref idref="fl-3b"/>
      </object_component>
      <object_component id="oc-1e5">
         <name>.text</name>
         <load_address>0xef17</load_address>
         <run_address>0xef17</run_address>
         <size>0x73</size>
         <input_file_ref idref="fl-6"/>
      </object_component>
      <object_component id="oc-1f0">
         <name>.text</name>
         <load_address>0xef8a</load_address>
         <run_address>0xef8a</run_address>
         <size>0x5a</size>
         <input_file_ref idref="fl-4f"/>
      </object_component>
      <object_component id="oc-4d">
         <name>.text</name>
         <load_address>0xefe4</load_address>
         <run_address>0xefe4</run_address>
         <size>0x56</size>
         <input_file_ref idref="fl-2f"/>
      </object_component>
      <object_component id="oc-1e9">
         <name>.text</name>
         <load_address>0xf03a</load_address>
         <run_address>0xf03a</run_address>
         <size>0x4c</size>
         <input_file_ref idref="fl-15"/>
      </object_component>
      <object_component id="oc-1e6">
         <name>.text</name>
         <load_address>0xf086</load_address>
         <run_address>0xf086</run_address>
         <size>0x32</size>
         <input_file_ref idref="fl-2e"/>
      </object_component>
      <object_component id="oc-1ed">
         <name>.text</name>
         <load_address>0xf0b8</load_address>
         <run_address>0xf0b8</run_address>
         <size>0x31</size>
         <input_file_ref idref="fl-48"/>
      </object_component>
      <object_component id="oc-1ef">
         <name>.text</name>
         <load_address>0xf0e9</load_address>
         <run_address>0xf0e9</run_address>
         <size>0x30</size>
         <input_file_ref idref="fl-47"/>
      </object_component>
      <object_component id="oc-14f">
         <name>.text</name>
         <load_address>0xf119</load_address>
         <run_address>0xf119</run_address>
         <size>0x2a</size>
         <input_file_ref idref="fl-3a"/>
      </object_component>
      <object_component id="oc-1cb">
         <name>.text</name>
         <load_address>0xf143</load_address>
         <run_address>0xf143</run_address>
         <size>0x2a</size>
         <input_file_ref idref="fl-53"/>
      </object_component>
      <object_component id="oc-1d8">
         <name>.text</name>
         <load_address>0xf16d</load_address>
         <run_address>0xf16d</run_address>
         <size>0x29</size>
         <input_file_ref idref="fl-34"/>
      </object_component>
      <object_component id="oc-1e3">
         <name>.text</name>
         <load_address>0xf196</load_address>
         <run_address>0xf196</run_address>
         <size>0x28</size>
         <input_file_ref idref="fl-13"/>
      </object_component>
      <object_component id="oc-1f8">
         <name>.text</name>
         <load_address>0xf1be</load_address>
         <run_address>0xf1be</run_address>
         <size>0x25</size>
         <input_file_ref idref="fl-51"/>
      </object_component>
      <object_component id="oc-1d5">
         <name>.text</name>
         <load_address>0xf1e3</load_address>
         <run_address>0xf1e3</run_address>
         <size>0x24</size>
         <input_file_ref idref="fl-30"/>
      </object_component>
      <object_component id="oc-163">
         <name>.text</name>
         <load_address>0xf207</load_address>
         <run_address>0xf207</run_address>
         <size>0x21</size>
         <input_file_ref idref="fl-3e"/>
      </object_component>
      <object_component id="oc-1e4">
         <name>.text</name>
         <load_address>0xf228</load_address>
         <run_address>0xf228</run_address>
         <size>0x20</size>
         <input_file_ref idref="fl-14"/>
      </object_component>
      <object_component id="oc-168">
         <name>.text</name>
         <load_address>0xf248</load_address>
         <run_address>0xf248</run_address>
         <size>0x1f</size>
         <input_file_ref idref="fl-3f"/>
      </object_component>
      <object_component id="oc-172">
         <name>.text</name>
         <load_address>0xf267</load_address>
         <run_address>0xf267</run_address>
         <size>0x1e</size>
         <input_file_ref idref="fl-41"/>
      </object_component>
      <object_component id="oc-17c">
         <name>.text</name>
         <load_address>0xf285</load_address>
         <run_address>0xf285</run_address>
         <size>0x1d</size>
         <input_file_ref idref="fl-43"/>
      </object_component>
      <object_component id="oc-1da">
         <name>.text</name>
         <load_address>0xf2a2</load_address>
         <run_address>0xf2a2</run_address>
         <size>0x1d</size>
         <input_file_ref idref="fl-31"/>
      </object_component>
      <object_component id="oc-186">
         <name>.text</name>
         <load_address>0xf2bf</load_address>
         <run_address>0xf2bf</run_address>
         <size>0x1c</size>
         <input_file_ref idref="fl-45"/>
      </object_component>
      <object_component id="oc-181">
         <name>.text</name>
         <load_address>0xf2db</load_address>
         <run_address>0xf2db</run_address>
         <size>0x1c</size>
         <input_file_ref idref="fl-44"/>
      </object_component>
      <object_component id="oc-1e2">
         <name>.text</name>
         <load_address>0xf2f7</load_address>
         <run_address>0xf2f7</run_address>
         <size>0x1b</size>
         <input_file_ref idref="fl-f"/>
      </object_component>
      <object_component id="oc-16d">
         <name>.text</name>
         <load_address>0xf312</load_address>
         <run_address>0xf312</run_address>
         <size>0x18</size>
         <input_file_ref idref="fl-40"/>
      </object_component>
      <object_component id="oc-1e0">
         <name>.text</name>
         <load_address>0xf32a</load_address>
         <run_address>0xf32a</run_address>
         <size>0x16</size>
         <input_file_ref idref="fl-37"/>
      </object_component>
      <object_component id="oc-1d7">
         <name>.text</name>
         <load_address>0xf340</load_address>
         <run_address>0xf340</run_address>
         <size>0x12</size>
         <input_file_ref idref="fl-36"/>
      </object_component>
      <object_component id="oc-1f5">
         <name>.text</name>
         <load_address>0xf352</load_address>
         <run_address>0xf352</run_address>
         <size>0x10</size>
         <input_file_ref idref="fl-4a"/>
      </object_component>
      <object_component id="oc-15e">
         <name>.text</name>
         <load_address>0xf362</load_address>
         <run_address>0xf362</run_address>
         <size>0xe</size>
         <input_file_ref idref="fl-3d"/>
      </object_component>
      <object_component id="oc-1f2">
         <name>.text</name>
         <load_address>0xf370</load_address>
         <run_address>0xf370</run_address>
         <size>0xc</size>
         <input_file_ref idref="fl-4c"/>
      </object_component>
      <object_component id="oc-1e7">
         <name>.text</name>
         <load_address>0xf37c</load_address>
         <run_address>0xf37c</run_address>
         <size>0x9</size>
         <input_file_ref idref="fl-35"/>
      </object_component>
      <object_component id="oc-159">
         <name>.text</name>
         <load_address>0xf385</load_address>
         <run_address>0xf385</run_address>
         <size>0x9</size>
         <input_file_ref idref="fl-3c"/>
      </object_component>
      <object_component id="oc-1f6">
         <name>.text</name>
         <load_address>0xf38e</load_address>
         <run_address>0xf38e</run_address>
         <size>0x9</size>
         <input_file_ref idref="fl-39"/>
      </object_component>
      <object_component id="oc-5a">
         <name>.text</name>
         <load_address>0xf397</load_address>
         <run_address>0xf397</run_address>
         <size>0x8</size>
         <input_file_ref idref="fl-5"/>
      </object_component>
      <object_component id="oc-1ee">
         <name>.text</name>
         <load_address>0xf39f</load_address>
         <run_address>0xf39f</run_address>
         <size>0x8</size>
         <input_file_ref idref="fl-4e"/>
      </object_component>
      <object_component id="oc-76">
         <name>.text</name>
         <load_address>0xf3a7</load_address>
         <run_address>0xf3a7</run_address>
         <size>0x7</size>
         <input_file_ref idref="fl-a"/>
      </object_component>
      <object_component id="oc-1f3">
         <name>.text</name>
         <load_address>0xf3ae</load_address>
         <run_address>0xf3ae</run_address>
         <size>0x7</size>
         <input_file_ref idref="fl-4b"/>
      </object_component>
      <object_component id="oc-1f4">
         <name>.text</name>
         <load_address>0xf3b5</load_address>
         <run_address>0xf3b5</run_address>
         <size>0x5</size>
         <input_file_ref idref="fl-4d"/>
      </object_component>
      <object_component id="oc-66">
         <name>.text</name>
         <load_address>0xf3ba</load_address>
         <run_address>0xf3ba</run_address>
         <size>0x3</size>
         <input_file_ref idref="fl-7"/>
      </object_component>
      <object_component id="oc-1d4">
         <name>.text</name>
         <load_address>0xf3bd</load_address>
         <run_address>0xf3bd</run_address>
         <size>0x2</size>
         <input_file_ref idref="fl-32"/>
      </object_component>
      <object_component id="oc-1d6">
         <name>.text</name>
         <load_address>0xf3bf</load_address>
         <run_address>0xf3bf</run_address>
         <size>0x1</size>
         <input_file_ref idref="fl-33"/>
      </object_component>
      <object_component id="oc-12e">
         <name>.cinit</name>
         <load_address>0x8000</load_address>
         <run_address>0x8000</run_address>
         <size>0xe</size>
         <input_file_ref idref="fl-34"/>
      </object_component>
      <object_component id="oc-1dd">
         <name>.cinit:__lock</name>
         <load_address>0x800e</load_address>
         <run_address>0x800e</run_address>
         <size>0x5</size>
         <input_file_ref idref="fl-35"/>
      </object_component>
      <object_component id="oc-1e8">
         <name>.cinit:__unlock</name>
         <load_address>0x8013</load_address>
         <run_address>0x8013</run_address>
         <size>0x5</size>
         <input_file_ref idref="fl-35"/>
      </object_component>
      <object_component id="oc-101">
         <name>.cinit</name>
         <load_address>0x8018</load_address>
         <run_address>0x8018</run_address>
         <size>0x4</size>
         <input_file_ref idref="fl-1c"/>
      </object_component>
      <object_component id="oc-1d1">
         <name>.cinit</name>
         <load_address>0x801c</load_address>
         <run_address>0x801c</run_address>
         <size>0x4</size>
         <input_file_ref idref="fl-54"/>
      </object_component>
      <object_component id="oc-1df">
         <name>.switch:_as608_ensure_message</name>
         <load_address>0x8022</load_address>
         <run_address>0x8022</run_address>
         <size>0x18</size>
         <input_file_ref idref="fl-1b"/>
      </object_component>
      <object_component id="oc-113">
         <name>.stack</name>
         <uninitialized>true</uninitialized>
         <run_address>0x9000</run_address>
         <size>0x0</size>
         <input_file_ref idref="fl-2f"/>
      </object_component>
      <object_component id="oc-24f">
         <name>.stack</name>
         <uninitialized>true</uninitialized>
         <run_address>0x9000</run_address>
         <size>0x0</size>
      </object_component>
      <object_component id="oc-61">
         <name>.ebss</name>
         <uninitialized>true</uninitialized>
         <run_address>0xc0c0</run_address>
         <size>0x18</size>
         <input_file_ref idref="fl-6"/>
      </object_component>
      <object_component id="oc-102">
         <name>.ebss</name>
         <uninitialized>true</uninitialized>
         <run_address>0xc000</run_address>
         <size>0xbc</size>
         <input_file_ref idref="fl-1c"/>
      </object_component>
      <object_component id="oc-12f">
         <name>.ebss</name>
         <uninitialized>true</uninitialized>
         <run_address>0xc0d8</run_address>
         <size>0x6</size>
         <input_file_ref idref="fl-34"/>
      </object_component>
      <object_component id="oc-1dc">
         <name>.ebss:__lock</name>
         <uninitialized>true</uninitialized>
         <run_address>0xc0bc</run_address>
         <size>0x2</size>
         <input_file_ref idref="fl-35"/>
      </object_component>
      <object_component id="oc-1ec">
         <name>.ebss:__unlock</name>
         <uninitialized>true</uninitialized>
         <run_address>0xc0be</run_address>
         <size>0x2</size>
         <input_file_ref idref="fl-35"/>
      </object_component>
      <object_component id="oc-1d2">
         <name>.ebss</name>
         <uninitialized>true</uninitialized>
         <run_address>0xc0de</run_address>
         <size>0x1</size>
         <input_file_ref idref="fl-54"/>
      </object_component>
      <object_component id="oc-fb">
         <name>.econst:.string</name>
         <load_address>0xf3c0</load_address>
         <run_address>0xf3c0</run_address>
         <size>0x4e7</size>
         <input_file_ref idref="fl-1b"/>
      </object_component>
      <object_component id="oc-1f7">
         <name>.econst:.string:__ctypes_</name>
         <load_address>0xf8a7</load_address>
         <run_address>0xf8a7</run_address>
         <size>0x101</size>
         <input_file_ref idref="fl-49"/>
      </object_component>
      <object_component id="oc-1ea">
         <name>.econst:_PieVectTableInit</name>
         <load_address>0xf9a8</load_address>
         <run_address>0xf9a8</run_address>
         <size>0x100</size>
         <input_file_ref idref="fl-14"/>
      </object_component>
      <object_component id="oc-103">
         <name>.econst:.string</name>
         <load_address>0xfaa8</load_address>
         <run_address>0xfaa8</run_address>
         <size>0xeb</size>
         <input_file_ref idref="fl-1c"/>
      </object_component>
      <object_component id="oc-145">
         <name>.econst:.string</name>
         <load_address>0xfb94</load_address>
         <run_address>0xfb94</run_address>
         <size>0x26</size>
         <input_file_ref idref="fl-38"/>
      </object_component>
      <object_component id="oc-144">
         <name>.econst</name>
         <load_address>0xfbba</load_address>
         <run_address>0xfbba</run_address>
         <size>0x1c</size>
         <input_file_ref idref="fl-38"/>
      </object_component>
      <object_component id="oc-1bc">
         <name>.econst</name>
         <load_address>0xfbd6</load_address>
         <run_address>0xfbd6</run_address>
         <size>0x1c</size>
         <input_file_ref idref="fl-50"/>
      </object_component>
      <object_component id="oc-1b6">
         <name>.econst</name>
         <load_address>0xfbf2</load_address>
         <run_address>0xfbf2</run_address>
         <size>0x8</size>
         <input_file_ref idref="fl-4f"/>
      </object_component>
      <object_component id="oc-114">
         <name>.reset</name>
         <load_address>0x3fffc0</load_address>
         <run_address>0x3fffc0</run_address>
         <size>0x2</size>
         <input_file_ref idref="fl-2f"/>
      </object_component>
      <object_component id="oc-59">
         <name>csm_rsvd</name>
         <load_address>0x33ff80</load_address>
         <run_address>0x33ff80</run_address>
         <size>0x76</size>
         <input_file_ref idref="fl-4"/>
      </object_component>
      <object_component id="oc-58">
         <name>csmpasswds</name>
         <load_address>0x33fff8</load_address>
         <run_address>0x33fff8</run_address>
         <size>0x8</size>
         <input_file_ref idref="fl-4"/>
      </object_component>
      <object_component id="oc-4e">
         <name>.adc_cal</name>
         <load_address>0x380080</load_address>
         <run_address>0x380080</run_address>
         <size>0x7</size>
         <input_file_ref idref="fl-2"/>
      </object_component>
      <object_component id="oc-f8">
         <name>PieVectTableFile</name>
         <uninitialized>true</uninitialized>
         <run_address>0xd00</run_address>
         <size>0x100</size>
         <input_file_ref idref="fl-1a"/>
      </object_component>
      <object_component id="oc-f4">
         <name>DevEmuRegsFile</name>
         <uninitialized>true</uninitialized>
         <run_address>0x880</run_address>
         <size>0xd0</size>
         <input_file_ref idref="fl-1a"/>
      </object_component>
      <object_component id="oc-cc">
         <name>FlashRegsFile</name>
         <uninitialized>true</uninitialized>
         <run_address>0xa80</run_address>
         <size>0x8</size>
         <input_file_ref idref="fl-1a"/>
      </object_component>
      <object_component id="oc-cf">
         <name>CsmRegsFile</name>
         <uninitialized>true</uninitialized>
         <run_address>0xae0</run_address>
         <size>0x10</size>
         <input_file_ref idref="fl-1a"/>
      </object_component>
      <object_component id="oc-ce">
         <name>AdcMirrorFile</name>
         <uninitialized>true</uninitialized>
         <run_address>0xb00</run_address>
         <size>0x10</size>
         <input_file_ref idref="fl-1a"/>
      </object_component>
      <object_component id="oc-d7">
         <name>XintfRegsFile</name>
         <uninitialized>true</uninitialized>
         <run_address>0xb20</run_address>
         <size>0x1e</size>
         <input_file_ref idref="fl-1a"/>
      </object_component>
      <object_component id="oc-c8">
         <name>CpuTimer0RegsFile</name>
         <uninitialized>true</uninitialized>
         <run_address>0xc00</run_address>
         <size>0x8</size>
         <input_file_ref idref="fl-1a"/>
      </object_component>
      <object_component id="oc-c9">
         <name>CpuTimer1RegsFile</name>
         <uninitialized>true</uninitialized>
         <run_address>0xc08</run_address>
         <size>0x8</size>
         <input_file_ref idref="fl-1a"/>
      </object_component>
      <object_component id="oc-ca">
         <name>CpuTimer2RegsFile</name>
         <uninitialized>true</uninitialized>
         <run_address>0xc10</run_address>
         <size>0x8</size>
         <input_file_ref idref="fl-1a"/>
      </object_component>
      <object_component id="oc-d5">
         <name>PieCtrlRegsFile</name>
         <uninitialized>true</uninitialized>
         <run_address>0xce0</run_address>
         <size>0x1a</size>
         <input_file_ref idref="fl-1a"/>
      </object_component>
      <object_component id="oc-f5">
         <name>DmaRegsFile</name>
         <uninitialized>true</uninitialized>
         <run_address>0x1000</run_address>
         <size>0xe0</size>
         <input_file_ref idref="fl-1a"/>
      </object_component>
      <object_component id="oc-e7">
         <name>McbspaRegsFile</name>
         <uninitialized>true</uninitialized>
         <run_address>0x5000</run_address>
         <size>0x25</size>
         <input_file_ref idref="fl-1a"/>
      </object_component>
      <object_component id="oc-e8">
         <name>McbspbRegsFile</name>
         <uninitialized>true</uninitialized>
         <run_address>0x5040</run_address>
         <size>0x25</size>
         <input_file_ref idref="fl-1a"/>
      </object_component>
      <object_component id="oc-ea">
         <name>ECanaRegsFile</name>
         <uninitialized>true</uninitialized>
         <run_address>0x6000</run_address>
         <size>0x34</size>
         <input_file_ref idref="fl-1a"/>
      </object_component>
      <object_component id="oc-ec">
         <name>ECanaLAMRegsFile</name>
         <uninitialized>true</uninitialized>
         <run_address>0x6040</run_address>
         <size>0x40</size>
         <input_file_ref idref="fl-1a"/>
      </object_component>
      <object_component id="oc-f6">
         <name>ECanaMboxesFile</name>
         <uninitialized>true</uninitialized>
         <run_address>0x6100</run_address>
         <size>0x100</size>
         <input_file_ref idref="fl-1a"/>
      </object_component>
      <object_component id="oc-ed">
         <name>ECanaMOTSRegsFile</name>
         <uninitialized>true</uninitialized>
         <run_address>0x6080</run_address>
         <size>0x40</size>
         <input_file_ref idref="fl-1a"/>
      </object_component>
      <object_component id="oc-ee">
         <name>ECanaMOTORegsFile</name>
         <uninitialized>true</uninitialized>
         <run_address>0x60c0</run_address>
         <size>0x40</size>
         <input_file_ref idref="fl-1a"/>
      </object_component>
      <object_component id="oc-eb">
         <name>ECanbRegsFile</name>
         <uninitialized>true</uninitialized>
         <run_address>0x6200</run_address>
         <size>0x34</size>
         <input_file_ref idref="fl-1a"/>
      </object_component>
      <object_component id="oc-ef">
         <name>ECanbLAMRegsFile</name>
         <uninitialized>true</uninitialized>
         <run_address>0x6240</run_address>
         <size>0x40</size>
         <input_file_ref idref="fl-1a"/>
      </object_component>
      <object_component id="oc-f7">
         <name>ECanbMboxesFile</name>
         <uninitialized>true</uninitialized>
         <run_address>0x6300</run_address>
         <size>0x100</size>
         <input_file_ref idref="fl-1a"/>
      </object_component>
      <object_component id="oc-f0">
         <name>ECanbMOTSRegsFile</name>
         <uninitialized>true</uninitialized>
         <run_address>0x6280</run_address>
         <size>0x40</size>
         <input_file_ref idref="fl-1a"/>
      </object_component>
      <object_component id="oc-f1">
         <name>ECanbMOTORegsFile</name>
         <uninitialized>true</uninitialized>
         <run_address>0x62c0</run_address>
         <size>0x40</size>
         <input_file_ref idref="fl-1a"/>
      </object_component>
      <object_component id="oc-e0">
         <name>EPwm1RegsFile</name>
         <uninitialized>true</uninitialized>
         <run_address>0x6800</run_address>
         <size>0x22</size>
         <input_file_ref idref="fl-1a"/>
      </object_component>
      <object_component id="oc-e1">
         <name>EPwm2RegsFile</name>
         <uninitialized>true</uninitialized>
         <run_address>0x6840</run_address>
         <size>0x22</size>
         <input_file_ref idref="fl-1a"/>
      </object_component>
      <object_component id="oc-e2">
         <name>EPwm3RegsFile</name>
         <uninitialized>true</uninitialized>
         <run_address>0x6880</run_address>
         <size>0x22</size>
         <input_file_ref idref="fl-1a"/>
      </object_component>
      <object_component id="oc-e3">
         <name>EPwm4RegsFile</name>
         <uninitialized>true</uninitialized>
         <run_address>0x68c0</run_address>
         <size>0x22</size>
         <input_file_ref idref="fl-1a"/>
      </object_component>
      <object_component id="oc-e4">
         <name>EPwm5RegsFile</name>
         <uninitialized>true</uninitialized>
         <run_address>0x6900</run_address>
         <size>0x22</size>
         <input_file_ref idref="fl-1a"/>
      </object_component>
      <object_component id="oc-e5">
         <name>EPwm6RegsFile</name>
         <uninitialized>true</uninitialized>
         <run_address>0x6940</run_address>
         <size>0x22</size>
         <input_file_ref idref="fl-1a"/>
      </object_component>
      <object_component id="oc-d8">
         <name>ECap1RegsFile</name>
         <uninitialized>true</uninitialized>
         <run_address>0x6a00</run_address>
         <size>0x20</size>
         <input_file_ref idref="fl-1a"/>
      </object_component>
      <object_component id="oc-d9">
         <name>ECap2RegsFile</name>
         <uninitialized>true</uninitialized>
         <run_address>0x6a20</run_address>
         <size>0x20</size>
         <input_file_ref idref="fl-1a"/>
      </object_component>
      <object_component id="oc-da">
         <name>ECap3RegsFile</name>
         <uninitialized>true</uninitialized>
         <run_address>0x6a40</run_address>
         <size>0x20</size>
         <input_file_ref idref="fl-1a"/>
      </object_component>
      <object_component id="oc-db">
         <name>ECap4RegsFile</name>
         <uninitialized>true</uninitialized>
         <run_address>0x6a60</run_address>
         <size>0x20</size>
         <input_file_ref idref="fl-1a"/>
      </object_component>
      <object_component id="oc-dc">
         <name>ECap5RegsFile</name>
         <uninitialized>true</uninitialized>
         <run_address>0x6a80</run_address>
         <size>0x20</size>
         <input_file_ref idref="fl-1a"/>
      </object_component>
      <object_component id="oc-dd">
         <name>ECap6RegsFile</name>
         <uninitialized>true</uninitialized>
         <run_address>0x6aa0</run_address>
         <size>0x20</size>
         <input_file_ref idref="fl-1a"/>
      </object_component>
      <object_component id="oc-f2">
         <name>EQep1RegsFile</name>
         <uninitialized>true</uninitialized>
         <run_address>0x6b00</run_address>
         <size>0x40</size>
         <input_file_ref idref="fl-1a"/>
      </object_component>
      <object_component id="oc-f3">
         <name>EQep2RegsFile</name>
         <uninitialized>true</uninitialized>
         <run_address>0x6b40</run_address>
         <size>0x40</size>
         <input_file_ref idref="fl-1a"/>
      </object_component>
      <object_component id="oc-e9">
         <name>GpioCtrlRegsFile</name>
         <uninitialized>true</uninitialized>
         <run_address>0x6f80</run_address>
         <size>0x2e</size>
         <input_file_ref idref="fl-1a"/>
      </object_component>
      <object_component id="oc-de">
         <name>GpioDataRegsFile</name>
         <uninitialized>true</uninitialized>
         <run_address>0x6fc0</run_address>
         <size>0x20</size>
         <input_file_ref idref="fl-1a"/>
      </object_component>
      <object_component id="oc-cd">
         <name>GpioIntRegsFile</name>
         <uninitialized>true</uninitialized>
         <run_address>0x6fe0</run_address>
         <size>0xa</size>
         <input_file_ref idref="fl-1a"/>
      </object_component>
      <object_component id="oc-df">
         <name>SysCtrlRegsFile</name>
         <uninitialized>true</uninitialized>
         <run_address>0x7010</run_address>
         <size>0x20</size>
         <input_file_ref idref="fl-1a"/>
      </object_component>
      <object_component id="oc-d3">
         <name>SpiaRegsFile</name>
         <uninitialized>true</uninitialized>
         <run_address>0x7040</run_address>
         <size>0x10</size>
         <input_file_ref idref="fl-1a"/>
      </object_component>
      <object_component id="oc-d0">
         <name>SciaRegsFile</name>
         <uninitialized>true</uninitialized>
         <run_address>0x7050</run_address>
         <size>0x10</size>
         <input_file_ref idref="fl-1a"/>
      </object_component>
      <object_component id="oc-d4">
         <name>XIntruptRegsFile</name>
         <uninitialized>true</uninitialized>
         <run_address>0x7070</run_address>
         <size>0x10</size>
         <input_file_ref idref="fl-1a"/>
      </object_component>
      <object_component id="oc-d6">
         <name>AdcRegsFile</name>
         <uninitialized>true</uninitialized>
         <run_address>0x7100</run_address>
         <size>0x1e</size>
         <input_file_ref idref="fl-1a"/>
      </object_component>
      <object_component id="oc-d1">
         <name>ScibRegsFile</name>
         <uninitialized>true</uninitialized>
         <run_address>0x7750</run_address>
         <size>0x10</size>
         <input_file_ref idref="fl-1a"/>
      </object_component>
      <object_component id="oc-d2">
         <name>ScicRegsFile</name>
         <uninitialized>true</uninitialized>
         <run_address>0x7770</run_address>
         <size>0x10</size>
         <input_file_ref idref="fl-1a"/>
      </object_component>
      <object_component id="oc-e6">
         <name>I2caRegsFile</name>
         <uninitialized>true</uninitialized>
         <run_address>0x7900</run_address>
         <size>0x22</size>
         <input_file_ref idref="fl-1a"/>
      </object_component>
      <object_component id="oc-cb">
         <name>CsmPwlFile</name>
         <uninitialized>true</uninitialized>
         <run_address>0x33fff8</run_address>
         <size>0x8</size>
         <input_file_ref idref="fl-1a"/>
      </object_component>
      <object_component id="oc-c7">
         <name>PartIdRegsFile</name>
         <uninitialized>true</uninitialized>
         <run_address>0x380090</run_address>
         <size>0x1</size>
         <input_file_ref idref="fl-1a"/>
      </object_component>
      <object_component id="oc-4f">
         <name>.debug_line</name>
         <load_address>0x0</load_address>
         <run_address>0x0</run_address>
         <size>0x60</size>
         <input_file_ref idref="fl-2"/>
      </object_component>
      <object_component id="oc-55">
         <name>.debug_line</name>
         <load_address>0x60</load_address>
         <run_address>0x60</run_address>
         <size>0x49</size>
         <input_file_ref idref="fl-3"/>
      </object_component>
      <object_component id="oc-5c">
         <name>.debug_line</name>
         <load_address>0xa9</load_address>
         <run_address>0xa9</run_address>
         <size>0x78</size>
         <input_file_ref idref="fl-5"/>
      </object_component>
      <object_component id="oc-63">
         <name>.debug_line</name>
         <load_address>0x121</load_address>
         <run_address>0x121</run_address>
         <size>0x9b</size>
         <input_file_ref idref="fl-6"/>
      </object_component>
      <object_component id="oc-67">
         <name>.debug_line</name>
         <load_address>0x1bc</load_address>
         <run_address>0x1bc</run_address>
         <size>0x5e</size>
         <input_file_ref idref="fl-7"/>
      </object_component>
      <object_component id="oc-6d">
         <name>.debug_line</name>
         <load_address>0x21a</load_address>
         <run_address>0x21a</run_address>
         <size>0x49</size>
         <input_file_ref idref="fl-8"/>
      </object_component>
      <object_component id="oc-73">
         <name>.debug_line</name>
         <load_address>0x263</load_address>
         <run_address>0x263</run_address>
         <size>0x765</size>
         <input_file_ref idref="fl-9"/>
      </object_component>
      <object_component id="oc-77">
         <name>.debug_line</name>
         <load_address>0x9c8</load_address>
         <run_address>0x9c8</run_address>
         <size>0x62</size>
         <input_file_ref idref="fl-a"/>
      </object_component>
      <object_component id="oc-7d">
         <name>.debug_line</name>
         <load_address>0xa2a</load_address>
         <run_address>0xa2a</run_address>
         <size>0x4a</size>
         <input_file_ref idref="fl-b"/>
      </object_component>
      <object_component id="oc-82">
         <name>.debug_line</name>
         <load_address>0xa74</load_address>
         <run_address>0xa74</run_address>
         <size>0x4a</size>
         <input_file_ref idref="fl-c"/>
      </object_component>
      <object_component id="oc-87">
         <name>.debug_line</name>
         <load_address>0xabe</load_address>
         <run_address>0xabe</run_address>
         <size>0x4a</size>
         <input_file_ref idref="fl-d"/>
      </object_component>
      <object_component id="oc-8c">
         <name>.debug_line</name>
         <load_address>0xb08</load_address>
         <run_address>0xb08</run_address>
         <size>0x4a</size>
         <input_file_ref idref="fl-e"/>
      </object_component>
      <object_component id="oc-91">
         <name>.debug_line</name>
         <load_address>0xb52</load_address>
         <run_address>0xb52</run_address>
         <size>0x73</size>
         <input_file_ref idref="fl-f"/>
      </object_component>
      <object_component id="oc-96">
         <name>.debug_line</name>
         <load_address>0xbc5</load_address>
         <run_address>0xbc5</run_address>
         <size>0x49</size>
         <input_file_ref idref="fl-10"/>
      </object_component>
      <object_component id="oc-9b">
         <name>.debug_line</name>
         <load_address>0xc0e</load_address>
         <run_address>0xc0e</run_address>
         <size>0x4b</size>
         <input_file_ref idref="fl-11"/>
      </object_component>
      <object_component id="oc-a0">
         <name>.debug_line</name>
         <load_address>0xc59</load_address>
         <run_address>0xc59</run_address>
         <size>0x4d</size>
         <input_file_ref idref="fl-12"/>
      </object_component>
      <object_component id="oc-a5">
         <name>.debug_line</name>
         <load_address>0xca6</load_address>
         <run_address>0xca6</run_address>
         <size>0x9d</size>
         <input_file_ref idref="fl-13"/>
      </object_component>
      <object_component id="oc-aa">
         <name>.debug_line</name>
         <load_address>0xd43</load_address>
         <run_address>0xd43</run_address>
         <size>0x7f</size>
         <input_file_ref idref="fl-14"/>
      </object_component>
      <object_component id="oc-af">
         <name>.debug_line</name>
         <load_address>0xdc2</load_address>
         <run_address>0xdc2</run_address>
         <size>0xd6</size>
         <input_file_ref idref="fl-15"/>
      </object_component>
      <object_component id="oc-b4">
         <name>.debug_line</name>
         <load_address>0xe98</load_address>
         <run_address>0xe98</run_address>
         <size>0x49</size>
         <input_file_ref idref="fl-16"/>
      </object_component>
      <object_component id="oc-b9">
         <name>.debug_line</name>
         <load_address>0xee1</load_address>
         <run_address>0xee1</run_address>
         <size>0x15c</size>
         <input_file_ref idref="fl-17"/>
      </object_component>
      <object_component id="oc-be">
         <name>.debug_line</name>
         <load_address>0x103d</load_address>
         <run_address>0x103d</run_address>
         <size>0x4b</size>
         <input_file_ref idref="fl-18"/>
      </object_component>
      <object_component id="oc-c2">
         <name>.debug_line</name>
         <load_address>0x1088</load_address>
         <run_address>0x1088</run_address>
         <size>0x5f</size>
         <input_file_ref idref="fl-19"/>
      </object_component>
      <object_component id="oc-fd">
         <name>.debug_line</name>
         <load_address>0x10e7</load_address>
         <run_address>0x10e7</run_address>
         <size>0x85d</size>
         <input_file_ref idref="fl-1b"/>
      </object_component>
      <object_component id="oc-105">
         <name>.debug_line</name>
         <load_address>0x1944</load_address>
         <run_address>0x1944</run_address>
         <size>0xb5</size>
         <input_file_ref idref="fl-1c"/>
      </object_component>
      <object_component id="oc-10b">
         <name>.debug_line</name>
         <load_address>0x19f9</load_address>
         <run_address>0x19f9</run_address>
         <size>0x1f4</size>
         <input_file_ref idref="fl-1d"/>
      </object_component>
      <object_component id="oc-110">
         <name>.debug_line</name>
         <load_address>0x1bed</load_address>
         <run_address>0x1bed</run_address>
         <size>0x7e</size>
         <input_file_ref idref="fl-2e"/>
      </object_component>
      <object_component id="oc-116">
         <name>.debug_line</name>
         <load_address>0x1c6b</load_address>
         <run_address>0x1c6b</run_address>
         <size>0x7e</size>
         <input_file_ref idref="fl-2f"/>
      </object_component>
      <object_component id="oc-11b">
         <name>.debug_line</name>
         <load_address>0x1ce9</load_address>
         <run_address>0x1ce9</run_address>
         <size>0x50</size>
         <input_file_ref idref="fl-30"/>
      </object_component>
      <object_component id="oc-120">
         <name>.debug_line</name>
         <load_address>0x1d39</load_address>
         <run_address>0x1d39</run_address>
         <size>0x62</size>
         <input_file_ref idref="fl-31"/>
      </object_component>
      <object_component id="oc-125">
         <name>.debug_line</name>
         <load_address>0x1d9b</load_address>
         <run_address>0x1d9b</run_address>
         <size>0x3e</size>
         <input_file_ref idref="fl-32"/>
      </object_component>
      <object_component id="oc-12a">
         <name>.debug_line</name>
         <load_address>0x1dd9</load_address>
         <run_address>0x1dd9</run_address>
         <size>0x3a</size>
         <input_file_ref idref="fl-33"/>
      </object_component>
      <object_component id="oc-131">
         <name>.debug_line</name>
         <load_address>0x1e13</load_address>
         <run_address>0x1e13</run_address>
         <size>0x65</size>
         <input_file_ref idref="fl-34"/>
      </object_component>
      <object_component id="oc-136">
         <name>.debug_line</name>
         <load_address>0x1e78</load_address>
         <run_address>0x1e78</run_address>
         <size>0x5e</size>
         <input_file_ref idref="fl-35"/>
      </object_component>
      <object_component id="oc-13b">
         <name>.debug_line</name>
         <load_address>0x1ed6</load_address>
         <run_address>0x1ed6</run_address>
         <size>0x4f</size>
         <input_file_ref idref="fl-36"/>
      </object_component>
      <object_component id="oc-140">
         <name>.debug_line</name>
         <load_address>0x1f25</load_address>
         <run_address>0x1f25</run_address>
         <size>0x55</size>
         <input_file_ref idref="fl-37"/>
      </object_component>
      <object_component id="oc-147">
         <name>.debug_line</name>
         <load_address>0x1f7a</load_address>
         <run_address>0x1f7a</run_address>
         <size>0xd46</size>
         <input_file_ref idref="fl-38"/>
      </object_component>
      <object_component id="oc-14c">
         <name>.debug_line</name>
         <load_address>0x2cc0</load_address>
         <run_address>0x2cc0</run_address>
         <size>0x40</size>
         <input_file_ref idref="fl-39"/>
      </object_component>
      <object_component id="oc-151">
         <name>.debug_line</name>
         <load_address>0x2d00</load_address>
         <run_address>0x2d00</run_address>
         <size>0x60</size>
         <input_file_ref idref="fl-3a"/>
      </object_component>
      <object_component id="oc-156">
         <name>.debug_line</name>
         <load_address>0x2d60</load_address>
         <run_address>0x2d60</run_address>
         <size>0xa2</size>
         <input_file_ref idref="fl-3b"/>
      </object_component>
      <object_component id="oc-15b">
         <name>.debug_line</name>
         <load_address>0x2e02</load_address>
         <run_address>0x2e02</run_address>
         <size>0x45</size>
         <input_file_ref idref="fl-3c"/>
      </object_component>
      <object_component id="oc-160">
         <name>.debug_line</name>
         <load_address>0x2e47</load_address>
         <run_address>0x2e47</run_address>
         <size>0x49</size>
         <input_file_ref idref="fl-3d"/>
      </object_component>
      <object_component id="oc-165">
         <name>.debug_line</name>
         <load_address>0x2e90</load_address>
         <run_address>0x2e90</run_address>
         <size>0x59</size>
         <input_file_ref idref="fl-3e"/>
      </object_component>
      <object_component id="oc-16a">
         <name>.debug_line</name>
         <load_address>0x2ee9</load_address>
         <run_address>0x2ee9</run_address>
         <size>0x58</size>
         <input_file_ref idref="fl-3f"/>
      </object_component>
      <object_component id="oc-16f">
         <name>.debug_line</name>
         <load_address>0x2f41</load_address>
         <run_address>0x2f41</run_address>
         <size>0x6c</size>
         <input_file_ref idref="fl-40"/>
      </object_component>
      <object_component id="oc-174">
         <name>.debug_line</name>
         <load_address>0x2fad</load_address>
         <run_address>0x2fad</run_address>
         <size>0x63</size>
         <input_file_ref idref="fl-41"/>
      </object_component>
      <object_component id="oc-179">
         <name>.debug_line</name>
         <load_address>0x3010</load_address>
         <run_address>0x3010</run_address>
         <size>0x16b</size>
         <input_file_ref idref="fl-42"/>
      </object_component>
      <object_component id="oc-17e">
         <name>.debug_line</name>
         <load_address>0x317b</load_address>
         <run_address>0x317b</run_address>
         <size>0x57</size>
         <input_file_ref idref="fl-43"/>
      </object_component>
      <object_component id="oc-183">
         <name>.debug_line</name>
         <load_address>0x31d2</load_address>
         <run_address>0x31d2</run_address>
         <size>0x56</size>
         <input_file_ref idref="fl-44"/>
      </object_component>
      <object_component id="oc-188">
         <name>.debug_line</name>
         <load_address>0x3228</load_address>
         <run_address>0x3228</run_address>
         <size>0x58</size>
         <input_file_ref idref="fl-45"/>
      </object_component>
      <object_component id="oc-18d">
         <name>.debug_line</name>
         <load_address>0x3280</load_address>
         <run_address>0x3280</run_address>
         <size>0xb3</size>
         <input_file_ref idref="fl-46"/>
      </object_component>
      <object_component id="oc-192">
         <name>.debug_line</name>
         <load_address>0x3333</load_address>
         <run_address>0x3333</run_address>
         <size>0x60</size>
         <input_file_ref idref="fl-47"/>
      </object_component>
      <object_component id="oc-197">
         <name>.debug_line</name>
         <load_address>0x3393</load_address>
         <run_address>0x3393</run_address>
         <size>0x6a</size>
         <input_file_ref idref="fl-48"/>
      </object_component>
      <object_component id="oc-19e">
         <name>.debug_line</name>
         <load_address>0x33fd</load_address>
         <run_address>0x33fd</run_address>
         <size>0x54</size>
         <input_file_ref idref="fl-4a"/>
      </object_component>
      <object_component id="oc-1a3">
         <name>.debug_line</name>
         <load_address>0x3451</load_address>
         <run_address>0x3451</run_address>
         <size>0xb1</size>
         <input_file_ref idref="fl-4b"/>
      </object_component>
      <object_component id="oc-1a8">
         <name>.debug_line</name>
         <load_address>0x3502</load_address>
         <run_address>0x3502</run_address>
         <size>0xaf</size>
         <input_file_ref idref="fl-4c"/>
      </object_component>
      <object_component id="oc-1ad">
         <name>.debug_line</name>
         <load_address>0x35b1</load_address>
         <run_address>0x35b1</run_address>
         <size>0xa8</size>
         <input_file_ref idref="fl-4d"/>
      </object_component>
      <object_component id="oc-1b2">
         <name>.debug_line</name>
         <load_address>0x3659</load_address>
         <run_address>0x3659</run_address>
         <size>0xae</size>
         <input_file_ref idref="fl-4e"/>
      </object_component>
      <object_component id="oc-1b8">
         <name>.debug_line</name>
         <load_address>0x3707</load_address>
         <run_address>0x3707</run_address>
         <size>0x58</size>
         <input_file_ref idref="fl-4f"/>
      </object_component>
      <object_component id="oc-1be">
         <name>.debug_line</name>
         <load_address>0x375f</load_address>
         <run_address>0x375f</run_address>
         <size>0x72</size>
         <input_file_ref idref="fl-50"/>
      </object_component>
      <object_component id="oc-1c3">
         <name>.debug_line</name>
         <load_address>0x37d1</load_address>
         <run_address>0x37d1</run_address>
         <size>0x42</size>
         <input_file_ref idref="fl-51"/>
      </object_component>
      <object_component id="oc-1c8">
         <name>.debug_line</name>
         <load_address>0x3813</load_address>
         <run_address>0x3813</run_address>
         <size>0xc4</size>
         <input_file_ref idref="fl-52"/>
      </object_component>
      <object_component id="oc-1cd">
         <name>.debug_line</name>
         <load_address>0x38d7</load_address>
         <run_address>0x38d7</run_address>
         <size>0x8e</size>
         <input_file_ref idref="fl-53"/>
      </object_component>
      <object_component id="oc-50">
         <name>.debug_info</name>
         <load_address>0x0</load_address>
         <run_address>0x0</run_address>
         <size>0x120</size>
         <input_file_ref idref="fl-2"/>
      </object_component>
      <object_component id="oc-53">
         <name>.debug_info</name>
         <load_address>0x120</load_address>
         <run_address>0x120</run_address>
         <size>0x1e7f</size>
         <input_file_ref idref="fl-3"/>
      </object_component>
      <object_component id="oc-5d">
         <name>.debug_info</name>
         <load_address>0x1f9f</load_address>
         <run_address>0x1f9f</run_address>
         <size>0x16e</size>
         <input_file_ref idref="fl-5"/>
      </object_component>
      <object_component id="oc-60">
         <name>.debug_info</name>
         <load_address>0x210d</load_address>
         <run_address>0x210d</run_address>
         <size>0x9dd</size>
         <input_file_ref idref="fl-6"/>
      </object_component>
      <object_component id="oc-68">
         <name>.debug_info</name>
         <load_address>0x2aea</load_address>
         <run_address>0x2aea</run_address>
         <size>0x11e</size>
         <input_file_ref idref="fl-7"/>
      </object_component>
      <object_component id="oc-6b">
         <name>.debug_info</name>
         <load_address>0x2c08</load_address>
         <run_address>0x2c08</run_address>
         <size>0x1710</size>
         <input_file_ref idref="fl-8"/>
      </object_component>
      <object_component id="oc-70">
         <name>.debug_info</name>
         <load_address>0x4318</load_address>
         <run_address>0x4318</run_address>
         <size>0x2e1e</size>
         <input_file_ref idref="fl-9"/>
      </object_component>
      <object_component id="oc-78">
         <name>.debug_info</name>
         <load_address>0x7136</load_address>
         <run_address>0x7136</run_address>
         <size>0x124</size>
         <input_file_ref idref="fl-a"/>
      </object_component>
      <object_component id="oc-7b">
         <name>.debug_info</name>
         <load_address>0x725a</load_address>
         <run_address>0x725a</run_address>
         <size>0x5d77</size>
         <input_file_ref idref="fl-b"/>
      </object_component>
      <object_component id="oc-80">
         <name>.debug_info</name>
         <load_address>0xcfd1</load_address>
         <run_address>0xcfd1</run_address>
         <size>0x1b85</size>
         <input_file_ref idref="fl-c"/>
      </object_component>
      <object_component id="oc-85">
         <name>.debug_info</name>
         <load_address>0xeb56</load_address>
         <run_address>0xeb56</run_address>
         <size>0x1b85</size>
         <input_file_ref idref="fl-d"/>
      </object_component>
      <object_component id="oc-8a">
         <name>.debug_info</name>
         <load_address>0x106db</load_address>
         <run_address>0x106db</run_address>
         <size>0x1b85</size>
         <input_file_ref idref="fl-e"/>
      </object_component>
      <object_component id="oc-8f">
         <name>.debug_info</name>
         <load_address>0x12260</load_address>
         <run_address>0x12260</run_address>
         <size>0x1c06</size>
         <input_file_ref idref="fl-f"/>
      </object_component>
      <object_component id="oc-94">
         <name>.debug_info</name>
         <load_address>0x13e66</load_address>
         <run_address>0x13e66</run_address>
         <size>0x1b84</size>
         <input_file_ref idref="fl-10"/>
      </object_component>
      <object_component id="oc-99">
         <name>.debug_info</name>
         <load_address>0x159ea</load_address>
         <run_address>0x159ea</run_address>
         <size>0x49a4</size>
         <input_file_ref idref="fl-11"/>
      </object_component>
      <object_component id="oc-9e">
         <name>.debug_info</name>
         <load_address>0x1a38e</load_address>
         <run_address>0x1a38e</run_address>
         <size>0x350</size>
         <input_file_ref idref="fl-12"/>
      </object_component>
      <object_component id="oc-a3">
         <name>.debug_info</name>
         <load_address>0x1a6de</load_address>
         <run_address>0x1a6de</run_address>
         <size>0xb85</size>
         <input_file_ref idref="fl-13"/>
      </object_component>
      <object_component id="oc-a8">
         <name>.debug_info</name>
         <load_address>0x1b263</load_address>
         <run_address>0x1b263</run_address>
         <size>0x22e3</size>
         <input_file_ref idref="fl-14"/>
      </object_component>
      <object_component id="oc-ad">
         <name>.debug_info</name>
         <load_address>0x1d546</load_address>
         <run_address>0x1d546</run_address>
         <size>0x1e6a</size>
         <input_file_ref idref="fl-15"/>
      </object_component>
      <object_component id="oc-b2">
         <name>.debug_info</name>
         <load_address>0x1f3b0</load_address>
         <run_address>0x1f3b0</run_address>
         <size>0x1b84</size>
         <input_file_ref idref="fl-16"/>
      </object_component>
      <object_component id="oc-b7">
         <name>.debug_info</name>
         <load_address>0x20f34</load_address>
         <run_address>0x20f34</run_address>
         <size>0x2156</size>
         <input_file_ref idref="fl-17"/>
      </object_component>
      <object_component id="oc-bc">
         <name>.debug_info</name>
         <load_address>0x2308a</load_address>
         <run_address>0x2308a</run_address>
         <size>0x213c</size>
         <input_file_ref idref="fl-18"/>
      </object_component>
      <object_component id="oc-c3">
         <name>.debug_info</name>
         <load_address>0x251c6</load_address>
         <run_address>0x251c6</run_address>
         <size>0x120</size>
         <input_file_ref idref="fl-19"/>
      </object_component>
      <object_component id="oc-c6">
         <name>.debug_info</name>
         <load_address>0x252e6</load_address>
         <run_address>0x252e6</run_address>
         <size>0x1343d</size>
         <input_file_ref idref="fl-1a"/>
      </object_component>
      <object_component id="oc-fa">
         <name>.debug_info</name>
         <load_address>0x38723</load_address>
         <run_address>0x38723</run_address>
         <size>0x36f9</size>
         <input_file_ref idref="fl-1b"/>
      </object_component>
      <object_component id="oc-100">
         <name>.debug_info</name>
         <load_address>0x3be1c</load_address>
         <run_address>0x3be1c</run_address>
         <size>0x26a6</size>
         <input_file_ref idref="fl-1c"/>
      </object_component>
      <object_component id="oc-108">
         <name>.debug_info</name>
         <load_address>0x3e4c2</load_address>
         <run_address>0x3e4c2</run_address>
         <size>0x2392</size>
         <input_file_ref idref="fl-1d"/>
      </object_component>
      <object_component id="oc-10e">
         <name>.debug_info</name>
         <load_address>0x40854</load_address>
         <run_address>0x40854</run_address>
         <size>0x64c</size>
         <input_file_ref idref="fl-2e"/>
      </object_component>
      <object_component id="oc-115">
         <name>.debug_info</name>
         <load_address>0x40ea0</load_address>
         <run_address>0x40ea0</run_address>
         <size>0x173</size>
         <input_file_ref idref="fl-2f"/>
      </object_component>
      <object_component id="oc-119">
         <name>.debug_info</name>
         <load_address>0x41013</load_address>
         <run_address>0x41013</run_address>
         <size>0x561</size>
         <input_file_ref idref="fl-30"/>
      </object_component>
      <object_component id="oc-11e">
         <name>.debug_info</name>
         <load_address>0x41574</load_address>
         <run_address>0x41574</run_address>
         <size>0x43a</size>
         <input_file_ref idref="fl-31"/>
      </object_component>
      <object_component id="oc-123">
         <name>.debug_info</name>
         <load_address>0x419ae</load_address>
         <run_address>0x419ae</run_address>
         <size>0x3ad</size>
         <input_file_ref idref="fl-32"/>
      </object_component>
      <object_component id="oc-128">
         <name>.debug_info</name>
         <load_address>0x41d5b</load_address>
         <run_address>0x41d5b</run_address>
         <size>0x3aa</size>
         <input_file_ref idref="fl-33"/>
      </object_component>
      <object_component id="oc-12d">
         <name>.debug_info</name>
         <load_address>0x42105</load_address>
         <run_address>0x42105</run_address>
         <size>0x544</size>
         <input_file_ref idref="fl-34"/>
      </object_component>
      <object_component id="oc-134">
         <name>.debug_info</name>
         <load_address>0x42649</load_address>
         <run_address>0x42649</run_address>
         <size>0x4cc</size>
         <input_file_ref idref="fl-35"/>
      </object_component>
      <object_component id="oc-139">
         <name>.debug_info</name>
         <load_address>0x42b15</load_address>
         <run_address>0x42b15</run_address>
         <size>0x467</size>
         <input_file_ref idref="fl-36"/>
      </object_component>
      <object_component id="oc-13e">
         <name>.debug_info</name>
         <load_address>0x42f7c</load_address>
         <run_address>0x42f7c</run_address>
         <size>0x459</size>
         <input_file_ref idref="fl-37"/>
      </object_component>
      <object_component id="oc-143">
         <name>.debug_info</name>
         <load_address>0x433d5</load_address>
         <run_address>0x433d5</run_address>
         <size>0x26e8</size>
         <input_file_ref idref="fl-38"/>
      </object_component>
      <object_component id="oc-14a">
         <name>.debug_info</name>
         <load_address>0x45abd</load_address>
         <run_address>0x45abd</run_address>
         <size>0x40c</size>
         <input_file_ref idref="fl-39"/>
      </object_component>
      <object_component id="oc-150">
         <name>.debug_info</name>
         <load_address>0x45ec9</load_address>
         <run_address>0x45ec9</run_address>
         <size>0x120</size>
         <input_file_ref idref="fl-3a"/>
      </object_component>
      <object_component id="oc-155">
         <name>.debug_info</name>
         <load_address>0x45fe9</load_address>
         <run_address>0x45fe9</run_address>
         <size>0x114</size>
         <input_file_ref idref="fl-3b"/>
      </object_component>
      <object_component id="oc-15a">
         <name>.debug_info</name>
         <load_address>0x460fd</load_address>
         <run_address>0x460fd</run_address>
         <size>0x114</size>
         <input_file_ref idref="fl-3c"/>
      </object_component>
      <object_component id="oc-15f">
         <name>.debug_info</name>
         <load_address>0x46211</load_address>
         <run_address>0x46211</run_address>
         <size>0x122</size>
         <input_file_ref idref="fl-3d"/>
      </object_component>
      <object_component id="oc-164">
         <name>.debug_info</name>
         <load_address>0x46333</load_address>
         <run_address>0x46333</run_address>
         <size>0x114</size>
         <input_file_ref idref="fl-3e"/>
      </object_component>
      <object_component id="oc-169">
         <name>.debug_info</name>
         <load_address>0x46447</load_address>
         <run_address>0x46447</run_address>
         <size>0x114</size>
         <input_file_ref idref="fl-3f"/>
      </object_component>
      <object_component id="oc-16e">
         <name>.debug_info</name>
         <load_address>0x4655b</load_address>
         <run_address>0x4655b</run_address>
         <size>0x176</size>
         <input_file_ref idref="fl-40"/>
      </object_component>
      <object_component id="oc-173">
         <name>.debug_info</name>
         <load_address>0x466d1</load_address>
         <run_address>0x466d1</run_address>
         <size>0x14e</size>
         <input_file_ref idref="fl-41"/>
      </object_component>
      <object_component id="oc-178">
         <name>.debug_info</name>
         <load_address>0x4681f</load_address>
         <run_address>0x4681f</run_address>
         <size>0x231</size>
         <input_file_ref idref="fl-42"/>
      </object_component>
      <object_component id="oc-17d">
         <name>.debug_info</name>
         <load_address>0x46a50</load_address>
         <run_address>0x46a50</run_address>
         <size>0x118</size>
         <input_file_ref idref="fl-43"/>
      </object_component>
      <object_component id="oc-182">
         <name>.debug_info</name>
         <load_address>0x46b68</load_address>
         <run_address>0x46b68</run_address>
         <size>0x118</size>
         <input_file_ref idref="fl-44"/>
      </object_component>
      <object_component id="oc-187">
         <name>.debug_info</name>
         <load_address>0x46c80</load_address>
         <run_address>0x46c80</run_address>
         <size>0x11a</size>
         <input_file_ref idref="fl-45"/>
      </object_component>
      <object_component id="oc-18c">
         <name>.debug_info</name>
         <load_address>0x46d9a</load_address>
         <run_address>0x46d9a</run_address>
         <size>0x114</size>
         <input_file_ref idref="fl-46"/>
      </object_component>
      <object_component id="oc-190">
         <name>.debug_info</name>
         <load_address>0x46eae</load_address>
         <run_address>0x46eae</run_address>
         <size>0x46c</size>
         <input_file_ref idref="fl-47"/>
      </object_component>
      <object_component id="oc-195">
         <name>.debug_info</name>
         <load_address>0x4731a</load_address>
         <run_address>0x4731a</run_address>
         <size>0x41f</size>
         <input_file_ref idref="fl-48"/>
      </object_component>
      <object_component id="oc-19a">
         <name>.debug_info</name>
         <load_address>0x47739</load_address>
         <run_address>0x47739</run_address>
         <size>0x1e7</size>
         <input_file_ref idref="fl-49"/>
      </object_component>
      <object_component id="oc-19c">
         <name>.debug_info</name>
         <load_address>0x47920</load_address>
         <run_address>0x47920</run_address>
         <size>0x45e</size>
         <input_file_ref idref="fl-4a"/>
      </object_component>
      <object_component id="oc-1a1">
         <name>.debug_info</name>
         <load_address>0x47d7e</load_address>
         <run_address>0x47d7e</run_address>
         <size>0x502</size>
         <input_file_ref idref="fl-4b"/>
      </object_component>
      <object_component id="oc-1a6">
         <name>.debug_info</name>
         <load_address>0x48280</load_address>
         <run_address>0x48280</run_address>
         <size>0x4f1</size>
         <input_file_ref idref="fl-4c"/>
      </object_component>
      <object_component id="oc-1ab">
         <name>.debug_info</name>
         <load_address>0x48771</load_address>
         <run_address>0x48771</run_address>
         <size>0x4e5</size>
         <input_file_ref idref="fl-4d"/>
      </object_component>
      <object_component id="oc-1b0">
         <name>.debug_info</name>
         <load_address>0x48c56</load_address>
         <run_address>0x48c56</run_address>
         <size>0x4aa</size>
         <input_file_ref idref="fl-4e"/>
      </object_component>
      <object_component id="oc-1b5">
         <name>.debug_info</name>
         <load_address>0x49100</load_address>
         <run_address>0x49100</run_address>
         <size>0x4a6</size>
         <input_file_ref idref="fl-4f"/>
      </object_component>
      <object_component id="oc-1bb">
         <name>.debug_info</name>
         <load_address>0x495a6</load_address>
         <run_address>0x495a6</run_address>
         <size>0x532</size>
         <input_file_ref idref="fl-50"/>
      </object_component>
      <object_component id="oc-1c1">
         <name>.debug_info</name>
         <load_address>0x49ad8</load_address>
         <run_address>0x49ad8</run_address>
         <size>0x423</size>
[...]
         <name>_ECap1Regs</name>
         <value>0x6a00</value>
         <object_component_ref idref="oc-d8"/>
      </symbol>
      <symbol id="sm-2f1">
         <name>_EQep1Regs</name>
         <value>0x6b00</value>
         <object_component_ref idref="oc-f2"/>
      </symbol>
      <symbol id="sm-2f2">
         <name>_McbspaRegs</name>
         <value>0x5000</value>
         <object_component_ref idref="oc-e7"/>
      </symbol>
      <symbol id="sm-2f3">
         <name>_EPwm1Regs</name>
         <value>0x6800</value>
         <object_component_ref idref="oc-e0"/>
      </symbol>
      <symbol id="sm-2f4">
         <name>_ECanbRegs</name>
         <value>0x6200</value>
         <object_component_ref idref="oc-eb"/>
      </symbol>
      <symbol id="sm-2f5">
         <name>_ScibRegs</name>
         <value>0x7750</value>
         <object_component_ref idref="oc-d1"/>
      </symbol>
      <symbol id="sm-2f6">
         <name>_ECap2Regs</name>
         <value>0x6a20</value>
         <object_component_ref idref="oc-d9"/>
      </symbol>
      <symbol id="sm-2f7">
         <name>_GpioIntRegs</name>
         <value>0x6fe0</value>
         <object_component_ref idref="oc-cd"/>
      </symbol>
      <symbol id="sm-2f8">
         <name>_EQep2Regs</name>
         <value>0x6b40</value>
         <object_component_ref idref="oc-f3"/>
      </symbol>
      <symbol id="sm-2f9">
         <name>_PartIdRegs</name>
         <value>0x380090</value>
         <object_component_ref idref="oc-c7"/>
      </symbol>
      <symbol id="sm-2fa">
         <name>_EPwm2Regs</name>
         <value>0x6840</value>
         <object_component_ref idref="oc-e1"/>
      </symbol>
      <symbol id="sm-2fb">
         <name>_ECanaMboxes</name>
         <value>0x6100</value>
         <object_component_ref idref="oc-f6"/>
      </symbol>
      <symbol id="sm-2fc">
         <name>_ECap3Regs</name>
         <value>0x6a40</value>
         <object_component_ref idref="oc-da"/>
      </symbol>
      <symbol id="sm-2fd">
         <name>_ECanaMOTORegs</name>
         <value>0x60c0</value>
         <object_component_ref idref="oc-ee"/>
      </symbol>
      <symbol id="sm-2fe">
         <name>_EPwm3Regs</name>
         <value>0x6880</value>
         <object_component_ref idref="oc-e2"/>
      </symbol>
      <symbol id="sm-2ff">
         <name>_ECanbLAMRegs</name>
         <value>0x6240</value>
         <object_component_ref idref="oc-ef"/>
      </symbol>
      <symbol id="sm-300">
         <name>_I2caRegs</name>
         <value>0x7900</value>
         <object_component_ref idref="oc-e6"/>
      </symbol>
      <symbol id="sm-39f">
         <name>_as608_empty</name>
         <value>0xe0af</value>
         <object_component_ref idref="oc-1d9"/>
      </symbol>
      <symbol id="sm-3a0">
         <name>_as608_pin_set</name>
         <value>0xddb4</value>
         <object_component_ref idref="oc-1d9"/>
      </symbol>
      <symbol id="sm-3a1">
         <name>_as608_uart_process</name>
         <value>0xe51a</value>
         <object_component_ref idref="oc-1d9"/>
      </symbol>
      <symbol id="sm-3a2">
         <name>_as608_press_finger</name>
         <value>0xe3df</value>
         <object_component_ref idref="oc-1d9"/>
      </symbol>
      <symbol id="sm-3a3">
         <name>_as608_search</name>
         <value>0xdeb0</value>
         <object_component_ref idref="oc-1d9"/>
      </symbol>
      <symbol id="sm-3a4">
         <name>_as608_hand_shake</name>
         <value>0xe29b</value>
         <object_component_ref idref="oc-1d9"/>
      </symbol>
      <symbol id="sm-3a5">
         <name>_as608_store_char</name>
         <value>0xdfe6</value>
         <object_component_ref idref="oc-1d9"/>
      </symbol>
      <symbol id="sm-3a6">
         <name>_as608_get_image</name>
         <value>0xddd9</value>
         <object_component_ref idref="oc-1d9"/>
      </symbol>
      <symbol id="sm-3a7">
         <name>_as608_add_finger</name>
         <value>0xe2ea</value>
         <object_component_ref idref="oc-1d9"/>
      </symbol>
      <symbol id="sm-3a8">
         <name>_as608_read_sys_para</name>
         <value>0xe149</value>
         <object_component_ref idref="oc-1d9"/>
      </symbol>
      <symbol id="sm-3a9">
         <name>_as608_write_reg</name>
         <value>0xe0f4</value>
         <object_component_ref idref="oc-1d9"/>
      </symbol>
      <symbol id="sm-3aa">
         <name>_as608_init</name>
         <value>0xdda9</value>
         <object_component_ref idref="oc-1d9"/>
      </symbol>
      <symbol id="sm-3ab">
         <name>_as608_send_byte</name>
         <value>0xdda0</value>
         <object_component_ref idref="oc-1d9"/>
      </symbol>
      <symbol id="sm-3ac">
         <name>_as608_reset</name>
         <value>0xddb0</value>
         <object_component_ref idref="oc-1d9"/>
      </symbol>
      <symbol id="sm-3ad">
         <name>_as608_gen_char</name>
         <value>0xde1e</value>
         <object_component_ref idref="oc-1d9"/>
      </symbol>
      <symbol id="sm-3ae">
         <name>_as608_send_length</name>
         <value>0xe500</value>
         <object_component_ref idref="oc-1d9"/>
      </symbol>
      <symbol id="sm-3af">
         <name>_as608_send_cmd</name>
         <value>0xe50a</value>
         <object_component_ref idref="oc-1d9"/>
      </symbol>
      <symbol id="sm-3b0">
         <name>_as608_set_addr</name>
         <value>0xe1c6</value>
         <object_component_ref idref="oc-1d9"/>
      </symbol>
      <symbol id="sm-3b1">
         <name>_as608_send_flag</name>
         <value>0xe4fa</value>
         <object_component_ref idref="oc-1d9"/>
      </symbol>
      <symbol id="sm-3b2">
         <name>_as608_high_speed_search</name>
         <value>0xdf20</value>
         <object_component_ref idref="oc-1d9"/>
      </symbol>
      <symbol id="sm-3b3">
         <name>_as608_ensure_message</name>
         <value>0xe43f</value>
         <object_component_ref idref="oc-1d9"/>
      </symbol>
      <symbol id="sm-3b4">
         <name>_as608_reg_model</name>
         <value>0xdfa1</value>
         <object_component_ref idref="oc-1d9"/>
      </symbol>
      <symbol id="sm-3b5">
         <name>_as608_match</name>
         <value>0xde6b</value>
         <object_component_ref idref="oc-1d9"/>
      </symbol>
      <symbol id="sm-3b6">
         <name>_as608_send_check</name>
         <value>0xe510</value>
         <object_component_ref idref="oc-1d9"/>
      </symbol>
      <symbol id="sm-3b7">
         <name>_as608_valid_templete_num</name>
         <value>0xe240</value>
         <object_component_ref idref="oc-1d9"/>
      </symbol>
      <symbol id="sm-3b8">
         <name>_as608_send_addr</name>
         <value>0xe4e6</value>
         <object_component_ref idref="oc-1d9"/>
      </symbol>
      <symbol id="sm-3b9">
         <name>_as608_read_state</name>
         <value>0xddbb</value>
         <object_component_ref idref="oc-1d9"/>
      </symbol>
      <symbol id="sm-3ba">
         <name>_AS608_INIT</name>
         <value>0xdce4</value>
         <object_component_ref idref="oc-1d9"/>
      </symbol>
      <symbol id="sm-3bb">
         <name>_as608_dele_char</name>
         <value>0xe044</value>
         <object_component_ref idref="oc-1d9"/>
      </symbol>
      <symbol id="sm-3bc">
         <name>_as608_send_head</name>
         <value>0xe4df</value>
         <object_component_ref idref="oc-1d9"/>
      </symbol>
      <symbol id="sm-3db">
         <name>_id_flag</name>
         <value>0xc002</value>
         <object_component_ref idref="oc-102"/>
      </symbol>
      <symbol id="sm-3dc">
         <name>_main</name>
         <value>0xea9a</value>
         <object_component_ref idref="oc-1db"/>
      </symbol>
      <symbol id="sm-3dd">
         <name>_as608_p</name>
         <value>0xc004</value>
         <object_component_ref idref="oc-102"/>
      </symbol>
      <symbol id="sm-3de">
         <name>_Delay</name>
         <value>0xeb67</value>
         <object_component_ref idref="oc-1db"/>
      </symbol>
      <symbol id="sm-3df">
         <name>_rdata_pointA</name>
         <value>0xc000</value>
         <object_component_ref idref="oc-102"/>
      </symbol>
      <symbol id="sm-3e0">
         <name>_rdata_pointB</name>
         <value>0xc001</value>
         <object_component_ref idref="oc-102"/>
      </symbol>
      <symbol id="sm-3e1">
         <name>_as608</name>
         <value>0xc040</value>
         <object_component_ref idref="oc-102"/>
      </symbol>
      <symbol id="sm-3e2">
         <name>_error_count</name>
         <value>0xc003</value>
         <object_component_ref idref="oc-102"/>
      </symbol>
      <symbol id="sm-3fd">
         <name>_scibRxFifoIsr</name>
         <value>0xee29</value>
         <object_component_ref idref="oc-109"/>
      </symbol>
      <symbol id="sm-3fe">
         <name>_scicRxFifoIsr</name>
         <value>0xee73</value>
         <object_component_ref idref="oc-109"/>
      </symbol>
      <symbol id="sm-3ff">
         <name>_sciaRxFifoIsr</name>
         <value>0xee0e</value>
         <object_component_ref idref="oc-109"/>
      </symbol>
      <symbol id="sm-400">
         <name>_SCI_INIT</name>
         <value>0xeb7f</value>
         <object_component_ref idref="oc-1de"/>
      </symbol>
      <symbol id="sm-401">
         <name>_error</name>
         <value>0xebea</value>
         <object_component_ref idref="oc-1de"/>
      </symbol>
      <symbol id="sm-402">
         <name>_scia_xmit</name>
         <value>0xeb8c</value>
         <object_component_ref idref="oc-1de"/>
      </symbol>
      <symbol id="sm-403">
         <name>_scib_xmit</name>
         <value>0xebac</value>
         <object_component_ref idref="oc-1de"/>
      </symbol>
      <symbol id="sm-404">
         <name>_scic_xmit</name>
         <value>0xebb8</value>
         <object_component_ref idref="oc-1de"/>
      </symbol>
      <symbol id="sm-405">
         <name>_scia_msg</name>
         <value>0xeb99</value>
         <object_component_ref idref="oc-1de"/>
      </symbol>
      <symbol id="sm-406">
         <name>_scia_fifo_init</name>
         <value>0xebec</value>
         <object_component_ref idref="oc-1de"/>
      </symbol>
      <symbol id="sm-407">
         <name>_scib_fifo_init</name>
         <value>0xec02</value>
         <object_component_ref idref="oc-1de"/>
      </symbol>
      <symbol id="sm-408">
         <name>_scic_fifo_init</name>
         <value>0xec1e</value>
         <object_component_ref idref="oc-1de"/>
      </symbol>
      <symbol id="sm-409">
         <name>_scic_msg</name>
         <value>0xebd7</value>
         <object_component_ref idref="oc-1de"/>
      </symbol>
      <symbol id="sm-40a">
         <name>_scib_msg</name>
         <value>0xebc4</value>
         <object_component_ref idref="oc-1de"/>
      </symbol>
      <symbol id="sm-418">
         <name>_sprintf</name>
         <value>0xf086</value>
         <object_component_ref idref="oc-1e6"/>
      </symbol>
      <symbol id="sm-433">
         <name>_c_int00</name>
         <value>0xefe4</value>
         <object_component_ref idref="oc-4d"/>
      </symbol>
      <symbol id="sm-434">
         <name>__stack</name>
         <value>0x9000</value>
         <object_component_ref idref="oc-113"/>
      </symbol>
      <symbol id="sm-443">
         <name>_copy_in</name>
         <value>0xf1e3</value>
         <object_component_ref idref="oc-1d5"/>
      </symbol>
      <symbol id="sm-454">
         <name>_memcpy</name>
         <value>0xf2a2</value>
         <object_component_ref idref="oc-1da"/>
      </symbol>
      <symbol id="sm-460">
         <name>__system_pre_init</name>
         <value>0xf3bd</value>
         <object_component_ref idref="oc-1d4"/>
      </symbol>
      <symbol id="sm-46d">
         <name>__system_post_cinit</name>
         <value>0xf3bf</value>
         <object_component_ref idref="oc-1d6"/>
      </symbol>
      <symbol id="sm-481">
         <name>C$$EXIT</name>
         <value>0xf16d</value>
         <object_component_ref idref="oc-1d8"/>
      </symbol>
      <symbol id="sm-482">
         <name>_exit</name>
         <value>0xf16f</value>
         <object_component_ref idref="oc-1d8"/>
      </symbol>
      <symbol id="sm-483">
         <name>___TI_cleanup_ptr</name>
         <value>0xc0da</value>
         <object_component_ref idref="oc-12f"/>
      </symbol>
      <symbol id="sm-484">
         <name>___TI_enable_exit_profile_output</name>
         <value>0xc0d8</value>
         <object_component_ref idref="oc-12f"/>
      </symbol>
      <symbol id="sm-485">
         <name>_abort</name>
         <value>0xf16d</value>
         <object_component_ref idref="oc-1d8"/>
      </symbol>
      <symbol id="sm-486">
         <name>___TI_dtors_ptr</name>
         <value>0xc0dc</value>
         <object_component_ref idref="oc-12f"/>
      </symbol>
      <symbol id="sm-49a">
         <name>__unlock</name>
         <value>0xc0be</value>
         <object_component_ref idref="oc-1ec"/>
      </symbol>
      <symbol id="sm-49b">
         <name>__lock</name>
         <value>0xc0bc</value>
         <object_component_ref idref="oc-1dc"/>
      </symbol>
      <symbol id="sm-49c">
         <name>__register_lock</name>
         <value>0xf380</value>
         <object_component_ref idref="oc-1e7"/>
      </symbol>
      <symbol id="sm-49d">
         <name>__nop</name>
         <value>0xf384</value>
         <object_component_ref idref="oc-1e7"/>
      </symbol>
      <symbol id="sm-49e">
         <name>__register_unlock</name>
         <value>0xf37c</value>
         <object_component_ref idref="oc-1e7"/>
      </symbol>
      <symbol id="sm-4ad">
         <name>__args_main</name>
         <value>0xf340</value>
         <object_component_ref idref="oc-1d7"/>
      </symbol>
      <symbol id="sm-4bf">
         <name>_strstr</name>
         <value>0xf32a</value>
         <object_component_ref idref="oc-1e0"/>
      </symbol>
      <symbol id="sm-61f">
         <name>___TI_printfi</name>
         <value>0xdb53</value>
         <object_component_ref idref="oc-1eb"/>
      </symbol>
      <symbol id="sm-62d">
         <name>_wcslen</name>
         <value>0xf38e</value>
         <object_component_ref idref="oc-1f6"/>
      </symbol>
      <symbol id="sm-63d">
         <name>FD$$CMP</name>
         <value>0xf119</value>
         <object_component_ref idref="oc-14f"/>
      </symbol>
      <symbol id="sm-64f">
         <name>FD$$MPY</name>
         <value>0xee94</value>
         <object_component_ref idref="oc-154"/>
      </symbol>
      <symbol id="sm-65c">
         <name>FD$$NEG</name>
         <value>0xf385</value>
         <object_component_ref idref="oc-159"/>
      </symbol>
      <symbol id="sm-668">
         <name>FD$$SUB</name>
         <value>0xf362</value>
         <object_component_ref idref="oc-15e"/>
      </symbol>
      <symbol id="sm-677">
         <name>FD$$TOI</name>
         <value>0xf207</value>
         <object_component_ref idref="oc-163"/>
      </symbol>
      <symbol id="sm-686">
         <name>FD$$TOL</name>
         <value>0xf248</value>
         <object_component_ref idref="oc-168"/>
      </symbol>
      <symbol id="sm-692">
         <name>LL$$AND</name>
         <value>0xf312</value>
         <object_component_ref idref="oc-16d"/>
      </symbol>
      <symbol id="sm-693">
         <name>LL$$OR</name>
         <value>0xf31a</value>
         <object_component_ref idref="oc-16d"/>
      </symbol>
      <symbol id="sm-694">
         <name>LL$$XOR</name>
         <value>0xf322</value>
         <object_component_ref idref="oc-16d"/>
      </symbol>
      <symbol id="sm-6a2">
         <name>ULL$$CMP</name>
         <value>0xf279</value>
         <object_component_ref idref="oc-172"/>
      </symbol>
      <symbol id="sm-6a3">
         <name>LL$$CMP</name>
         <value>0xf267</value>
         <object_component_ref idref="oc-172"/>
      </symbol>
      <symbol id="sm-6cf">
         <name>ULL$$MOD</name>
         <value>0xe940</value>
         <object_component_ref idref="oc-177"/>
      </symbol>
      <symbol id="sm-6d0">
         <name>ULL$$DIV</name>
         <value>0xe911</value>
         <object_component_ref idref="oc-177"/>
      </symbol>
      <symbol id="sm-6d1">
         <name>LL$$MOD</name>
         <value>0xe8d7</value>
         <object_component_ref idref="oc-177"/>
      </symbol>
      <symbol id="sm-6d2">
         <name>LL$$DIV</name>
         <value>0xe89b</value>
         <object_component_ref idref="oc-177"/>
      </symbol>
      <symbol id="sm-6e2">
         <name>I$$TOFD</name>
         <value>0xf285</value>
         <object_component_ref idref="oc-17c"/>
      </symbol>
      <symbol id="sm-6f2">
         <name>L$$TOFD</name>
         <value>0xf2db</value>
         <object_component_ref idref="oc-181"/>
      </symbol>
      <symbol id="sm-702">
         <name>FS$$TOFD</name>
         <value>0xf2bf</value>
         <object_component_ref idref="oc-186"/>
      </symbol>
      <symbol id="sm-719">
         <name>FD$$DIV</name>
         <value>0xed83</value>
         <object_component_ref idref="oc-18b"/>
      </symbol>
      <symbol id="sm-727">
         <name>___TI_ltoa</name>
         <value>0xf0e9</value>
         <object_component_ref idref="oc-1ef"/>
      </symbol>
      <symbol id="sm-73b">
         <name>_atoi</name>
         <value>0xf0b8</value>
         <object_component_ref idref="oc-1ed"/>
      </symbol>
      <symbol id="sm-743">
         <name>__ctypes_</name>
         <value>0xf8a7</value>
         <object_component_ref idref="oc-1f7"/>
      </symbol>
      <symbol id="sm-752">
         <name>_memccpy</name>
         <value>0xf352</value>
         <object_component_ref idref="oc-1f5"/>
      </symbol>
      <symbol id="sm-760">
         <name>_memset</name>
         <value>0xf3ae</value>
         <object_component_ref idref="oc-1f3"/>
      </symbol>
      <symbol id="sm-76f">
         <name>_strchr</name>
         <value>0xf370</value>
         <object_component_ref idref="oc-1f2"/>
      </symbol>
      <symbol id="sm-77c">
         <name>_strcpy</name>
         <value>0xf3b5</value>
         <object_component_ref idref="oc-1f4"/>
      </symbol>
      <symbol id="sm-789">
         <name>_strlen</name>
         <value>0xf39f</value>
         <object_component_ref idref="oc-1ee"/>
      </symbol>
      <symbol id="sm-79c">
         <name>_frexpl</name>
         <value>0xef8a</value>
         <object_component_ref idref="oc-1f0"/>
      </symbol>
      <symbol id="sm-7ba">
         <name>_scalbnl</name>
         <value>0xec39</value>
         <object_component_ref idref="oc-1f1"/>
      </symbol>
      <symbol id="sm-7bb">
         <name>_ldexpl</name>
         <value>0xec39</value>
         <object_component_ref idref="oc-1f1"/>
      </symbol>
      <symbol id="sm-7c8">
         <name>_copysignl</name>
         <value>0xf1be</value>
         <object_component_ref idref="oc-1f8"/>
      </symbol>
      <symbol id="sm-7e3">
         <name>FD$$ADD</name>
         <value>0xece7</value>
         <object_component_ref idref="oc-1c6"/>
      </symbol>
      <symbol id="sm-7ef">
         <name>UL$$MOD</name>
         <value>0xf167</value>
         <object_component_ref idref="oc-1cb"/>
      </symbol>
      <symbol id="sm-7f0">
         <name>L$$MOD</name>
         <value>0xf152</value>
         <object_component_ref idref="oc-1cb"/>
      </symbol>
      <symbol id="sm-7f1">
         <name>L$$DIV</name>
         <value>0xf143</value>
         <object_component_ref idref="oc-1cb"/>
      </symbol>
      <symbol id="sm-7f2">
         <name>UL$$DIV</name>
         <value>0xf160</value>
         <object_component_ref idref="oc-1cb"/>
      </symbol>
      <symbol id="sm-7fc">
         <name>_errno</name>
         <value>0xc0de</value>
         <object_component_ref idref="oc-1d2"/>
      </symbol>
   </symbol_table>
   <title>Link successful</title>
</link_info>
