******************************************************************************
             TMS320C2000 Linker PC v20.2.0                     
******************************************************************************
>> Linked Sun Mar 29 10:54:59 2020

OUTPUT FILE NAME:   <S04-AS608-FINGER-F28335-CCSV8.out>
ENTRY POINT SYMBOL: "_c_int00"  address: 00322010


MEMORY CONFIGURATION

         name            origin    length      used     unused   attr    fill
----------------------  --------  ---------  --------  --------  ----  --------
PAGE 0:
  ZONE0                 00004000   00001000  00000000  00001000  RWIX
  RAML0                 00008000   00001000  0000001f  00000fe1  RWIX
  RAML1                 00009000   00001000  00000000  00001000  RWIX
  RAML2                 0000a000   00001000  00000300  00000d00  RWIX
  RAML3                 0000b000   00001000  00000000  00001000  RWIX
  ZONE6                 00100000   00100000  00000000  00100000  RWIX
  ZONE7A                00200000   00100000  00000000  00100000  RWIX
  FLASHH                00300000   00008000  00000000  00008000  RWIX
  FLASHG                00308000   00008000  00000000  00008000  RWIX
  FLASHF                00310000   00008000  00000000  00008000  RWIX
  FLASHE                00318000   00008000  00000000  00008000  RWIX
  FLASHD                00320000   00008000  000023fe  00005c02  RWIX
  FLASHC                00328000   00008000  00000000  00008000  RWIX
  FLASHA                00338000   00007f80  00000874  0000770c  RWIX
  CSM_RSVD              0033ff80   00000076  00000076  00000000  RWIX
  BEGIN                 0033fff6   00000002  00000002  00000000  RWIX
  CSM_PWL               0033fff8   00000008  00000008  00000000  RWIX
  ADC_CAL               00380080   00000009  00000007  00000002  RWIX
  OTP                   00380400   00000400  00000000  00000400  RWIX
  IQTABLES              003fe000   00000b50  00000000  00000b50  RWIX
  IQTABLES2             003feb50   0000008c  00000000  0000008c  RWIX
  FPUTABLES             003febdc   000006a0  00000000  000006a0  RWIX
  ROM                   003ff27c   00000d44  00000000  00000d44  RWIX
  RESET                 003fffc0   00000002  00000000  00000002  RWIX
  VECTORS               003fffc2   0000003e  00000000  0000003e  RWIX

PAGE 1:
  BOOT_RSVD             00000000   00000050  00000000  00000050  RWIX
  RAMM0                 00000050   000003b0  00000000  000003b0  RWIX
  RAMM1                 00000400   00000400  00000000  00000400  RWIX
  DEV_EMU               00000880   00000180  000000d0  000000b0  RWIX
  FLASH_REGS            00000a80   00000060  00000008  00000058  RWIX
  CSM                   00000ae0   00000010  00000010  00000000  RWIX
  ADC_MIRROR            00000b00   00000010  00000010  00000000  RWIX
  XINTF                 00000b20   00000020  0000001e  00000002  RWIX
  CPU_TIMER0            00000c00   00000008  00000008  00000000  RWIX
  CPU_TIMER1            00000c08   00000008  00000008  00000000  RWIX
  CPU_TIMER2            00000c10   00000008  00000008  00000000  RWIX
  PIE_CTRL              00000ce0   00000020  0000001a  00000006  RWIX
  PIE_VECT              00000d00   00000100  00000100  00000000  RWIX
  DMA                   00001000   00000200  000000e0  00000120  RWIX
  MCBSPA                00005000   00000040  00000025  0000001b  RWIX
  MCBSPB                00005040   00000040  00000025  0000001b  RWIX
  ECANA                 00006000   00000040  00000034  0000000c  RWIX
  ECANA_LAM             00006040   00000040  00000040  00000000  RWIX
  ECANA_MOTS            00006080   00000040  00000040  00000000  RWIX
  ECANA_MOTO            000060c0   00000040  00000040  00000000  RWIX
  ECANA_MBOX            00006100   00000100  00000100  00000000  RWIX
  ECANB                 00006200   00000040  00000034  0000000c  RWIX
  ECANB_LAM             00006240   00000040  00000040  00000000  RWIX
  ECANB_MOTS            00006280   00000040  00000040  00000000  RWIX
  ECANB_MOTO            000062c0   00000040  00000040  00000000  RWIX
  ECANB_MBOX            00006300   00000100  00000100  00000000  RWIX
  EPWM1                 00006800   00000022  00000022  00000000  RWIX
  EPWM2                 00006840   00000022  00000022  00000000  RWIX
  EPWM3                 00006880   00000022  00000022  00000000  RWIX
  EPWM4                 000068c0   00000022  00000022  00000000  RWIX
  EPWM5                 00006900   00000022  00000022  00000000  RWIX
  EPWM6                 00006940   00000022  00000022  00000000  RWIX
  ECAP1                 00006a00   00000020  00000020  00000000  RWIX
  ECAP2                 00006a20   00000020  00000020  00000000  RWIX
  ECAP3                 00006a40   00000020  00000020  00000000  RWIX
  ECAP4                 00006a60   00000020  00000020  00000000  RWIX
  ECAP5                 00006a80   00000020  00000020  00000000  RWIX
  ECAP6                 00006aa0   00000020  00000020  00000000  RWIX
  EQEP1                 00006b00   00000040  00000040  00000000  RWIX
  EQEP2                 00006b40   00000040  00000040  00000000  RWIX
  GPIOCTRL              00006f80   00000040  0000002e  00000012  RWIX
  GPIODAT               00006fc0   00000020  00000020  00000000  RWIX
  GPIOINT               00006fe0   00000020  0000000a  00000016  RWIX
  SYSTEM                00007010   00000020  00000020  00000000  RWIX
  SPIA                  00007040   00000010  00000010  00000000  RWIX
  SCIA                  00007050   00000010  00000010  00000000  RWIX
  XINTRUPT              00007070   00000010  00000010  00000000  RWIX
  ADC                   00007100   00000020  0000001e  00000002  RWIX
  SCIB                  00007750   00000010  00000010  00000000  RWIX
  SCIC                  00007770   00000010  00000010  00000000  RWIX
  I2CA                  00007900   00000040  00000022  0000001e  RWIX
  RAML4                 0000c000   00001000  000000df  00000f21  RWIX
  RAML5                 0000d000   00001000  00000000  00001000  RWIX
  RAML6                 0000e000   00001000  00000000  00001000  RWIX
  RAML7                 0000f000   00001000  00000000  00001000  RWIX
  ZONE7B                0020fc00   00000400  00000000  00000400  RWIX
  FLASHB                00330000   00008000  00000000  00008000  RWIX
  CSM_PWL               0033fff8   00000008  00000008  00000000  RWIX
  PARTID                00380090   00000001  00000001  00000000  RWIX


SECTION ALLOCATION MAP

 output                                  attributes/
section   page    origin      length       input sections
--------  ----  ----------  ----------   ----------------
.stack     0    0000a000    00000300     UNINITIALIZED
                  0000a000    00000300     --HOLE--

ramfuncs   0    00320000    0000001f     RUN ADDR = 00008000
                  00320000    0000001b     DSP2833x_SysCtrl.obj (ramfuncs)
                  0032001b    00000004     DSP2833x_usDelay.obj (ramfuncs)

.cinit     0    0033883a    00000022     
                  0033883a    0000000e     rts2800_fpu32.lib : exit.c.obj (.cinit)
                  00338848    00000005                       : _lock.c.obj (.cinit:__lock)
                  0033884d    00000005                       : _lock.c.obj (.cinit:__unlock)
                  00338852    00000004     main.obj (.cinit)
                  00338856    00000004     rts2800_fpu32.lib : errno.c.obj (.cinit)
                  0033885a    00000002     --HOLE-- [fill = 0]

csm_rsvd   0    0033ff80    00000076     
                  0033ff80    00000076     DSP2833x_CSMPasswords.obj (csm_rsvd)

DevEmuRegsFile 
*          1    00000880    000000d0     UNINITIALIZED
                  00000880    000000d0     DSP2833x_GlobalVariableDefs.obj (DevEmuRegsFile)

FlashRegsFile 
*          1    00000a80    00000008     UNINITIALIZED
                  00000a80    00000008     DSP2833x_GlobalVariableDefs.obj (FlashRegsFile)

CsmRegsFile 
*          1    00000ae0    00000010     UNINITIALIZED
                  00000ae0    00000010     DSP2833x_GlobalVariableDefs.obj (CsmRegsFile)

AdcMirrorFile 
*          1    00000b00    00000010     UNINITIALIZED
                  00000b00    00000010     DSP2833x_GlobalVariableDefs.obj (AdcMirrorFile)

XintfRegsFile 
*          1    00000b20    0000001e     UNINITIALIZED
                  00000b20    0000001e     DSP2833x_GlobalVariableDefs.obj (XintfRegsFile)

CpuTimer0RegsFile 
*          1    00000c00    00000008     UNINITIALIZED
                  00000c00    00000008     DSP2833x_GlobalVariableDefs.obj (CpuTimer0RegsFile)

CpuTimer1RegsFile 
*          1    00000c08    00000008     UNINITIALIZED
                  00000c08    00000008     DSP2833x_GlobalVariableDefs.obj (CpuTimer1RegsFile)

CpuTimer2RegsFile 
*          1    00000c10    00000008     UNINITIALIZED
                  00000c10    00000008     DSP2833x_GlobalVariableDefs.obj (CpuTimer2RegsFile)

PieCtrlRegsFile 
*          1    00000ce0    0000001a     UNINITIALIZED
                  00000ce0    0000001a     DSP2833x_GlobalVariableDefs.obj (PieCtrlRegsFile)

PieVectTableFile 
*          1    00000d00    00000100     UNINITIALIZED
                  00000d00    00000100     DSP2833x_GlobalVariableDefs.obj (PieVectTableFile)

DmaRegsFile 
*          1    00001000    000000e0     UNINITIALIZED
                  00001000    000000e0     DSP2833x_GlobalVariableDefs.obj (DmaRegsFile)

McbspaRegsFile 
*          1    00005000    00000025     UNINITIALIZED
                  00005000    00000025     DSP2833x_GlobalVariableDefs.obj (McbspaRegsFile)

McbspbRegsFile 
*          1    00005040    00000025     UNINITIALIZED
                  00005040    00000025     DSP2833x_GlobalVariableDefs.obj (McbspbRegsFile)

ECanaRegsFile 
*          1    00006000    00000034     UNINITIALIZED
                  00006000    00000034     DSP2833x_GlobalVariableDefs.obj (ECanaRegsFile)

ECanaLAMRegsFile 
*          1    00006040    00000040     UNINITIALIZED
                  00006040    00000040     DSP2833x_GlobalVariableDefs.obj (ECanaLAMRegsFile)

ECanaMOTSRegsFile 
*          1    00006080    00000040     UNINITIALIZED
                  00006080    00000040     DSP2833x_GlobalVariableDefs.obj (ECanaMOTSRegsFile)

ECanaMOTORegsFile 
*          1    000060c0    00000040     UNINITIALIZED
                  000060c0    00000040     DSP2833x_GlobalVariableDefs.obj (ECanaMOTORegsFile)

ECanaMboxesFile 
*          1    00006100    00000100     UNINITIALIZED
                  00006100    00000100     DSP2833x_GlobalVariableDefs.obj (ECanaMboxesFile)

ECanbRegsFile 
*          1    00006200    00000034     UNINITIALIZED
                  00006200    00000034     DSP2833x_GlobalVariableDefs.obj (ECanbRegsFile)

ECanbLAMRegsFile 
*          1    00006240    00000040     UNINITIALIZED
                  00006240    00000040     DSP2833x_GlobalVariableDefs.obj (ECanbLAMRegsFile)

ECanbMOTSRegsFile 
*          1    00006280    00000040     UNINITIALIZED
                  00006280    00000040     DSP2833x_GlobalVariableDefs.obj (ECanbMOTSRegsFile)

ECanbMOTORegsFile 
*          1    000062c0    00000040     UNINITIALIZED
                  000062c0    00000040     DSP2833x_GlobalVariableDefs.obj (ECanbMOTORegsFile)

ECanbMboxesFile 
*          1    00006300    00000100     UNINITIALIZED
                  00006300    00000100     DSP2833x_GlobalVariableDefs.obj (ECanbMboxesFile)

EPwm1RegsFile 
*          1    00006800    00000022     UNINITIALIZED
                  00006800    00000022     DSP2833x_GlobalVariableDefs.obj (EPwm1RegsFile)

EPwm2RegsFile 
*          1    00006840    00000022     UNINITIALIZED
                  00006840    00000022     DSP2833x_GlobalVariableDefs.obj (EPwm2RegsFile)

EPwm3RegsFile 
*          1    00006880    00000022     UNINITIALIZED
                  00006880    00000022     DSP2833x_GlobalVariableDefs.obj (EPwm3RegsFile)

EPwm4RegsFile 
*          1    000068c0    00000022     UNINITIALIZED
                  000068c0    00000022     DSP2833x_GlobalVariableDefs.obj (EPwm4RegsFile)

EPwm5RegsFile 
*          1    00006900    00000022     UNINITIALIZED
                  00006900    00000022     DSP2833x_GlobalVariableDefs.obj (EPwm5RegsFile)

EPwm6RegsFile 
*          1    00006940    00000022     UNINITIALIZED
                  00006940    00000022     DSP2833x_GlobalVariableDefs.obj (EPwm6RegsFile)

ECap1RegsFile 
*          1    00006a00    00000020     UNINITIALIZED
                  00006a00    00000020     DSP2833x_GlobalVariableDefs.obj (ECap1RegsFile)

ECap2RegsFile 
*          1    00006a20    00000020     UNINITIALIZED
                  00006a20    00000020     DSP2833x_GlobalVariableDefs.obj (ECap2RegsFile)

ECap3RegsFile 
*          1    00006a40    00000020     UNINITIALIZED
                  00006a40    00000020     DSP2833x_GlobalVariableDefs.obj (ECap3RegsFile)

ECap4RegsFile 
*          1    00006a60    00000020     UNINITIALIZED
                  00006a60    00000020     DSP2833x_GlobalVariableDefs.obj (ECap4RegsFile)

ECap5RegsFile 
*          1    00006a80    00000020     UNINITIALIZED
                  00006a80    00000020     DSP2833x_GlobalVariableDefs.obj (ECap5RegsFile)

ECap6RegsFile 
*          1    00006aa0    00000020     UNINITIALIZED
                  00006aa0    00000020     DSP2833x_GlobalVariableDefs.obj (ECap6RegsFile)

EQep1RegsFile 
*          1    00006b00    00000040     UNINITIALIZED
                  00006b00    00000040     DSP2833x_GlobalVariableDefs.obj (EQep1RegsFile)

EQep2RegsFile 
*          1    00006b40    00000040     UNINITIALIZED
                  00006b40    00000040     DSP2833x_GlobalVariableDefs.obj (EQep2RegsFile)

GpioCtrlRegsFile 
*          1    00006f80    0000002e     UNINITIALIZED
                  00006f80    0000002e     DSP2833x_GlobalVariableDefs.obj (GpioCtrlRegsFile)

GpioDataRegsFile 
*          1    00006fc0    00000020     UNINITIALIZED
                  00006fc0    00000020     DSP2833x_GlobalVariableDefs.obj (GpioDataRegsFile)

GpioIntRegsFile 
*          1    00006fe0    0000000a     UNINITIALIZED
                  00006fe0    0000000a     DSP2833x_GlobalVariableDefs.obj (GpioIntRegsFile)

SysCtrlRegsFile 
*          1    00007010    00000020     UNINITIALIZED
                  00007010    00000020     DSP2833x_GlobalVariableDefs.obj (SysCtrlRegsFile)

SpiaRegsFile 
*          1    00007040    00000010     UNINITIALIZED
                  00007040    00000010     DSP2833x_GlobalVariableDefs.obj (SpiaRegsFile)

SciaRegsFile 
*          1    00007050    00000010     UNINITIALIZED
                  00007050    00000010     DSP2833x_GlobalVariableDefs.obj (SciaRegsFile)

XIntruptRegsFile 
*          1    00007070    00000010     UNINITIALIZED
                  00007070    00000010     DSP2833x_GlobalVariableDefs.obj (XIntruptRegsFile)

AdcRegsFile 
*          1    00007100    0000001e     UNINITIALIZED
                  00007100    0000001e     DSP2833x_GlobalVariableDefs.obj (AdcRegsFile)

ScibRegsFile 
*          1    00007750    00000010     UNINITIALIZED
                  00007750    00000010     DSP2833x_GlobalVariableDefs.obj (ScibRegsFile)

ScicRegsFile 
*          1    00007770    00000010     UNINITIALIZED
                  00007770    00000010     DSP2833x_GlobalVariableDefs.obj (ScicRegsFile)

I2caRegsFile 
*          1    00007900    00000022     UNINITIALIZED
                  00007900    00000022     DSP2833x_GlobalVariableDefs.obj (I2caRegsFile)

CsmPwlFile 
*          1    0033fff8    00000008     UNINITIALIZED
                  0033fff8    00000008     DSP2833x_GlobalVariableDefs.obj (CsmPwlFile)

PartIdRegsFile 
*          1    00380090    00000001     UNINITIALIZED
                  00380090    00000001     DSP2833x_GlobalVariableDefs.obj (PartIdRegsFile)

.pinit     0    00338000    00000000     UNINITIALIZED

.text      0    00320020    000023df     
                  00320020    00000ce4     rts2800_fpu32.lib : _printfi.c.obj (.text)
                  00320d04    000008a2     as608.obj (.text)
                  003215a6    00000316     DSP2833x_DefaultIsr.obj (.text:retain)
                  003218bc    00000107     rts2800_fpu32.lib : ll_div28.asm.obj (.text)
                  003219c3    000000f8     DSP2833x_SysCtrl.obj (.text)
                  00321abb    000000f0     main.obj (.text)
                  00321bab    000000ba     sci.obj (.text)
                  00321c65    000000ae     rts2800_fpu32.lib : s_scalbn.c.obj (.text)
                  00321d13    0000009c                       : fd_add28.asm.obj (.text)
                  00321daf    0000008b                       : fd_div28.asm.obj (.text)
                  00321e3a    00000086     sci.obj (.text:retain)
                  00321ec0    00000083     rts2800_fpu32.lib : fd_mpy28.asm.obj (.text)
                  00321f43    00000073     DSP2833x_CpuTimers.obj (.text)
                  00321fb6    0000005a     rts2800_fpu32.lib : s_frexp.c.obj (.text)
                  00322010    00000056                       : boot28.asm.obj (.text)
                  00322066    0000004c     DSP2833x_Sci.obj (.text)
                  003220b2    00000032     rts2800_fpu32.lib : sprintf.c.obj (.text)
                  003220e4    00000031                       : atoi.c.obj (.text)
                  00322115    00000030                       : _ltoa.c.obj (.text)
                  00322145    0000002a                       : fd_cmp28.asm.obj (.text)
                  0032216f    0000002a                       : l_div28.asm.obj (.text)
                  00322199    00000029                       : exit.c.obj (.text)
                  003221c2    00000028     DSP2833x_PieCtrl.obj (.text)
                  003221ea    00000025     rts2800_fpu32.lib : s_copysign.c.obj (.text)
                  0032220f    00000024                       : cpy_tbl.c.obj (.text)
                  00322233    00000021                       : fd_toi28.asm.obj (.text)
                  00322254    00000020     DSP2833x_PieVect.obj (.text)
                  00322274    0000001f     rts2800_fpu32.lib : fd_tol28.asm.obj (.text)
                  00322293    0000001e                       : ll_cmp28.asm.obj (.text)
                  003222b1    0000001d                       : i_tofd28.asm.obj (.text)
                  003222ce    0000001d                       : memcpy.c.obj (.text)
                  003222eb    0000001c                       : fs_tofdfpu32.asm.obj (.text)
                  00322307    0000001c                       : l_tofd28.asm.obj (.text)
                  00322323    0000001b     DSP2833x_Gpio.obj (.text)
                  0032233e    00000018     rts2800_fpu32.lib : ll_aox28.asm.obj (.text)
                  00322356    00000016                       : strstr.c.obj (.text)
                  0032236c    00000013     DSP2833x_MemCopy.obj (.text)
                  0032237f    00000012     rts2800_fpu32.lib : args_main.c.obj (.text)
                  00322391    00000010                       : memccpy.c.obj (.text)
                  003223a1    0000000e                       : fd_sub28.asm.obj (.text)
                  003223af    0000000c                       : strchr.c.obj (.text)
                  003223bb    00000009                       : _lock.c.obj (.text)
                  003223c4    00000009                       : fd_neg28.asm.obj (.text)
                  003223cd    00000009                       : wcslen.c.obj (.text)
                  003223d6    00000008     DSP2833x_CodeStartBranch.obj (.text)
                  003223de    00000008     rts2800_fpu32.lib : strlen.c.obj (.text)
                  003223e6    00000007     DSP2833x_DisInt.obj (.text)
                  003223ed    00000007     rts2800_fpu32.lib : memset.c.obj (.text)
                  003223f4    00000005                       : strcpy.c.obj (.text)
                  003223f9    00000003     DSP2833x_DBGIER.obj (.text)
                  003223fc    00000002     rts2800_fpu32.lib : pre_init.c.obj (.text)
                  003223fe    00000001                       : startup.c.obj (.text)

codestart 
*          0    0033fff6    00000002     
                  0033fff6    00000002     DSP2833x_CodeStartBranch.obj (codestart)

csmpasswds 
*          0    0033fff8    00000008     
                  0033fff8    00000008     DSP2833x_CSMPasswords.obj (csmpasswds)

.ebss      1    0000c000    000000df     UNINITIALIZED
                  0000c000    000000bc     main.obj (.ebss)
                  0000c0bc    00000002     rts2800_fpu32.lib : _lock.c.obj (.ebss:__lock)
                  0000c0be    00000002                       : _lock.c.obj (.ebss:__unlock)
                  0000c0c0    00000018     DSP2833x_CpuTimers.obj (.ebss)
                  0000c0d8    00000006     rts2800_fpu32.lib : exit.c.obj (.ebss)
                  0000c0de    00000001                       : errno.c.obj (.ebss)

.econst    0    00338000    0000083a     
                  00338000    000004e7     as608.obj (.econst:.string)
                  003384e7    00000101     rts2800_fpu32.lib : ctype.c.obj (.econst:.string:__ctypes_)
                  003385e8    00000100     DSP2833x_PieVect.obj (.econst:_PieVectTableInit)
                  003386e8    000000eb     main.obj (.econst:.string)
                  003387d3    00000001     --HOLE-- [fill = 0]
                  003387d4    00000026     rts2800_fpu32.lib : _printfi.c.obj (.econst:.string)
                  003387fa    0000001c                       : _printfi.c.obj (.econst)
                  00338816    0000001c                       : s_scalbn.c.obj (.econst)
                  00338832    00000008                       : s_frexp.c.obj (.econst)

.switch    0    0033885c    00000018     
                  0033885c    00000018     as608.obj (.switch:_as608_ensure_message)

.reset     0    003fffc0    00000002     DSECT
                  003fffc0    00000002     rts2800_fpu32.lib : boot28.asm.obj (.reset)

vectors    0    003fffc2    00000000     DSECT

.adc_cal   0    00380080    00000007     NOLOAD SECTION
                  00380080    00000007     DSP2833x_ADC_cal.obj (.adc_cal)

MODULE SUMMARY

       Module                            code   initialized data   uninitialized data
       ------                            ----   ----------------   ------------------
    .\DSP2833x_common\source\
       DSP2833x_DefaultIsr.obj           790    0                  0                 
       DSP2833x_SysCtrl.obj              302    0                  0                 
       DSP2833x_PieVect.obj              32     256                0                 
       DSP2833x_CpuTimers.obj            115    0                  24                
       DSP2833x_CSMPasswords.obj         0      126                0                 
       DSP2833x_Sci.obj                  76     0                  0                 
       DSP2833x_PieCtrl.obj              40     0                  0                 
       DSP2833x_Gpio.obj                 27     0                  0                 
       DSP2833x_MemCopy.obj              19     0                  0                 
       DSP2833x_CodeStartBranch.obj      10     0                  0                 
       DSP2833x_usDelay.obj              8      0                  0                 
       DSP2833x_ADC_cal.obj              7      0                  0                 
       DSP2833x_DisInt.obj               7      0                  0                 
       DSP2833x_DBGIER.obj               3      0                  0                 
    +--+---------------------------------+------+------------------+--------------------+
       Total:                            1436   382                24                
                                                                                     
    .\DSP2833x_headers\source\
       DSP2833x_GlobalVariableDefs.obj   0      0                  2679              
    +--+---------------------------------+------+------------------+--------------------+
       Total:                            0      0                  2679              
                                                                                     
    .\src\
       as608.obj                         2210   1279               0                 
       main.obj                          240    239                188               
       sci.obj                           320    0                  0                 
    +--+---------------------------------+------+------------------+--------------------+
       Total:                            2770   1518               188               
                                                                                     
    C:\opt\ti\ccsv8\tools\compiler\ti-cgt-c2000_20.2.0.LTS\lib\rts2800_fpu32.lib
       _printfi.c.obj                    3300   66                 0                 
       ll_div28.asm.obj                  263    0                  0                 
       ctype.c.obj                       0      257                0                 
       s_scalbn.c.obj                    174    28                 0                 
       fd_add28.asm.obj                  156    0                  0                 
       fd_div28.asm.obj                  139    0                  0                 
       fd_mpy28.asm.obj                  131    0                  0                 
       s_frexp.c.obj                     90     8                  0                 
       boot28.asm.obj                    86     0                  0                 
       exit.c.obj                        41     14                 6                 
       sprintf.c.obj                     50     0                  0                 
       atoi.c.obj                        49     0                  0                 
       _ltoa.c.obj                       48     0                  0                 
       fd_cmp28.asm.obj                  42     0                  0                 
       l_div28.asm.obj                   42     0                  0                 
       s_copysign.c.obj                  37     0                  0                 
       cpy_tbl.c.obj                     36     0                  0                 
       fd_toi28.asm.obj                  33     0                  0                 
       fd_tol28.asm.obj                  31     0                  0                 
       ll_cmp28.asm.obj                  30     0                  0                 
       i_tofd28.asm.obj                  29     0                  0                 
       memcpy.c.obj                      29     0                  0                 
       fs_tofdfpu32.asm.obj              28     0                  0                 
       l_tofd28.asm.obj                  28     0                  0                 
       ll_aox28.asm.obj                  24     0                  0                 
       _lock.c.obj                       9      10                 4                 
       strstr.c.obj                      22     0                  0                 
       args_main.c.obj                   18     0                  0                 
       memccpy.c.obj                     16     0                  0                 
       fd_sub28.asm.obj                  14     0                  0                 
       strchr.c.obj                      12     0                  0                 
       fd_neg28.asm.obj                  9      0                  0                 
       wcslen.c.obj                      9      0                  0                 
       strlen.c.obj                      8      0                  0                 
       memset.c.obj                      7      0                  0                 
       errno.c.obj                       0      4                  1                 
       strcpy.c.obj                      5      0                  0                 
       pre_init.c.obj                    2      0                  0                 
       startup.c.obj                     1      0                  0                 
    +--+---------------------------------+------+------------------+--------------------+
       Total:                            5048   387                11                
                                                                                     
       Stack:                            0      0                  768               
    +--+---------------------------------+------+------------------+--------------------+
       Grand Total:                      9254   2287               3670              


GLOBAL DATA SYMBOLS: SORTED BY DATA PAGE

address     data page           name
--------    ----------------    ----
00000880      22 (00000880)     _DevEmuRegs

00000a80      2a (00000a80)     _FlashRegs

00000ae0      2b (00000ac0)     _CsmRegs

00000b00      2c (00000b00)     _AdcMirror
00000b20      2c (00000b00)     _XintfRegs

00000c00      30 (00000c00)     _CpuTimer0Regs
00000c08      30 (00000c00)     _CpuTimer1Regs
00000c10      30 (00000c00)     _CpuTimer2Regs

00000ce0      33 (00000cc0)     _PieCtrlRegs

00000d00      34 (00000d00)     _PieVectTable

00001000      40 (00001000)     _DmaRegs

00005000     140 (00005000)     _McbspaRegs

00005040     141 (00005040)     _McbspbRegs

00006000     180 (00006000)     _ECanaRegs

00006040     181 (00006040)     _ECanaLAMRegs

00006080     182 (00006080)     _ECanaMOTSRegs

000060c0     183 (000060c0)     _ECanaMOTORegs

00006100     184 (00006100)     _ECanaMboxes

00006200     188 (00006200)     _ECanbRegs

00006240     189 (00006240)     _ECanbLAMRegs

00006280     18a (00006280)     _ECanbMOTSRegs

000062c0     18b (000062c0)     _ECanbMOTORegs

00006300     18c (00006300)     _ECanbMboxes

00006800     1a0 (00006800)     _EPwm1Regs

00006840     1a1 (00006840)     _EPwm2Regs

00006880     1a2 (00006880)     _EPwm3Regs

000068c0     1a3 (000068c0)     _EPwm4Regs

00006900     1a4 (00006900)     _EPwm5Regs

00006940     1a5 (00006940)     _EPwm6Regs

00006a00     1a8 (00006a00)     _ECap1Regs
00006a20     1a8 (00006a00)     _ECap2Regs

00006a40     1a9 (00006a40)     _ECap3Regs
00006a60     1a9 (00006a40)     _ECap4Regs

00006a80     1aa (00006a80)     _ECap5Regs
00006aa0     1aa (00006a80)     _ECap6Regs

00006b00     1ac (00006b00)     _EQep1Regs

00006b40     1ad (00006b40)     _EQep2Regs

00006f80     1be (00006f80)     _GpioCtrlRegs

00006fc0     1bf (00006fc0)     _GpioDataRegs
00006fe0     1bf (00006fc0)     _GpioIntRegs

00007010     1c0 (00007000)     _SysCtrlRegs

00007040     1c1 (00007040)     _SpiaRegs
00007050     1c1 (00007040)     _SciaRegs
00007070     1c1 (00007040)     _XIntruptRegs

00007100     1c4 (00007100)     _AdcRegs

00007750     1dd (00007740)     _ScibRegs
00007770     1dd (00007740)     _ScicRegs

00007900     1e4 (00007900)     _I2caRegs

0000a000     280 (0000a000)     __stack

0000c000     300 (0000c000)     _rdata_pointA
0000c001     300 (0000c000)     _rdata_pointB
0000c002     300 (0000c000)     _id_flag
0000c003     300 (0000c000)     _error_count
0000c004     300 (0000c000)     _as608_p

0000c040     301 (0000c040)     _as608

0000c0bc     302 (0000c080)     __lock
0000c0be     302 (0000c080)     __unlock

0000c0c0     303 (0000c0c0)     _CpuTimer0
0000c0c8     303 (0000c0c0)     _CpuTimer1
0000c0d0     303 (0000c0c0)     _CpuTimer2
0000c0d8     303 (0000c0c0)     ___TI_enable_exit_profile_output
0000c0da     303 (0000c0c0)     ___TI_cleanup_ptr
0000c0dc     303 (0000c0c0)     ___TI_dtors_ptr
0000c0de     303 (0000c0c0)     _errno

003384e7    ce13 (003384c0)     __ctypes_

003385e8    ce17 (003385c0)     _PieVectTableInit

0033fff8    cfff (0033ffc0)     _CsmPwl

00380090    e002 (00380080)     _PartIdRegs


GLOBAL SYMBOLS: SORTED ALPHABETICALLY BY Name 

page  address   name                            
----  -------   ----                            
0     00320020  .text                           
0     00322199  C$$EXIT                         
0     00321d13  FD$$ADD                         
0     00322145  FD$$CMP                         
0     00321daf  FD$$DIV                         
0     00321ec0  FD$$MPY                         
0     003223c4  FD$$NEG                         
0     003223a1  FD$$SUB                         
0     00322233  FD$$TOI                         
0     00322274  FD$$TOL                         
0     003222eb  FS$$TOFD                        
0     003222b1  I$$TOFD                         
0     0032216f  L$$DIV                          
0     0032217e  L$$MOD                          
0     00322307  L$$TOFD                         
0     0032233e  LL$$AND                         
0     00322293  LL$$CMP                         
0     003218bc  LL$$DIV                         
0     003218f8  LL$$MOD                         
0     00322346  LL$$OR                          
0     0032234e  LL$$XOR                         
0     0032218c  UL$$DIV                         
0     00322193  UL$$MOD                         
0     003222a5  ULL$$CMP                        
0     00321932  ULL$$DIV                        
0     00321961  ULL$$MOD                        
0     0032168c  _ADCINT_ISR                     
0     00380080  _ADC_cal                        
0     00320d04  _AS608_INIT                     
1     00000b00  _AdcMirror                      
1     00007100  _AdcRegs                        
0     00321f7c  _ConfigCpuTimer                 
1     0000c0c0  _CpuTimer0                      
1     00000c00  _CpuTimer0Regs                  
1     0000c0c8  _CpuTimer1                      
1     00000c08  _CpuTimer1Regs                  
1     0000c0d0  _CpuTimer2                      
1     00000c10  _CpuTimer2Regs                  
1     0033fff8  _CsmPwl                         
1     00000ae0  _CsmRegs                        
0     00321a8a  _CsmUnlock                      
0     003215ba  _DATALOG_ISR                    
0     003217ae  _DINTCH1_ISR                    
0     003217b8  _DINTCH2_ISR                    
0     003217c2  _DINTCH3_ISR                    
0     003217cc  _DINTCH4_ISR                    
0     003217d6  _DINTCH5_ISR                    
0     003217e0  _DINTCH6_ISR                    
0     003223e6  _DSP28x_DisableInt              
0     003223ea  _DSP28x_RestoreInt              
0     0000801b  _DSP28x_usDelay                 
0     00321b93  _Delay                          
1     00000880  _DevEmuRegs                     
0     003219d6  _DisableDog                     
1     00001000  _DmaRegs                        
0     0032183a  _ECAN0INTA_ISR                  
0     0032184e  _ECAN0INTB_ISR                  
0     00321844  _ECAN1INTA_ISR                  
0     00321858  _ECAN1INTB_ISR                  
0     00321722  _ECAP1_INT_ISR                  
0     0032172c  _ECAP2_INT_ISR                  
0     00321736  _ECAP3_INT_ISR                  
0     00321740  _ECAP4_INT_ISR                  
0     0032174a  _ECAP5_INT_ISR                  
0     00321754  _ECAP6_INT_ISR                  
1     00006040  _ECanaLAMRegs                   
1     000060c0  _ECanaMOTORegs                  
1     00006080  _ECanaMOTSRegs                  
1     00006100  _ECanaMboxes                    
1     00006000  _ECanaRegs                      
1     00006240  _ECanbLAMRegs                   
1     000062c0  _ECanbMOTORegs                  
1     00006280  _ECanbMOTSRegs                  
1     00006300  _ECanbMboxes                    
1     00006200  _ECanbRegs                      
1     00006a00  _ECap1Regs                      
1     00006a20  _ECap2Regs                      
1     00006a40  _ECap3Regs                      
1     00006a60  _ECap4Regs                      
1     00006a80  _ECap5Regs                      
1     00006aa0  _ECap6Regs                      
0     003215ce  _EMUINT_ISR                     
0     003216e6  _EPWM1_INT_ISR                  
0     003216aa  _EPWM1_TZINT_ISR                
0     003216f0  _EPWM2_INT_ISR                  
0     003216b4  _EPWM2_TZINT_ISR                
0     003216fa  _EPWM3_INT_ISR                  
0     003216be  _EPWM3_TZINT_ISR                
0     00321704  _EPWM4_INT_ISR                  
0     003216c8  _EPWM4_TZINT_ISR                
0     0032170e  _EPWM5_INT_ISR                  
0     003216d2  _EPWM5_TZINT_ISR                
0     00321718  _EPWM6_INT_ISR                  
0     003216dc  _EPWM6_TZINT_ISR                
1     00006800  _EPwm1Regs                      
1     00006840  _EPwm2Regs                      
1     00006880  _EPwm3Regs                      
1     000068c0  _EPwm4Regs                      
1     00006900  _EPwm5Regs                      
1     00006940  _EPwm6Regs                      
0     0032175e  _EQEP1_INT_ISR                  
0     00321768  _EQEP2_INT_ISR                  
1     00006b00  _EQep1Regs                      
1     00006b40  _EQep2Regs                      
0     003221e1  _EnableInterrupts               
1     00000a80  _FlashRegs                      
1     00006f80  _GpioCtrlRegs                   
1     00006fc0  _GpioDataRegs                   
1     00006fe0  _GpioIntRegs                    
0     003217ea  _I2CINT1A_ISR                   
0     003217f4  _I2CINT2A_ISR                   
1     00007900  _I2caRegs                       
0     003215e2  _ILLEGAL_ISR                    
0     003215a6  _INT13_ISR                      
0     003215b0  _INT14_ISR                      
0     00321f43  _InitCpuTimers                  
0     00008000  _InitFlash                      
0     00322323  _InitGpio                       
0     00321a2f  _InitPeripheralClocks           
0     003221c2  _InitPieCtrl                    
0     00322254  _InitPieVectTable               
0     003219de  _InitPll                        
0     00322066  _InitSci                        
0     00322069  _InitSciGpio                    
0     00322070  _InitSciaGpio                   
0     00322088  _InitScibGpio                   
0     0032209c  _InitScicGpio                   
0     003219c3  _InitSysCtrl                    
0     0032189e  _LUF_ISR                        
0     00321894  _LVF_ISR                        
0     0032179a  _MRINTA_ISR                     
0     00321786  _MRINTB_ISR                     
0     003217a4  _MXINTA_ISR                     
0     00321790  _MXINTB_ISR                     
1     00005000  _McbspaRegs                     
1     00005040  _McbspbRegs                     
0     0032236c  _MemCopy                        
0     003215d8  _NMI_ISR                        
0     003218a8  _PIE_RESERVED                   
1     00380090  _PartIdRegs                     
1     00000ce0  _PieCtrlRegs                    
1     00000d00  _PieVectTable                   
0     003385e8  _PieVectTableInit               
0     003215c4  _RTOSINT_ISR                    
0     0032001f  _RamfuncsLoadEnd                
abs   0000001f  _RamfuncsLoadSize               
0     00320000  _RamfuncsLoadStart              
0     00008000  _RamfuncsRunStart               
0     00321812  _SCIRXINTA_ISR                  
0     00321826  _SCIRXINTB_ISR                  
0     003217fe  _SCIRXINTC_ISR                  
0     0032181c  _SCITXINTA_ISR                  
0     00321830  _SCITXINTB_ISR                  
0     00321808  _SCITXINTC_ISR                  
0     00321bab  _SCI_INIT                       
0     00321664  _SEQ1INT_ISR                    
0     0032166e  _SEQ2INT_ISR                    
0     00321772  _SPIRXINTA_ISR                  
0     0032177c  _SPITXINTA_ISR                  
1     00007050  _SciaRegs                       
1     00007750  _ScibRegs                       
1     00007770  _ScicRegs                       
0     003219cc  _ServiceDog                     
0     003223f9  _SetDBGIER                      
1     00007040  _SpiaRegs                       
1     00007010  _SysCtrlRegs                    
0     00321696  _TINT0_ISR                      
0     00321646  _USER10_ISR                     
0     00321650  _USER11_ISR                     
0     0032165a  _USER12_ISR                     
0     003215ec  _USER1_ISR                      
0     003215f6  _USER2_ISR                      
0     00321600  _USER3_ISR                      
0     0032160a  _USER4_ISR                      
0     00321614  _USER5_ISR                      
0     0032161e  _USER6_ISR                      
0     00321628  _USER7_ISR                      
0     00321632  _USER8_ISR                      
0     0032163c  _USER9_ISR                      
0     003216a0  _WAKEINT_ISR                    
0     00321678  _XINT1_ISR                      
0     00321682  _XINT2_ISR                      
0     00321862  _XINT3_ISR                      
0     0032186c  _XINT4_ISR                      
0     00321876  _XINT5_ISR                      
0     00321880  _XINT6_ISR                      
0     0032188a  _XINT7_ISR                      
1     00007070  _XIntruptRegs                   
1     00000b20  _XintfRegs                      
0     0000a300  __STACK_END                     
abs   00000300  __STACK_SIZE                    
1     0000c0da  ___TI_cleanup_ptr               
1     0000c0dc  ___TI_dtors_ptr                 
1     0000c0d8  ___TI_enable_exit_profile_output
0     00322115  ___TI_ltoa                      
abs   ffffffff  ___TI_pprof_out_hndl            
0     00320b73  ___TI_printfi                   
abs   ffffffff  ___TI_prof_data_size            
abs   ffffffff  ___TI_prof_data_start           
abs   ffffffff  ___binit__                      
abs   ffffffff  ___c_args__                     
0     0033883a  ___cinit__                      
0     003223ff  ___etext__                      
abs   ffffffff  ___pinit__                      
0     00320020  ___text__                       
0     0032237f  __args_main                     
0     003384e7  __ctypes_                       
1     0000c0bc  __lock                          
0     003223c3  __nop                           
0     003223bf  __register_lock                 
0     003223bb  __register_unlock               
0     0000a000  __stack                         
0     003223fe  __system_post_cinit             
0     003223fc  __system_pre_init               
1     0000c0be  __unlock                        
0     00322199  _abort                          
1     0000c040  _as608                          
0     0032130a  _as608_add_finger               
0     00321064  _as608_dele_char                
0     003210cf  _as608_empty                    
0     00321460  _as608_ensure_message           
0     00320e3e  _as608_gen_char                 
0     00320df9  _as608_get_image                
0     003212bb  _as608_hand_shake               
0     00320f40  _as608_high_speed_search        
0     00320dc9  _as608_init                     
0     00320e8b  _as608_match                    
1     0000c004  _as608_p                        
0     00320dd4  _as608_pin_set                  
0     00321400  _as608_press_finger             
0     00320ddb  _as608_read_state               
0     00321169  _as608_read_sys_para            
0     00320fc1  _as608_reg_model                
0     00320dd0  _as608_reset                    
0     00320ed0  _as608_search                   
0     00321507  _as608_send_addr                
0     00320dc0  _as608_send_byte                
0     00321531  _as608_send_check               
0     0032152b  _as608_send_cmd                 
0     0032151b  _as608_send_flag                
0     00321500  _as608_send_head                
0     00321521  _as608_send_length              
0     003211e6  _as608_set_addr                 
0     00321006  _as608_store_char               
0     0032153b  _as608_uart_process             
0     00321260  _as608_valid_templete_num       
0     00321114  _as608_write_reg                
0     003220e4  _atoi                           
0     00322010  _c_int00                        
0     0032220f  _copy_in                        
0     003221ea  _copysignl                      
1     0000c0de  _errno                          
0     00321c16  _error                          
1     0000c003  _error_count                    
0     0032219b  _exit                           
0     00321fb6  _frexpl                         
1     0000c002  _id_flag                        
0     00321c65  _ldexpl                         
0     00321abb  _main                           
0     00322391  _memccpy                        
0     003222ce  _memcpy                         
0     003223ed  _memset                         
1     0000c000  _rdata_pointA                   
1     0000c001  _rdata_pointB                   
0     003218b2  _rsvd_ISR                       
0     00321c65  _scalbnl                        
0     00321e3a  _sciaRxFifoIsr                  
0     00321c18  _scia_fifo_init                 
0     00321bc5  _scia_msg                       
0     00321bb8  _scia_xmit                      
0     00321e55  _scibRxFifoIsr                  
0     00321c2e  _scib_fifo_init                 
0     00321bf0  _scib_msg                       
0     00321bd8  _scib_xmit                      
0     00321e9f  _scicRxFifoIsr                  
0     00321c4a  _scic_fifo_init                 
0     00321c03  _scic_msg                       
0     00321be4  _scic_xmit                      
0     003220b2  _sprintf                        
0     003223af  _strchr                         
0     003223f4  _strcpy                         
0     003223de  _strlen                         
0     00322356  _strstr                         
0     003223cd  _wcslen                         
abs   ffffffff  binit                           
0     0033883a  cinit                           
0     0033fff6  code_start                      
0     003223ff  etext                           
abs   ffffffff  pinit                           


GLOBAL SYMBOLS: SORTED BY Symbol Address 

page  address   name                            
----  -------   ----                            
0     00008000  _InitFlash                      
0     00008000  _RamfuncsRunStart               
0     0000801b  _DSP28x_usDelay                 
0     0000a000  __stack                         
0     0000a300  __STACK_END                     
0     00320000  _RamfuncsLoadStart              
0     0032001f  _RamfuncsLoadEnd                
0     00320020  .text                           
0     00320020  ___text__                       
0     00320b73  ___TI_printfi                   
0     00320d04  _AS608_INIT                     
0     00320dc0  _as608_send_byte                
0     00320dc9  _as608_init                     
0     00320dd0  _as608_reset                    
0     00320dd4  _as608_pin_set                  
0     00320ddb  _as608_read_state               
0     00320df9  _as608_get_image                
0     00320e3e  _as608_gen_char                 
0     00320e8b  _as608_match                    
0     00320ed0  _as608_search                   
0     00320f40  _as608_high_speed_search        
0     00320fc1  _as608_reg_model                
0     00321006  _as608_store_char               
0     00321064  _as608_dele_char                
0     003210cf  _as608_empty                    
0     00321114  _as608_write_reg                
0     00321169  _as608_read_sys_para            
0     003211e6  _as608_set_addr                 
0     00321260  _as608_valid_templete_num       
0     003212bb  _as608_hand_shake               
0     0032130a  _as608_add_finger               
0     00321400  _as608_press_finger             
0     00321460  _as608_ensure_message           
0     00321500  _as608_send_head                
0     00321507  _as608_send_addr                
0     0032151b  _as608_send_flag                
0     00321521  _as608_send_length              
0     0032152b  _as608_send_cmd                 
0     00321531  _as608_send_check               
0     0032153b  _as608_uart_process             
0     003215a6  _INT13_ISR                      
0     003215b0  _INT14_ISR                      
0     003215ba  _DATALOG_ISR                    
0     003215c4  _RTOSINT_ISR                    
0     003215ce  _EMUINT_ISR                     
0     003215d8  _NMI_ISR                        
0     003215e2  _ILLEGAL_ISR                    
0     003215ec  _USER1_ISR                      
0     003215f6  _USER2_ISR                      
0     00321600  _USER3_ISR                      
0     0032160a  _USER4_ISR                      
0     00321614  _USER5_ISR                      
0     0032161e  _USER6_ISR                      
0     00321628  _USER7_ISR                      
0     00321632  _USER8_ISR                      
0     0032163c  _USER9_ISR                      
0     00321646  _USER10_ISR                     
0     00321650  _USER11_ISR                     
0     0032165a  _USER12_ISR                     
0     00321664  _SEQ1INT_ISR                    
0     0032166e  _SEQ2INT_ISR                    
0     00321678  _XINT1_ISR                      
0     00321682  _XINT2_ISR                      
0     0032168c  _ADCINT_ISR                     
0     00321696  _TINT0_ISR                      
0     003216a0  _WAKEINT_ISR                    
0     003216aa  _EPWM1_TZINT_ISR                
0     003216b4  _EPWM2_TZINT_ISR                
0     003216be  _EPWM3_TZINT_ISR                
0     003216c8  _EPWM4_TZINT_ISR                
0     003216d2  _EPWM5_TZINT_ISR                
0     003216dc  _EPWM6_TZINT_ISR                
0     003216e6  _EPWM1_INT_ISR                  
0     003216f0  _EPWM2_INT_ISR                  
0     003216fa  _EPWM3_INT_ISR                  
0     00321704  _EPWM4_INT_ISR                  
0     0032170e  _EPWM5_INT_ISR                  
0     00321718  _EPWM6_INT_ISR                  
0     00321722  _ECAP1_INT_ISR                  
0     0032172c  _ECAP2_INT_ISR                  
0     00321736  _ECAP3_INT_ISR                  
0     00321740  _ECAP4_INT_ISR                  
0     0032174a  _ECAP5_INT_ISR                  
0     00321754  _ECAP6_INT_ISR                  
0     0032175e  _EQEP1_INT_ISR                  
0     00321768  _EQEP2_INT_ISR                  
0     00321772  _SPIRXINTA_ISR                  
0     0032177c  _SPITXINTA_ISR                  
0     00321786  _MRINTB_ISR                     
0     00321790  _MXINTB_ISR                     
0     0032179a  _MRINTA_ISR                     
0     003217a4  _MXINTA_ISR                     
0     003217ae  _DINTCH1_ISR                    
0     003217b8  _DINTCH2_ISR                    
0     003217c2  _DINTCH3_ISR                    
0     003217cc  _DINTCH4_ISR                    
0     003217d6  _DINTCH5_ISR                    
0     003217e0  _DINTCH6_ISR                    
0     003217ea  _I2CINT1A_ISR                   
0     003217f4  _I2CINT2A_ISR                   
0     003217fe  _SCIRXINTC_ISR                  
0     00321808  _SCITXINTC_ISR                  
0     00321812  _SCIRXINTA_ISR                  
0     0032181c  _SCITXINTA_ISR                  
0     00321826  _SCIRXINTB_ISR                  
0     00321830  _SCITXINTB_ISR                  
0     0032183a  _ECAN0INTA_ISR                  
0     00321844  _ECAN1INTA_ISR                  
0     0032184e  _ECAN0INTB_ISR                  
0     00321858  _ECAN1INTB_ISR                  
0     00321862  _XINT3_ISR                      
0     0032186c  _XINT4_ISR                      
0     00321876  _XINT5_ISR                      
0     00321880  _XINT6_ISR                      
0     0032188a  _XINT7_ISR                      
0     00321894  _LVF_ISR                        
0     0032189e  _LUF_ISR                        
0     003218a8  _PIE_RESERVED                   
0     003218b2  _rsvd_ISR                       
0     003218bc  LL$$DIV                         
0     003218f8  LL$$MOD                         
0     00321932  ULL$$DIV                        
0     00321961  ULL$$MOD                        
0     003219c3  _InitSysCtrl                    
0     003219cc  _ServiceDog                     
0     003219d6  _DisableDog                     
0     003219de  _InitPll                        
0     00321a2f  _InitPeripheralClocks           
0     00321a8a  _CsmUnlock                      
0     00321abb  _main                           
0     00321b93  _Delay                          
0     00321bab  _SCI_INIT                       
0     00321bb8  _scia_xmit                      
0     00321bc5  _scia_msg                       
0     00321bd8  _scib_xmit                      
0     00321be4  _scic_xmit                      
0     00321bf0  _scib_msg                       
0     00321c03  _scic_msg                       
0     00321c16  _error                          
0     00321c18  _scia_fifo_init                 
0     00321c2e  _scib_fifo_init                 
0     00321c4a  _scic_fifo_init                 
0     00321c65  _ldexpl                         
0     00321c65  _scalbnl                        
0     00321d13  FD$$ADD                         
0     00321daf  FD$$DIV                         
0     00321e3a  _sciaRxFifoIsr                  
0     00321e55  _scibRxFifoIsr                  
0     00321e9f  _scicRxFifoIsr                  
0     00321ec0  FD$$MPY                         
0     00321f43  _InitCpuTimers                  
0     00321f7c  _ConfigCpuTimer                 
0     00321fb6  _frexpl                         
0     00322010  _c_int00                        
0     00322066  _InitSci                        
0     00322069  _InitSciGpio                    
0     00322070  _InitSciaGpio                   
0     00322088  _InitScibGpio                   
0     0032209c  _InitScicGpio                   
0     003220b2  _sprintf                        
0     003220e4  _atoi                           
0     00322115  ___TI_ltoa                      
0     00322145  FD$$CMP                         
0     0032216f  L$$DIV                          
0     0032217e  L$$MOD                          
0     0032218c  UL$$DIV                         
0     00322193  UL$$MOD                         
0     00322199  C$$EXIT                         
0     00322199  _abort                          
0     0032219b  _exit                           
0     003221c2  _InitPieCtrl                    
0     003221e1  _EnableInterrupts               
0     003221ea  _copysignl                      
0     0032220f  _copy_in                        
0     00322233  FD$$TOI                         
0     00322254  _InitPieVectTable               
0     00322274  FD$$TOL                         
0     00322293  LL$$CMP                         
0     003222a5  ULL$$CMP                        
0     003222b1  I$$TOFD                         
0     003222ce  _memcpy                         
0     003222eb  FS$$TOFD                        
0     00322307  L$$TOFD                         
0     00322323  _InitGpio                       
0     0032233e  LL$$AND                         
0     00322346  LL$$OR                          
0     0032234e  LL$$XOR                         
0     00322356  _strstr                         
0     0032236c  _MemCopy                        
0     0032237f  __args_main                     
0     00322391  _memccpy                        
0     003223a1  FD$$SUB                         
0     003223af  _strchr                         
0     003223bb  __register_unlock               
0     003223bf  __register_lock                 
0     003223c3  __nop                           
0     003223c4  FD$$NEG                         
0     003223cd  _wcslen                         
0     003223de  _strlen                         
0     003223e6  _DSP28x_DisableInt              
0     003223ea  _DSP28x_RestoreInt              
0     003223ed  _memset                         
0     003223f4  _strcpy                         
0     003223f9  _SetDBGIER                      
0     003223fc  __system_pre_init               
0     003223fe  __system_post_cinit             
0     003223ff  ___etext__                      
0     003223ff  etext                           
0     003384e7  __ctypes_                       
0     003385e8  _PieVectTableInit               
0     0033883a  ___cinit__                      
0     0033883a  cinit                           
0     0033fff6  code_start                      
0     00380080  _ADC_cal                        
1     00000880  _DevEmuRegs                     
1     00000a80  _FlashRegs                      
1     00000ae0  _CsmRegs                        
1     00000b00  _AdcMirror                      
1     00000b20  _XintfRegs                      
1     00000c00  _CpuTimer0Regs                  
1     00000c08  _CpuTimer1Regs                  
1     00000c10  _CpuTimer2Regs                  
1     00000ce0  _PieCtrlRegs                    
1     00000d00  _PieVectTable                   
1     00001000  _DmaRegs                        
1     00005000  _McbspaRegs                     
1     00005040  _McbspbRegs                     
1     00006000  _ECanaRegs                      
1     00006040  _ECanaLAMRegs                   
1     00006080  _ECanaMOTSRegs                  
1     000060c0  _ECanaMOTORegs                  
1     00006100  _ECanaMboxes                    
1     00006200  _ECanbRegs                      
1     00006240  _ECanbLAMRegs                   
1     00006280  _ECanbMOTSRegs                  
1     000062c0  _ECanbMOTORegs                  
1     00006300  _ECanbMboxes                    
1     00006800  _EPwm1Regs                      
1     00006840  _EPwm2Regs                      
1     00006880  _EPwm3Regs                      
1     000068c0  _EPwm4Regs                      
1     00006900  _EPwm5Regs                      
1     00006940  _EPwm6Regs                      
1     00006a00  _ECap1Regs                      
1     00006a20  _ECap2Regs                      
1     00006a40  _ECap3Regs                      
1     00006a60  _ECap4Regs                      
1     00006a80  _ECap5Regs                      
1     00006aa0  _ECap6Regs                      
1     00006b00  _EQep1Regs                      
1     00006b40  _EQep2Regs                      
1     00006f80  _GpioCtrlRegs                   
1     00006fc0  _GpioDataRegs                   
1     00006fe0  _GpioIntRegs                    
1     00007010  _SysCtrlRegs                    
1     00007040  _SpiaRegs                       
1     00007050  _SciaRegs                       
1     00007070  _XIntruptRegs                   
1     00007100  _AdcRegs                        
1     00007750  _ScibRegs                       
1     00007770  _ScicRegs                       
1     00007900  _I2caRegs                       
1     0000c000  _rdata_pointA                   
1     0000c001  _rdata_pointB                   
1     0000c002  _id_flag                        
1     0000c003  _error_count                    
1     0000c004  _as608_p                        
1     0000c040  _as608                          
1     0000c0bc  __lock                          
1     0000c0be  __unlock                        
1     0000c0c0  _CpuTimer0                      
1     0000c0c8  _CpuTimer1                      
1     0000c0d0  _CpuTimer2                      
1     0000c0d8  ___TI_enable_exit_profile_output
1     0000c0da  ___TI_cleanup_ptr               
1     0000c0dc  ___TI_dtors_ptr                 
1     0000c0de  _errno                          
1     0033fff8  _CsmPwl                         
1     00380090  _PartIdRegs                     
abs   0000001f  _RamfuncsLoadSize               
abs   00000300  __STACK_SIZE                    
abs   ffffffff  ___TI_pprof_out_hndl            
abs   ffffffff  ___TI_prof_data_size            
abs   ffffffff  ___TI_prof_data_start           
abs   ffffffff  ___binit__                      
abs   ffffffff  ___c_args__                     
abs   ffffffff  ___pinit__                      
abs   ffffffff  binit                           
abs   ffffffff  pinit                           

[289 symbols]
