******************************************************************************
             TMS320C2000 Linker PC v20.2.0                     
******************************************************************************
>> Linked Sun Mar 29 11:25:25 2020

OUTPUT FILE NAME:   <S04-AS608-FINGER-F28335-CCSV8.out>
ENTRY POINT SYMBOL: "_c_int00"  address: 0000efe4


MEMORY CONFIGURATION

         name            origin    length      used     unused   attr    fill
----------------------  --------  ---------  --------  --------  ----  --------
PAGE 0:
  BEGIN                 00000000   00000002  00000002  00000000  RWIX
  RAMM0                 00000050   000003b0  00000000  000003b0  RWIX
  RAML0                 00008000   00001000  0000003e  00000fc2  RWIX
  RAML1                 00009000   00001000  00000300  00000d00  RWIX
  RAML2                 0000a000   00001000  00000000  00001000  RWIX
  RAML3                 0000b000   00001000  00000000  00001000  RWIX
  ZONE7A                00200000   00001000  00000000  00001000  RWIX
  ZONE7B                00220000   00020000  00000000  00020000  RWIX
  CSM_RSVD              0033ff80   00000076  00000000  00000076  RWIX
  CSM_PWL               0033fff8   00000008  00000000  00000008  RWIX
  ADC_CAL               00380080   00000009  00000007  00000002  RWIX
  IQTABLES              003fe000   00000b50  00000000  00000b50  RWIX
  IQTABLES2             003feb50   0000008c  00000000  0000008c  RWIX
  FPUTABLES             003febdc   000006a0  00000000  000006a0  RWIX
  BOOTROM               003ff27c   00000d44  00000000  00000d44  RWIX
  RESET                 003fffc0   00000002  00000000  00000002  RWIX

PAGE 1:
  BOOT_RSVD             00000002   0000004e  00000000  0000004e  RWIX
  RAMM1                 00000400   00000400  00000000  00000400  RWIX
  DEV_EMU               00000880   00000180  000000d0  000000b0  RWIX
  FLASH_REGS            00000a80   00000060  00000008  00000058  RWIX
  CSM                   00000ae0   00000010  00000010  00000000  RWIX
  ADC_MIRROR            00000b00   00000010  00000010  00000000  RWIX
  XINTF                 00000b20   00000020  0000001e  00000002  RWIX
  CPU_TIMER0            00000c00   00000008  00000008  00000000  RWIX
  CPU_TIMER1            00000c08   00000008  00000008  00000000  RWIX
  CPU_TIMER2            00000c10   00000008  00000008  00000000  RWIX
  PIE_CTRL              00000ce0   00000020  0000001a  00000006  RWIX
  PIE_VECT              00000d00   00000100  00000100  00000000  RWIX
  DMA                   00001000   00000200  000000e0  00000120  RWIX
  MCBSPA                00005000   00000040  00000025  0000001b  RWIX
  MCBSPB                00005040   00000040  00000025  0000001b  RWIX
  ECANA                 00006000   00000040  00000034  0000000c  RWIX
  ECANA_LAM             00006040   00000040  00000040  00000000  RWIX
  ECANA_MOTS            00006080   00000040  00000040  00000000  RWIX
  ECANA_MOTO            000060c0   00000040  00000040  00000000  RWIX
  ECANA_MBOX            00006100   00000100  00000100  00000000  RWIX
  ECANB                 00006200   00000040  00000034  0000000c  RWIX
  ECANB_LAM             00006240   00000040  00000040  00000000  RWIX
  ECANB_MOTS            00006280   00000040  00000040  00000000  RWIX
  ECANB_MOTO            000062c0   00000040  00000040  00000000  RWIX
  ECANB_MBOX            00006300   00000100  00000100  00000000  RWIX
  EPWM1                 00006800   00000022  00000022  00000000  RWIX
  EPWM2                 00006840   00000022  00000022  00000000  RWIX
  EPWM3                 00006880   00000022  00000022  00000000  RWIX
  EPWM4                 000068c0   00000022  00000022  00000000  RWIX
  EPWM5                 00006900   00000022  00000022  00000000  RWIX
  EPWM6                 00006940   00000022  00000022  00000000  RWIX
  ECAP1                 00006a00   00000020  00000020  00000000  RWIX
  ECAP2                 00006a20   00000020  00000020  00000000  RWIX
  ECAP3                 00006a40   00000020  00000020  00000000  RWIX
  ECAP4                 00006a60   00000020  00000020  00000000  RWIX
  ECAP5                 00006a80   00000020  00000020  00000000  RWIX
  ECAP6                 00006aa0   00000020  00000020  00000000  RWIX
  EQEP1                 00006b00   00000040  00000040  00000000  RWIX
  EQEP2                 00006b40   00000040  00000040  00000000  RWIX
  GPIOCTRL              00006f80   00000040  0000002e  00000012  RWIX
  GPIODAT               00006fc0   00000020  00000020  00000000  RWIX
  GPIOINT               00006fe0   00000020  0000000a  00000016  RWIX
  SYSTEM                00007010   00000020  00000020  00000000  RWIX
  SPIA                  00007040   00000010  00000010  00000000  RWIX
  SCIA                  00007050   00000010  00000010  00000000  RWIX
  XINTRUPT              00007070   00000010  00000010  00000000  RWIX
  ADC                   00007100   00000020  0000001e  00000002  RWIX
  SCIB                  00007750   00000010  00000010  00000000  RWIX
  SCIC                  00007770   00000010  00000010  00000000  RWIX
  I2CA                  00007900   00000040  00000022  0000001e  RWIX
  RAML4                 0000c000   00001000  000000df  00000f21  RWIX
  RAML5                 0000d000   00003000  00002bfa  00000406  RWIX
  ZONE7B                0020fc00   00000400  00000000  00000400  RWIX
  CSM_PWL               0033fff8   00000008  00000008  00000000  RWIX
  PARTID                00380090   00000001  00000001  00000000  RWIX

PAGE 2:
  USER_RAMH0            003f8000   00008000  00000000  00008000  RWIX


SECTION ALLOCATION MAP

 output                                  attributes/
section   page    origin      length       input sections
--------  ----  ----------  ----------   ----------------
codestart 
*          0    00000000    00000002     
                  00000000    00000002     DSP2833x_CodeStartBranch.obj (codestart)

ramfuncs   0    0000803a    00000004     
                  0000803a    00000004     DSP2833x_usDelay.obj (ramfuncs)

.text      1    0000d000    000023c0     
                  0000d000    00000ce4     rts2800_fpu32.lib : _printfi.c.obj (.text)
                  0000dce4    000008a1     as608.obj (.text)
                  0000e585    00000316     DSP2833x_DefaultIsr.obj (.text:retain)
                  0000e89b    00000107     rts2800_fpu32.lib : ll_div28.asm.obj (.text)
                  0000e9a2    000000f8     DSP2833x_SysCtrl.obj (.text)
                  0000ea9a    000000e5     main.obj (.text)
                  0000eb7f    000000ba     sci.obj (.text)
                  0000ec39    000000ae     rts2800_fpu32.lib : s_scalbn.c.obj (.text)
                  0000ece7    0000009c                       : fd_add28.asm.obj (.text)
                  0000ed83    0000008b                       : fd_div28.asm.obj (.text)
                  0000ee0e    00000086     sci.obj (.text:retain)
                  0000ee94    00000083     rts2800_fpu32.lib : fd_mpy28.asm.obj (.text)
                  0000ef17    00000073     DSP2833x_CpuTimers.obj (.text)
                  0000ef8a    0000005a     rts2800_fpu32.lib : s_frexp.c.obj (.text)
                  0000efe4    00000056                       : boot28.asm.obj (.text)
                  0000f03a    0000004c     DSP2833x_Sci.obj (.text)
                  0000f086    00000032     rts2800_fpu32.lib : sprintf.c.obj (.text)
                  0000f0b8    00000031                       : atoi.c.obj (.text)
                  0000f0e9    00000030                       : _ltoa.c.obj (.text)
                  0000f119    0000002a                       : fd_cmp28.asm.obj (.text)
                  0000f143    0000002a                       : l_div28.asm.obj (.text)
                  0000f16d    00000029                       : exit.c.obj (.text)
                  0000f196    00000028     DSP2833x_PieCtrl.obj (.text)
                  0000f1be    00000025     rts2800_fpu32.lib : s_copysign.c.obj (.text)
                  0000f1e3    00000024                       : cpy_tbl.c.obj (.text)
                  0000f207    00000021                       : fd_toi28.asm.obj (.text)
                  0000f228    00000020     DSP2833x_PieVect.obj (.text)
                  0000f248    0000001f     rts2800_fpu32.lib : fd_tol28.asm.obj (.text)
                  0000f267    0000001e                       : ll_cmp28.asm.obj (.text)
                  0000f285    0000001d                       : i_tofd28.asm.obj (.text)
                  0000f2a2    0000001d                       : memcpy.c.obj (.text)
                  0000f2bf    0000001c                       : fs_tofdfpu32.asm.obj (.text)
                  0000f2db    0000001c                       : l_tofd28.asm.obj (.text)
                  0000f2f7    0000001b     DSP2833x_Gpio.obj (.text)
                  0000f312    00000018     rts2800_fpu32.lib : ll_aox28.asm.obj (.text)
                  0000f32a    00000016                       : strstr.c.obj (.text)
                  0000f340    00000012                       : args_main.c.obj (.text)
                  0000f352    00000010                       : memccpy.c.obj (.text)
                  0000f362    0000000e                       : fd_sub28.asm.obj (.text)
                  0000f370    0000000c                       : strchr.c.obj (.text)
                  0000f37c    00000009                       : _lock.c.obj (.text)
                  0000f385    00000009                       : fd_neg28.asm.obj (.text)
                  0000f38e    00000009                       : wcslen.c.obj (.text)
                  0000f397    00000008     DSP2833x_CodeStartBranch.obj (.text)
                  0000f39f    00000008     rts2800_fpu32.lib : strlen.c.obj (.text)
                  0000f3a7    00000007     DSP2833x_DisInt.obj (.text)
                  0000f3ae    00000007     rts2800_fpu32.lib : memset.c.obj (.text)
                  0000f3b5    00000005                       : strcpy.c.obj (.text)
                  0000f3ba    00000003     DSP2833x_DBGIER.obj (.text)
                  0000f3bd    00000002     rts2800_fpu32.lib : pre_init.c.obj (.text)
                  0000f3bf    00000001                       : startup.c.obj (.text)

.cinit     0    00008000    00000022     
                  00008000    0000000e     rts2800_fpu32.lib : exit.c.obj (.cinit)
                  0000800e    00000005                       : _lock.c.obj (.cinit:__lock)
                  00008013    00000005                       : _lock.c.obj (.cinit:__unlock)
                  00008018    00000004     main.obj (.cinit)
                  0000801c    00000004     rts2800_fpu32.lib : errno.c.obj (.cinit)
                  00008020    00000002     --HOLE-- [fill = 0]

.pinit     0    00008000    00000000     UNINITIALIZED

.switch    0    00008022    00000018     
                  00008022    00000018     as608.obj (.switch:_as608_ensure_message)

.stack     0    00009000    00000300     UNINITIALIZED
                  00009000    00000300     --HOLE--

.ebss      1    0000c000    000000df     UNINITIALIZED
                  0000c000    000000bc     main.obj (.ebss)
                  0000c0bc    00000002     rts2800_fpu32.lib : _lock.c.obj (.ebss:__lock)
                  0000c0be    00000002                       : _lock.c.obj (.ebss:__unlock)
                  0000c0c0    00000018     DSP2833x_CpuTimers.obj (.ebss)
                  0000c0d8    00000006     rts2800_fpu32.lib : exit.c.obj (.ebss)
                  0000c0de    00000001                       : errno.c.obj (.ebss)

.econst    1    0000f3c0    0000083a     
                  0000f3c0    000004e7     as608.obj (.econst:.string)
                  0000f8a7    00000101     rts2800_fpu32.lib : ctype.c.obj (.econst:.string:__ctypes_)
                  0000f9a8    00000100     DSP2833x_PieVect.obj (.econst:_PieVectTableInit)
                  0000faa8    000000eb     main.obj (.econst:.string)
                  0000fb93    00000001     --HOLE-- [fill = 0]
                  0000fb94    00000026     rts2800_fpu32.lib : _printfi.c.obj (.econst:.string)
                  0000fbba    0000001c                       : _printfi.c.obj (.econst)
                  0000fbd6    0000001c                       : s_scalbn.c.obj (.econst)
                  0000fbf2    00000008                       : s_frexp.c.obj (.econst)

.reset     0    003fffc0    00000002     DSECT
                  003fffc0    00000002     rts2800_fpu32.lib : boot28.asm.obj (.reset)

csm_rsvd   0    0033ff80    00000076     DSECT
                  0033ff80    00000076     DSP2833x_CSMPasswords.obj (csm_rsvd)

csmpasswds 
*          0    0033fff8    00000008     DSECT
                  0033fff8    00000008     DSP2833x_CSMPasswords.obj (csmpasswds)

.adc_cal   0    00380080    00000007     NOLOAD SECTION
                  00380080    00000007     DSP2833x_ADC_cal.obj (.adc_cal)

DevEmuRegsFile 
*          1    00000880    000000d0     UNINITIALIZED
                  00000880    000000d0     DSP2833x_GlobalVariableDefs.obj (DevEmuRegsFile)

FlashRegsFile 
*          1    00000a80    00000008     UNINITIALIZED
                  00000a80    00000008     DSP2833x_GlobalVariableDefs.obj (FlashRegsFile)

CsmRegsFile 
*          1    00000ae0    00000010     UNINITIALIZED
                  00000ae0    00000010     DSP2833x_GlobalVariableDefs.obj (CsmRegsFile)

AdcMirrorFile 
*          1    00000b00    00000010     UNINITIALIZED
                  00000b00    00000010     DSP2833x_GlobalVariableDefs.obj (AdcMirrorFile)

XintfRegsFile 
*          1    00000b20    0000001e     UNINITIALIZED
                  00000b20    0000001e     DSP2833x_GlobalVariableDefs.obj (XintfRegsFile)

CpuTimer0RegsFile 
*          1    00000c00    00000008     UNINITIALIZED
                  00000c00    00000008     DSP2833x_GlobalVariableDefs.obj (CpuTimer0RegsFile)

CpuTimer1RegsFile 
*          1    00000c08    00000008     UNINITIALIZED
                  00000c08    00000008     DSP2833x_GlobalVariableDefs.obj (CpuTimer1RegsFile)

CpuTimer2RegsFile 
*          1    00000c10    00000008     UNINITIALIZED
                  00000c10    00000008     DSP2833x_GlobalVariableDefs.obj (CpuTimer2RegsFile)

PieCtrlRegsFile 
*          1    00000ce0    0000001a     UNINITIALIZED
                  00000ce0    0000001a     DSP2833x_GlobalVariableDefs.obj (PieCtrlRegsFile)

PieVectTableFile 
*          1    00000d00    00000100     UNINITIALIZED
                  00000d00    00000100     DSP2833x_GlobalVariableDefs.obj (PieVectTableFile)

DmaRegsFile 
*          1    00001000    000000e0     UNINITIALIZED
                  00001000    000000e0     DSP2833x_GlobalVariableDefs.obj (DmaRegsFile)

McbspaRegsFile 
*          1    00005000    00000025     UNINITIALIZED
                  00005000    00000025     DSP2833x_GlobalVariableDefs.obj (McbspaRegsFile)

McbspbRegsFile 
*          1    00005040    00000025     UNINITIALIZED
                  00005040    00000025     DSP2833x_GlobalVariableDefs.obj (McbspbRegsFile)

ECanaRegsFile 
*          1    00006000    00000034     UNINITIALIZED
                  00006000    00000034     DSP2833x_GlobalVariableDefs.obj (ECanaRegsFile)

ECanaLAMRegsFile 
*          1    00006040    00000040     UNINITIALIZED
                  00006040    00000040     DSP2833x_GlobalVariableDefs.obj (ECanaLAMRegsFile)

ECanaMOTSRegsFile 
*          1    00006080    00000040     UNINITIALIZED
                  00006080    00000040     DSP2833x_GlobalVariableDefs.obj (ECanaMOTSRegsFile)

ECanaMOTORegsFile 
*          1    000060c0    00000040     UNINITIALIZED
                  000060c0    00000040     DSP2833x_GlobalVariableDefs.obj (ECanaMOTORegsFile)

ECanaMboxesFile 
*          1    00006100    00000100     UNINITIALIZED
                  00006100    00000100     DSP2833x_GlobalVariableDefs.obj (ECanaMboxesFile)

ECanbRegsFile 
*          1    00006200    00000034     UNINITIALIZED
                  00006200    00000034     DSP2833x_GlobalVariableDefs.obj (ECanbRegsFile)

ECanbLAMRegsFile 
*          1    00006240    00000040     UNINITIALIZED
                  00006240    00000040     DSP2833x_GlobalVariableDefs.obj (ECanbLAMRegsFile)

ECanbMOTSRegsFile 
*          1    00006280    00000040     UNINITIALIZED
                  00006280    00000040     DSP2833x_GlobalVariableDefs.obj (ECanbMOTSRegsFile)

ECanbMOTORegsFile 
*          1    000062c0    00000040     UNINITIALIZED
                  000062c0    00000040     DSP2833x_GlobalVariableDefs.obj (ECanbMOTORegsFile)

ECanbMboxesFile 
*          1    00006300    00000100     UNINITIALIZED
                  00006300    00000100     DSP2833x_GlobalVariableDefs.obj (ECanbMboxesFile)

EPwm1RegsFile 
*          1    00006800    00000022     UNINITIALIZED
                  00006800    00000022     DSP2833x_GlobalVariableDefs.obj (EPwm1RegsFile)

EPwm2RegsFile 
*          1    00006840    00000022     UNINITIALIZED
                  00006840    00000022     DSP2833x_GlobalVariableDefs.obj (EPwm2RegsFile)

EPwm3RegsFile 
*          1    00006880    00000022     UNINITIALIZED
                  00006880    00000022     DSP2833x_GlobalVariableDefs.obj (EPwm3RegsFile)

EPwm4RegsFile 
*          1    000068c0    00000022     UNINITIALIZED
                  000068c0    00000022     DSP2833x_GlobalVariableDefs.obj (EPwm4RegsFile)

EPwm5RegsFile 
*          1    00006900    00000022     UNINITIALIZED
                  00006900    00000022     DSP2833x_GlobalVariableDefs.obj (EPwm5RegsFile)

EPwm6RegsFile 
*          1    00006940    00000022     UNINITIALIZED
                  00006940    00000022     DSP2833x_GlobalVariableDefs.obj (EPwm6RegsFile)

ECap1RegsFile 
*          1    00006a00    00000020     UNINITIALIZED
                  00006a00    00000020     DSP2833x_GlobalVariableDefs.obj (ECap1RegsFile)

ECap2RegsFile 
*          1    00006a20    00000020     UNINITIALIZED
                  00006a20    00000020     DSP2833x_GlobalVariableDefs.obj (ECap2RegsFile)

ECap3RegsFile 
*          1    00006a40    00000020     UNINITIALIZED
                  00006a40    00000020     DSP2833x_GlobalVariableDefs.obj (ECap3RegsFile)

ECap4RegsFile 
*          1    00006a60    00000020     UNINITIALIZED
                  00006a60    00000020     DSP2833x_GlobalVariableDefs.obj (ECap4RegsFile)

ECap5RegsFile 
*          1    00006a80    00000020     UNINITIALIZED
                  00006a80    00000020     DSP2833x_GlobalVariableDefs.obj (ECap5RegsFile)

ECap6RegsFile 
*          1    00006aa0    00000020     UNINITIALIZED
                  00006aa0    00000020     DSP2833x_GlobalVariableDefs.obj (ECap6RegsFile)

EQep1RegsFile 
*          1    00006b00    00000040     UNINITIALIZED
                  00006b00    00000040     DSP2833x_GlobalVariableDefs.obj (EQep1RegsFile)

EQep2RegsFile 
*          1    00006b40    00000040     UNINITIALIZED
                  00006b40    00000040     DSP2833x_GlobalVariableDefs.obj (EQep2RegsFile)

GpioCtrlRegsFile 
*          1    00006f80    0000002e     UNINITIALIZED
                  00006f80    0000002e     DSP2833x_GlobalVariableDefs.obj (GpioCtrlRegsFile)

GpioDataRegsFile 
*          1    00006fc0    00000020     UNINITIALIZED
                  00006fc0    00000020     DSP2833x_GlobalVariableDefs.obj (GpioDataRegsFile)

GpioIntRegsFile 
*          1    00006fe0    0000000a     UNINITIALIZED
                  00006fe0    0000000a     DSP2833x_GlobalVariableDefs.obj (GpioIntRegsFile)

SysCtrlRegsFile 
*          1    00007010    00000020     UNINITIALIZED
                  00007010    00000020     DSP2833x_GlobalVariableDefs.obj (SysCtrlRegsFile)

SpiaRegsFile 
*          1    00007040    00000010     UNINITIALIZED
                  00007040    00000010     DSP2833x_GlobalVariableDefs.obj (SpiaRegsFile)

SciaRegsFile 
*          1    00007050    00000010     UNINITIALIZED
                  00007050    00000010     DSP2833x_GlobalVariableDefs.obj (SciaRegsFile)

XIntruptRegsFile 
*          1    00007070    00000010     UNINITIALIZED
                  00007070    00000010     DSP2833x_GlobalVariableDefs.obj (XIntruptRegsFile)

AdcRegsFile 
*          1    00007100    0000001e     UNINITIALIZED
                  00007100    0000001e     DSP2833x_GlobalVariableDefs.obj (AdcRegsFile)

ScibRegsFile 
*          1    00007750    00000010     UNINITIALIZED
                  00007750    00000010     DSP2833x_GlobalVariableDefs.obj (ScibRegsFile)

ScicRegsFile 
*          1    00007770    00000010     UNINITIALIZED
                  00007770    00000010     DSP2833x_GlobalVariableDefs.obj (ScicRegsFile)

I2caRegsFile 
*          1    00007900    00000022     UNINITIALIZED
                  00007900    00000022     DSP2833x_GlobalVariableDefs.obj (I2caRegsFile)

CsmPwlFile 
*          1    0033fff8    00000008     UNINITIALIZED
                  0033fff8    00000008     DSP2833x_GlobalVariableDefs.obj (CsmPwlFile)

PartIdRegsFile 
*          1    00380090    00000001     UNINITIALIZED
                  00380090    00000001     DSP2833x_GlobalVariableDefs.obj (PartIdRegsFile)

MODULE SUMMARY

       Module                            code   initialized data   uninitialized data
       ------                            ----   ----------------   ------------------
    .\DSP2833x_common\source\
       DSP2833x_DefaultIsr.obj           790    0                  0                 
       DSP2833x_PieVect.obj              32     256                0                 
       DSP2833x_SysCtrl.obj              248    0                  0                 
       DSP2833x_CpuTimers.obj            115    0                  24                
       DSP2833x_Sci.obj                  76     0                  0                 
       DSP2833x_PieCtrl.obj              40     0                  0                 
       DSP2833x_Gpio.obj                 27     0                  0                 
       DSP2833x_CodeStartBranch.obj      10     0                  0                 
       DSP2833x_ADC_cal.obj              7      0                  0                 
       DSP2833x_DisInt.obj               7      0                  0                 
       DSP2833x_usDelay.obj              4      0                  0                 
       DSP2833x_DBGIER.obj               3      0                  0                 
    +--+---------------------------------+------+------------------+--------------------+
       Total:                            1359   256                24                
                                                                                     
    .\DSP2833x_headers\source\
       DSP2833x_GlobalVariableDefs.obj   0      0                  2679              
    +--+---------------------------------+------+------------------+--------------------+
       Total:                            0      0                  2679              
                                                                                     
    .\src\
       as608.obj                         2209   1279               0                 
       main.obj                          229    239                188               
       sci.obj                           320    0                  0                 
    +--+---------------------------------+------+------------------+--------------------+
       Total:                            2758   1518               188               
                                                                                     
    C:\opt\ti\ccsv8\tools\compiler\ti-cgt-c2000_20.2.0.LTS\lib\rts2800_fpu32.lib
       _printfi.c.obj                    3300   66                 0                 
       ll_div28.asm.obj                  263    0                  0                 
       ctype.c.obj                       0      257                0                 
       s_scalbn.c.obj                    174    28                 0                 
       fd_add28.asm.obj                  156    0                  0                 
       fd_div28.asm.obj                  139    0                  0                 
       fd_mpy28.asm.obj                  131    0                  0                 
       s_frexp.c.obj                     90     8                  0                 
       boot28.asm.obj                    86     0                  0                 
       exit.c.obj                        41     14                 6                 
       sprintf.c.obj                     50     0                  0                 
       atoi.c.obj                        49     0                  0                 
       _ltoa.c.obj                       48     0                  0                 
       fd_cmp28.asm.obj                  42     0                  0                 
       l_div28.asm.obj                   42     0                  0                 
       s_copysign.c.obj                  37     0                  0                 
       cpy_tbl.c.obj                     36     0                  0                 
       fd_toi28.asm.obj                  33     0                  0                 
       fd_tol28.asm.obj                  31     0                  0                 
       ll_cmp28.asm.obj                  30     0                  0                 
       i_tofd28.asm.obj                  29     0                  0                 
       memcpy.c.obj                      29     0                  0                 
       fs_tofdfpu32.asm.obj              28     0                  0                 
       l_tofd28.asm.obj                  28     0                  0                 
       ll_aox28.asm.obj                  24     0                  0                 
       _lock.c.obj                       9      10                 4                 
       strstr.c.obj                      22     0                  0                 
       args_main.c.obj                   18     0                  0                 
       memccpy.c.obj                     16     0                  0                 
       fd_sub28.asm.obj                  14     0                  0                 
       strchr.c.obj                      12     0                  0                 
       fd_neg28.asm.obj                  9      0                  0                 
       wcslen.c.obj                      9      0                  0                 
       strlen.c.obj                      8      0                  0                 
       memset.c.obj                      7      0                  0                 
       errno.c.obj                       0      4                  1                 
       strcpy.c.obj                      5      0                  0                 
       pre_init.c.obj                    2      0                  0                 
       startup.c.obj                     1      0                  0                 
    +--+---------------------------------+------+------------------+--------------------+
       Total:                            5048   387                11                
                                                                                     
       Stack:                            0      0                  768               
    +--+---------------------------------+------+------------------+--------------------+
       Grand Total:                      9165   2161               3670              


GLOBAL DATA SYMBOLS: SORTED BY DATA PAGE

address     data page           name
--------    ----------------    ----
00000880      22 (00000880)     _DevEmuRegs

00000a80      2a (00000a80)     _FlashRegs

00000ae0      2b (00000ac0)     _CsmRegs

00000b00      2c (00000b00)     _AdcMirror
00000b20      2c (00000b00)     _XintfRegs

00000c00      30 (00000c00)     _CpuTimer0Regs
00000c08      30 (00000c00)     _CpuTimer1Regs
00000c10      30 (00000c00)     _CpuTimer2Regs

00000ce0      33 (00000cc0)     _PieCtrlRegs

00000d00      34 (00000d00)     _PieVectTable

00001000      40 (00001000)     _DmaRegs

00005000     140 (00005000)     _McbspaRegs

00005040     141 (00005040)     _McbspbRegs

00006000     180 (00006000)     _ECanaRegs

00006040     181 (00006040)     _ECanaLAMRegs

00006080     182 (00006080)     _ECanaMOTSRegs

000060c0     183 (000060c0)     _ECanaMOTORegs

00006100     184 (00006100)     _ECanaMboxes

00006200     188 (00006200)     _ECanbRegs

00006240     189 (00006240)     _ECanbLAMRegs

00006280     18a (00006280)     _ECanbMOTSRegs

000062c0     18b (000062c0)     _ECanbMOTORegs

00006300     18c (00006300)     _ECanbMboxes

00006800     1a0 (00006800)     _EPwm1Regs

00006840     1a1 (00006840)     _EPwm2Regs

00006880     1a2 (00006880)     _EPwm3Regs

000068c0     1a3 (000068c0)     _EPwm4Regs

00006900     1a4 (00006900)     _EPwm5Regs

00006940     1a5 (00006940)     _EPwm6Regs

00006a00     1a8 (00006a00)     _ECap1Regs
00006a20     1a8 (00006a00)     _ECap2Regs

00006a40     1a9 (00006a40)     _ECap3Regs
00006a60     1a9 (00006a40)     _ECap4Regs

00006a80     1aa (00006a80)     _ECap5Regs
00006aa0     1aa (00006a80)     _ECap6Regs

00006b00     1ac (00006b00)     _EQep1Regs

00006b40     1ad (00006b40)     _EQep2Regs

00006f80     1be (00006f80)     _GpioCtrlRegs

00006fc0     1bf (00006fc0)     _GpioDataRegs
00006fe0     1bf (00006fc0)     _GpioIntRegs

00007010     1c0 (00007000)     _SysCtrlRegs

00007040     1c1 (00007040)     _SpiaRegs
00007050     1c1 (00007040)     _SciaRegs
00007070     1c1 (00007040)     _XIntruptRegs

00007100     1c4 (00007100)     _AdcRegs

00007750     1dd (00007740)     _ScibRegs
00007770     1dd (00007740)     _ScicRegs

00007900     1e4 (00007900)     _I2caRegs

00009000     240 (00009000)     __stack

0000c000     300 (0000c000)     _rdata_pointA
0000c001     300 (0000c000)     _rdata_pointB
0000c002     300 (0000c000)     _id_flag
0000c003     300 (0000c000)     _error_count
0000c004     300 (0000c000)     _as608_p

0000c040     301 (0000c040)     _as608

0000c0bc     302 (0000c080)     __lock
0000c0be     302 (0000c080)     __unlock

0000c0c0     303 (0000c0c0)     _CpuTimer0
0000c0c8     303 (0000c0c0)     _CpuTimer1
0000c0d0     303 (0000c0c0)     _CpuTimer2
0000c0d8     303 (0000c0c0)     ___TI_enable_exit_profile_output
0000c0da     303 (0000c0c0)     ___TI_cleanup_ptr
0000c0dc     303 (0000c0c0)     ___TI_dtors_ptr
0000c0de     303 (0000c0c0)     _errno

0000f8a7     3e2 (0000f880)     __ctypes_

0000f9a8     3e6 (0000f980)     _PieVectTableInit

0033fff8    cfff (0033ffc0)     _CsmPwl

00380090    e002 (00380080)     _PartIdRegs


GLOBAL SYMBOLS: SORTED ALPHABETICALLY BY Name 

page  address   name                            
----  -------   ----                            
1     0000d000  .text                           
1     0000f16d  C$$EXIT                         
1     0000ece7  FD$$ADD                         
1     0000f119  FD$$CMP                         
1     0000ed83  FD$$DIV                         
1     0000ee94  FD$$MPY                         
1     0000f385  FD$$NEG                         
1     0000f362  FD$$SUB                         
1     0000f207  FD$$TOI                         
1     0000f248  FD$$TOL                         
1     0000f2bf  FS$$TOFD                        
1     0000f285  I$$TOFD                         
1     0000f143  L$$DIV                          
1     0000f152  L$$MOD                          
1     0000f2db  L$$TOFD                         
1     0000f312  LL$$AND                         
1     0000f267  LL$$CMP                         
1     0000e89b  LL$$DIV                         
1     0000e8d7  LL$$MOD                         
1     0000f31a  LL$$OR                          
1     0000f322  LL$$XOR                         
1     0000f160  UL$$DIV                         
1     0000f167  UL$$MOD                         
1     0000f279  ULL$$CMP                        
1     0000e911  ULL$$DIV                        
1     0000e940  ULL$$MOD                        
1     0000e66b  _ADCINT_ISR                     
0     00380080  _ADC_cal                        
1     0000dce4  _AS608_INIT                     
1     00000b00  _AdcMirror                      
1     00007100  _AdcRegs                        
1     0000ef50  _ConfigCpuTimer                 
1     0000c0c0  _CpuTimer0                      
1     00000c00  _CpuTimer0Regs                  
1     0000c0c8  _CpuTimer1                      
1     00000c08  _CpuTimer1Regs                  
1     0000c0d0  _CpuTimer2                      
1     00000c10  _CpuTimer2Regs                  
1     0033fff8  _CsmPwl                         
1     00000ae0  _CsmRegs                        
1     0000ea69  _CsmUnlock                      
1     0000e599  _DATALOG_ISR                    
1     0000e78d  _DINTCH1_ISR                    
1     0000e797  _DINTCH2_ISR                    
1     0000e7a1  _DINTCH3_ISR                    
1     0000e7ab  _DINTCH4_ISR                    
1     0000e7b5  _DINTCH5_ISR                    
1     0000e7bf  _DINTCH6_ISR                    
1     0000f3a7  _DSP28x_DisableInt              
1     0000f3ab  _DSP28x_RestoreInt              
0     0000803a  _DSP28x_usDelay                 
1     0000eb67  _Delay                          
1     00000880  _DevEmuRegs                     
1     0000e9b5  _DisableDog                     
1     00001000  _DmaRegs                        
1     0000e819  _ECAN0INTA_ISR                  
1     0000e82d  _ECAN0INTB_ISR                  
1     0000e823  _ECAN1INTA_ISR                  
1     0000e837  _ECAN1INTB_ISR                  
1     0000e701  _ECAP1_INT_ISR                  
1     0000e70b  _ECAP2_INT_ISR                  
1     0000e715  _ECAP3_INT_ISR                  
1     0000e71f  _ECAP4_INT_ISR                  
1     0000e729  _ECAP5_INT_ISR                  
1     0000e733  _ECAP6_INT_ISR                  
1     00006040  _ECanaLAMRegs                   
1     000060c0  _ECanaMOTORegs                  
1     00006080  _ECanaMOTSRegs                  
1     00006100  _ECanaMboxes                    
1     00006000  _ECanaRegs                      
1     00006240  _ECanbLAMRegs                   
1     000062c0  _ECanbMOTORegs                  
1     00006280  _ECanbMOTSRegs                  
1     00006300  _ECanbMboxes                    
1     00006200  _ECanbRegs                      
1     00006a00  _ECap1Regs                      
1     00006a20  _ECap2Regs                      
1     00006a40  _ECap3Regs                      
1     00006a60  _ECap4Regs                      
1     00006a80  _ECap5Regs                      
1     00006aa0  _ECap6Regs                      
1     0000e5ad  _EMUINT_ISR                     
1     0000e6c5  _EPWM1_INT_ISR                  
1     0000e689  _EPWM1_TZINT_ISR                
1     0000e6cf  _EPWM2_INT_ISR                  
1     0000e693  _EPWM2_TZINT_ISR                
1     0000e6d9  _EPWM3_INT_ISR                  
1     0000e69d  _EPWM3_TZINT_ISR                
1     0000e6e3  _EPWM4_INT_ISR                  
1     0000e6a7  _EPWM4_TZINT_ISR                
1     0000e6ed  _EPWM5_INT_ISR                  
1     0000e6b1  _EPWM5_TZINT_ISR                
1     0000e6f7  _EPWM6_INT_ISR                  
1     0000e6bb  _EPWM6_TZINT_ISR                
1     00006800  _EPwm1Regs                      
1     00006840  _EPwm2Regs                      
1     00006880  _EPwm3Regs                      
1     000068c0  _EPwm4Regs                      
1     00006900  _EPwm5Regs                      
1     00006940  _EPwm6Regs                      
1     0000e73d  _EQEP1_INT_ISR                  
1     0000e747  _EQEP2_INT_ISR                  
1     00006b00  _EQep1Regs                      
1     00006b40  _EQep2Regs                      
1     0000f1b5  _EnableInterrupts               
1     00000a80  _FlashRegs                      
1     00006f80  _GpioCtrlRegs                   
1     00006fc0  _GpioDataRegs                   
1     00006fe0  _GpioIntRegs                    
1     0000e7c9  _I2CINT1A_ISR                   
1     0000e7d3  _I2CINT2A_ISR                   
1     00007900  _I2caRegs                       
1     0000e5c1  _ILLEGAL_ISR                    
1     0000e585  _INT13_ISR                      
1     0000e58f  _INT14_ISR                      
1     0000ef17  _InitCpuTimers                  
1     0000f2f7  _InitGpio                       
1     0000ea0e  _InitPeripheralClocks           
1     0000f196  _InitPieCtrl                    
1     0000f228  _InitPieVectTable               
1     0000e9bd  _InitPll                        
1     0000f03a  _InitSci                        
1     0000f03d  _InitSciGpio                    
1     0000f044  _InitSciaGpio                   
1     0000f05c  _InitScibGpio                   
1     0000f070  _InitScicGpio                   
1     0000e9a2  _InitSysCtrl                    
1     0000e87d  _LUF_ISR                        
1     0000e873  _LVF_ISR                        
1     0000e779  _MRINTA_ISR                     
1     0000e765  _MRINTB_ISR                     
1     0000e783  _MXINTA_ISR                     
1     0000e76f  _MXINTB_ISR                     
1     00005000  _McbspaRegs                     
1     00005040  _McbspbRegs                     
1     0000e5b7  _NMI_ISR                        
1     0000e887  _PIE_RESERVED                   
1     00380090  _PartIdRegs                     
1     00000ce0  _PieCtrlRegs                    
1     00000d00  _PieVectTable                   
1     0000f9a8  _PieVectTableInit               
1     0000e5a3  _RTOSINT_ISR                    
1     0000e7f1  _SCIRXINTA_ISR                  
1     0000e805  _SCIRXINTB_ISR                  
1     0000e7dd  _SCIRXINTC_ISR                  
1     0000e7fb  _SCITXINTA_ISR                  
1     0000e80f  _SCITXINTB_ISR                  
1     0000e7e7  _SCITXINTC_ISR                  
1     0000eb7f  _SCI_INIT                       
1     0000e643  _SEQ1INT_ISR                    
1     0000e64d  _SEQ2INT_ISR                    
1     0000e751  _SPIRXINTA_ISR                  
1     0000e75b  _SPITXINTA_ISR                  
1     00007050  _SciaRegs                       
1     00007750  _ScibRegs                       
1     00007770  _ScicRegs                       
1     0000e9ab  _ServiceDog                     
1     0000f3ba  _SetDBGIER                      
1     00007040  _SpiaRegs                       
1     00007010  _SysCtrlRegs                    
1     0000e675  _TINT0_ISR                      
1     0000e625  _USER10_ISR                     
1     0000e62f  _USER11_ISR                     
1     0000e639  _USER12_ISR                     
1     0000e5cb  _USER1_ISR                      
1     0000e5d5  _USER2_ISR                      
1     0000e5df  _USER3_ISR                      
1     0000e5e9  _USER4_ISR                      
1     0000e5f3  _USER5_ISR                      
1     0000e5fd  _USER6_ISR                      
1     0000e607  _USER7_ISR                      
1     0000e611  _USER8_ISR                      
1     0000e61b  _USER9_ISR                      
1     0000e67f  _WAKEINT_ISR                    
1     0000e657  _XINT1_ISR                      
1     0000e661  _XINT2_ISR                      
1     0000e841  _XINT3_ISR                      
1     0000e84b  _XINT4_ISR                      
1     0000e855  _XINT5_ISR                      
1     0000e85f  _XINT6_ISR                      
1     0000e869  _XINT7_ISR                      
1     00007070  _XIntruptRegs                   
1     00000b20  _XintfRegs                      
0     00009300  __STACK_END                     
abs   00000300  __STACK_SIZE                    
1     0000c0da  ___TI_cleanup_ptr               
1     0000c0dc  ___TI_dtors_ptr                 
1     0000c0d8  ___TI_enable_exit_profile_output
1     0000f0e9  ___TI_ltoa                      
abs   ffffffff  ___TI_pprof_out_hndl            
1     0000db53  ___TI_printfi                   
abs   ffffffff  ___TI_prof_data_size            
abs   ffffffff  ___TI_prof_data_start           
abs   ffffffff  ___binit__                      
abs   ffffffff  ___c_args__                     
0     00008000  ___cinit__                      
1     0000f3c0  ___etext__                      
abs   ffffffff  ___pinit__                      
1     0000d000  ___text__                       
1     0000f340  __args_main                     
1     0000f8a7  __ctypes_                       
1     0000c0bc  __lock                          
1     0000f384  __nop                           
1     0000f380  __register_lock                 
1     0000f37c  __register_unlock               
0     00009000  __stack                         
1     0000f3bf  __system_post_cinit             
1     0000f3bd  __system_pre_init               
1     0000c0be  __unlock                        
1     0000f16d  _abort                          
1     0000c040  _as608                          
1     0000e2ea  _as608_add_finger               
1     0000e044  _as608_dele_char                
1     0000e0af  _as608_empty                    
1     0000e43f  _as608_ensure_message           
1     0000de1e  _as608_gen_char                 
1     0000ddd9  _as608_get_image                
1     0000e29b  _as608_hand_shake               
1     0000df20  _as608_high_speed_search        
1     0000dda9  _as608_init                     
1     0000de6b  _as608_match                    
1     0000c004  _as608_p                        
1     0000ddb4  _as608_pin_set                  
1     0000e3df  _as608_press_finger             
1     0000ddbb  _as608_read_state               
1     0000e149  _as608_read_sys_para            
1     0000dfa1  _as608_reg_model                
1     0000ddb0  _as608_reset                    
1     0000deb0  _as608_search                   
1     0000e4e6  _as608_send_addr                
1     0000dda0  _as608_send_byte                
1     0000e510  _as608_send_check               
1     0000e50a  _as608_send_cmd                 
1     0000e4fa  _as608_send_flag                
1     0000e4df  _as608_send_head                
1     0000e500  _as608_send_length              
1     0000e1c6  _as608_set_addr                 
1     0000dfe6  _as608_store_char               
1     0000e51a  _as608_uart_process             
1     0000e240  _as608_valid_templete_num       
1     0000e0f4  _as608_write_reg                
1     0000f0b8  _atoi                           
1     0000efe4  _c_int00                        
1     0000f1e3  _copy_in                        
1     0000f1be  _copysignl                      
1     0000c0de  _errno                          
1     0000ebea  _error                          
1     0000c003  _error_count                    
1     0000f16f  _exit                           
1     0000ef8a  _frexpl                         
1     0000c002  _id_flag                        
1     0000ec39  _ldexpl                         
1     0000ea9a  _main                           
1     0000f352  _memccpy                        
1     0000f2a2  _memcpy                         
1     0000f3ae  _memset                         
1     0000c000  _rdata_pointA                   
1     0000c001  _rdata_pointB                   
1     0000e891  _rsvd_ISR                       
1     0000ec39  _scalbnl                        
1     0000ee0e  _sciaRxFifoIsr                  
1     0000ebec  _scia_fifo_init                 
1     0000eb99  _scia_msg                       
1     0000eb8c  _scia_xmit                      
1     0000ee29  _scibRxFifoIsr                  
1     0000ec02  _scib_fifo_init                 
1     0000ebc4  _scib_msg                       
1     0000ebac  _scib_xmit                      
1     0000ee73  _scicRxFifoIsr                  
1     0000ec1e  _scic_fifo_init                 
1     0000ebd7  _scic_msg                       
1     0000ebb8  _scic_xmit                      
1     0000f086  _sprintf                        
1     0000f370  _strchr                         
1     0000f3b5  _strcpy                         
1     0000f39f  _strlen                         
1     0000f32a  _strstr                         
1     0000f38e  _wcslen                         
abs   ffffffff  binit                           
0     00008000  cinit                           
0     00000000  code_start                      
1     0000f3c0  etext                           
abs   ffffffff  pinit                           


GLOBAL SYMBOLS: SORTED BY Symbol Address 

page  address   name                            
----  -------   ----                            
0     00000000  code_start                      
0     00008000  ___cinit__                      
0     00008000  cinit                           
0     0000803a  _DSP28x_usDelay                 
0     00009000  __stack                         
0     00009300  __STACK_END                     
0     00380080  _ADC_cal                        
1     00000880  _DevEmuRegs                     
1     00000a80  _FlashRegs                      
1     00000ae0  _CsmRegs                        
1     00000b00  _AdcMirror                      
1     00000b20  _XintfRegs                      
1     00000c00  _CpuTimer0Regs                  
1     00000c08  _CpuTimer1Regs                  
1     00000c10  _CpuTimer2Regs                  
1     00000ce0  _PieCtrlRegs                    
1     00000d00  _PieVectTable                   
1     00001000  _DmaRegs                        
1     00005000  _McbspaRegs                     
1     00005040  _McbspbRegs                     
1     00006000  _ECanaRegs                      
1     00006040  _ECanaLAMRegs                   
1     00006080  _ECanaMOTSRegs                  
1     000060c0  _ECanaMOTORegs                  
1     00006100  _ECanaMboxes                    
1     00006200  _ECanbRegs                      
1     00006240  _ECanbLAMRegs                   
1     00006280  _ECanbMOTSRegs                  
1     000062c0  _ECanbMOTORegs                  
1     00006300  _ECanbMboxes                    
1     00006800  _EPwm1Regs                      
1     00006840  _EPwm2Regs                      
1     00006880  _EPwm3Regs                      
1     000068c0  _EPwm4Regs                      
1     00006900  _EPwm5Regs                      
1     00006940  _EPwm6Regs                      
1     00006a00  _ECap1Regs                      
1     00006a20  _ECap2Regs                      
1     00006a40  _ECap3Regs                      
1     00006a60  _ECap4Regs                      
1     00006a80  _ECap5Regs                      
1     00006aa0  _ECap6Regs                      
1     00006b00  _EQep1Regs                      
1     00006b40  _EQep2Regs                      
1     00006f80  _GpioCtrlRegs                   
1     00006fc0  _GpioDataRegs                   
1     00006fe0  _GpioIntRegs                    
1     00007010  _SysCtrlRegs                    
1     00007040  _SpiaRegs                       
1     00007050  _SciaRegs                       
1     00007070  _XIntruptRegs                   
1     00007100  _AdcRegs                        
1     00007750  _ScibRegs                       
1     00007770  _ScicRegs                       
1     00007900  _I2caRegs                       
1     0000c000  _rdata_pointA                   
1     0000c001  _rdata_pointB                   
1     0000c002  _id_flag                        
1     0000c003  _error_count                    
1     0000c004  _as608_p                        
1     0000c040  _as608                          
1     0000c0bc  __lock                          
1     0000c0be  __unlock                        
1     0000c0c0  _CpuTimer0                      
1     0000c0c8  _CpuTimer1                      
1     0000c0d0  _CpuTimer2                      
1     0000c0d8  ___TI_enable_exit_profile_output
1     0000c0da  ___TI_cleanup_ptr               
1     0000c0dc  ___TI_dtors_ptr                 
1     0000c0de  _errno                          
1     0000d000  .text                           
1     0000d000  ___text__                       
1     0000db53  ___TI_printfi                   
1     0000dce4  _AS608_INIT                     
1     0000dda0  _as608_send_byte                
1     0000dda9  _as608_init                     
1     0000ddb0  _as608_reset                    
1     0000ddb4  _as608_pin_set                  
1     0000ddbb  _as608_read_state               
1     0000ddd9  _as608_get_image                
1     0000de1e  _as608_gen_char                 
1     0000de6b  _as608_match                    
1     0000deb0  _as608_search                   
1     0000df20  _as608_high_speed_search        
1     0000dfa1  _as608_reg_model                
1     0000dfe6  _as608_store_char               
1     0000e044  _as608_dele_char                
1     0000e0af  _as608_empty                    
1     0000e0f4  _as608_write_reg                
1     0000e149  _as608_read_sys_para            
1     0000e1c6  _as608_set_addr                 
1     0000e240  _as608_valid_templete_num       
1     0000e29b  _as608_hand_shake               
1     0000e2ea  _as608_add_finger               
1     0000e3df  _as608_press_finger             
1     0000e43f  _as608_ensure_message           
1     0000e4df  _as608_send_head                
1     0000e4e6  _as608_send_addr                
1     0000e4fa  _as608_send_flag                
1     0000e500  _as608_send_length              
1     0000e50a  _as608_send_cmd                 
1     0000e510  _as608_send_check               
1     0000e51a  _as608_uart_process             
1     0000e585  _INT13_ISR                      
1     0000e58f  _INT14_ISR                      
1     0000e599  _DATALOG_ISR                    
1     0000e5a3  _RTOSINT_ISR                    
1     0000e5ad  _EMUINT_ISR                     
1     0000e5b7  _NMI_ISR                        
1     0000e5c1  _ILLEGAL_ISR                    
1     0000e5cb  _USER1_ISR                      
1     0000e5d5  _USER2_ISR                      
1     0000e5df  _USER3_ISR                      
1     0000e5e9  _USER4_ISR                      
1     0000e5f3  _USER5_ISR                      
1     0000e5fd  _USER6_ISR                      
1     0000e607  _USER7_ISR                      
1     0000e611  _USER8_ISR                      
1     0000e61b  _USER9_ISR                      
1     0000e625  _USER10_ISR                     
1     0000e62f  _USER11_ISR                     
1     0000e639  _USER12_ISR                     
1     0000e643  _SEQ1INT_ISR                    
1     0000e64d  _SEQ2INT_ISR                    
1     0000e657  _XINT1_ISR                      
1     0000e661  _XINT2_ISR                      
1     0000e66b  _ADCINT_ISR                     
1     0000e675  _TINT0_ISR                      
1     0000e67f  _WAKEINT_ISR                    
1     0000e689  _EPWM1_TZINT_ISR                
1     0000e693  _EPWM2_TZINT_ISR                
1     0000e69d  _EPWM3_TZINT_ISR                
1     0000e6a7  _EPWM4_TZINT_ISR                
1     0000e6b1  _EPWM5_TZINT_ISR                
1     0000e6bb  _EPWM6_TZINT_ISR                
1     0000e6c5  _EPWM1_INT_ISR                  
1     0000e6cf  _EPWM2_INT_ISR                  
1     0000e6d9  _EPWM3_INT_ISR                  
1     0000e6e3  _EPWM4_INT_ISR                  
1     0000e6ed  _EPWM5_INT_ISR                  
1     0000e6f7  _EPWM6_INT_ISR                  
1     0000e701  _ECAP1_INT_ISR                  
1     0000e70b  _ECAP2_INT_ISR                  
1     0000e715  _ECAP3_INT_ISR                  
1     0000e71f  _ECAP4_INT_ISR                  
1     0000e729  _ECAP5_INT_ISR                  
1     0000e733  _ECAP6_INT_ISR                  
1     0000e73d  _EQEP1_INT_ISR                  
1     0000e747  _EQEP2_INT_ISR                  
1     0000e751  _SPIRXINTA_ISR                  
1     0000e75b  _SPITXINTA_ISR                  
1     0000e765  _MRINTB_ISR                     
1     0000e76f  _MXINTB_ISR                     
1     0000e779  _MRINTA_ISR                     
1     0000e783  _MXINTA_ISR                     
1     0000e78d  _DINTCH1_ISR                    
1     0000e797  _DINTCH2_ISR                    
1     0000e7a1  _DINTCH3_ISR                    
1     0000e7ab  _DINTCH4_ISR                    
1     0000e7b5  _DINTCH5_ISR                    
1     0000e7bf  _DINTCH6_ISR                    
1     0000e7c9  _I2CINT1A_ISR                   
1     0000e7d3  _I2CINT2A_ISR                   
1     0000e7dd  _SCIRXINTC_ISR                  
1     0000e7e7  _SCITXINTC_ISR                  
1     0000e7f1  _SCIRXINTA_ISR                  
1     0000e7fb  _SCITXINTA_ISR                  
1     0000e805  _SCIRXINTB_ISR                  
1     0000e80f  _SCITXINTB_ISR                  
1     0000e819  _ECAN0INTA_ISR                  
1     0000e823  _ECAN1INTA_ISR                  
1     0000e82d  _ECAN0INTB_ISR                  
1     0000e837  _ECAN1INTB_ISR                  
1     0000e841  _XINT3_ISR                      
1     0000e84b  _XINT4_ISR                      
1     0000e855  _XINT5_ISR                      
1     0000e85f  _XINT6_ISR                      
1     0000e869  _XINT7_ISR                      
1     0000e873  _LVF_ISR                        
1     0000e87d  _LUF_ISR                        
1     0000e887  _PIE_RESERVED                   
1     0000e891  _rsvd_ISR                       
1     0000e89b  LL$$DIV                         
1     0000e8d7  LL$$MOD                         
1     0000e911  ULL$$DIV                        
1     0000e940  ULL$$MOD                        
1     0000e9a2  _InitSysCtrl                    
1     0000e9ab  _ServiceDog                     
1     0000e9b5  _DisableDog                     
1     0000e9bd  _InitPll                        
1     0000ea0e  _InitPeripheralClocks           
1     0000ea69  _CsmUnlock                      
1     0000ea9a  _main                           
1     0000eb67  _Delay                          
1     0000eb7f  _SCI_INIT                       
1     0000eb8c  _scia_xmit                      
1     0000eb99  _scia_msg                       
1     0000ebac  _scib_xmit                      
1     0000ebb8  _scic_xmit                      
1     0000ebc4  _scib_msg                       
1     0000ebd7  _scic_msg                       
1     0000ebea  _error                          
1     0000ebec  _scia_fifo_init                 
1     0000ec02  _scib_fifo_init                 
1     0000ec1e  _scic_fifo_init                 
1     0000ec39  _ldexpl                         
1     0000ec39  _scalbnl                        
1     0000ece7  FD$$ADD                         
1     0000ed83  FD$$DIV                         
1     0000ee0e  _sciaRxFifoIsr                  
1     0000ee29  _scibRxFifoIsr                  
1     0000ee73  _scicRxFifoIsr                  
1     0000ee94  FD$$MPY                         
1     0000ef17  _InitCpuTimers                  
1     0000ef50  _ConfigCpuTimer                 
1     0000ef8a  _frexpl                         
1     0000efe4  _c_int00                        
1     0000f03a  _InitSci                        
1     0000f03d  _InitSciGpio                    
1     0000f044  _InitSciaGpio                   
1     0000f05c  _InitScibGpio                   
1     0000f070  _InitScicGpio                   
1     0000f086  _sprintf                        
1     0000f0b8  _atoi                           
1     0000f0e9  ___TI_ltoa                      
1     0000f119  FD$$CMP                         
1     0000f143  L$$DIV                          
1     0000f152  L$$MOD                          
1     0000f160  UL$$DIV                         
1     0000f167  UL$$MOD                         
1     0000f16d  C$$EXIT                         
1     0000f16d  _abort                          
1     0000f16f  _exit                           
1     0000f196  _InitPieCtrl                    
1     0000f1b5  _EnableInterrupts               
1     0000f1be  _copysignl                      
1     0000f1e3  _copy_in                        
1     0000f207  FD$$TOI                         
1     0000f228  _InitPieVectTable               
1     0000f248  FD$$TOL                         
1     0000f267  LL$$CMP                         
1     0000f279  ULL$$CMP                        
1     0000f285  I$$TOFD                         
1     0000f2a2  _memcpy                         
1     0000f2bf  FS$$TOFD                        
1     0000f2db  L$$TOFD                         
1     0000f2f7  _InitGpio                       
1     0000f312  LL$$AND                         
1     0000f31a  LL$$OR                          
1     0000f322  LL$$XOR                         
1     0000f32a  _strstr                         
1     0000f340  __args_main                     
1     0000f352  _memccpy                        
1     0000f362  FD$$SUB                         
1     0000f370  _strchr                         
1     0000f37c  __register_unlock               
1     0000f380  __register_lock                 
1     0000f384  __nop                           
1     0000f385  FD$$NEG                         
1     0000f38e  _wcslen                         
1     0000f39f  _strlen                         
1     0000f3a7  _DSP28x_DisableInt              
1     0000f3ab  _DSP28x_RestoreInt              
1     0000f3ae  _memset                         
1     0000f3b5  _strcpy                         
1     0000f3ba  _SetDBGIER                      
1     0000f3bd  __system_pre_init               
1     0000f3bf  __system_post_cinit             
1     0000f3c0  ___etext__                      
1     0000f3c0  etext                           
1     0000f8a7  __ctypes_                       
1     0000f9a8  _PieVectTableInit               
1     0033fff8  _CsmPwl                         
1     00380090  _PartIdRegs                     
abs   00000300  __STACK_SIZE                    
abs   ffffffff  ___TI_pprof_out_hndl            
abs   ffffffff  ___TI_prof_data_size            
abs   ffffffff  ___TI_prof_data_start           
abs   ffffffff  ___binit__                      
abs   ffffffff  ___c_args__                     
abs   ffffffff  ___pinit__                      
abs   ffffffff  binit                           
abs   ffffffff  pinit                           

[283 symbols]
