<?xml version="1.0" encoding="ISO-8859-1" ?>
<link_info>
   <banner>TMS320C2000 Linker PC v20.2.0.LTS</banner>
   <copyright>Copyright (c) 1996-2018 Texas Instruments Incorporated</copyright>
   <link_time>0x5e800e03</link_time>
   <link_errors>0x0</link_errors>
   <output_file>S04-AS608-FINGER-F28335-CCSV8.out</output_file>
   <entry_point>
      <name>_c_int00</name>
      <address>0x322010</address>
   </entry_point>
   <input_file_list>
      <input_file id="fl-2">
         <path>.\DSP2833x_common\source\</path>
         <kind>object</kind>
         <file>DSP2833x_ADC_cal.obj</file>
         <name>DSP2833x_ADC_cal.obj</name>
      </input_file>
      <input_file id="fl-3">
         <path>.\DSP2833x_common\source\</path>
         <kind>object</kind>
         <file>DSP2833x_Adc.obj</file>
         <name>DSP2833x_Adc.obj</name>
      </input_file>
      <input_file id="fl-4">
         <path>.\DSP2833x_common\source\</path>
         <kind>object</kind>
         <file>DSP2833x_CSMPasswords.obj</file>
         <name>DSP2833x_CSMPasswords.obj</name>
      </input_file>
      <input_file id="fl-5">
         <path>.\DSP2833x_common\source\</path>
         <kind>object</kind>
         <file>DSP2833x_CodeStartBranch.obj</file>
         <name>DSP2833x_CodeStartBranch.obj</name>
      </input_file>
      <input_file id="fl-6">
         <path>.\DSP2833x_common\source\</path>
         <kind>object</kind>
         <file>DSP2833x_CpuTimers.obj</file>
         <name>DSP2833x_CpuTimers.obj</name>
      </input_file>
      <input_file id="fl-7">
         <path>.\DSP2833x_common\source\</path>
         <kind>object</kind>
         <file>DSP2833x_DBGIER.obj</file>
         <name>DSP2833x_DBGIER.obj</name>
      </input_file>
      <input_file id="fl-8">
         <path>.\DSP2833x_common\source\</path>
         <kind>object</kind>
         <file>DSP2833x_DMA.obj</file>
         <name>DSP2833x_DMA.obj</name>
      </input_file>
      <input_file id="fl-9">
         <path>.\DSP2833x_common\source\</path>
         <kind>object</kind>
         <file>DSP2833x_DefaultIsr.obj</file>
         <name>DSP2833x_DefaultIsr.obj</name>
      </input_file>
      <input_file id="fl-a">
         <path>.\DSP2833x_common\source\</path>
         <kind>object</kind>
         <file>DSP2833x_DisInt.obj</file>
         <name>DSP2833x_DisInt.obj</name>
      </input_file>
      <input_file id="fl-b">
         <path>.\DSP2833x_common\source\</path>
         <kind>object</kind>
         <file>DSP2833x_ECan.obj</file>
         <name>DSP2833x_ECan.obj</name>
      </input_file>
      <input_file id="fl-c">
         <path>.\DSP2833x_common\source\</path>
         <kind>object</kind>
         <file>DSP2833x_ECap.obj</file>
         <name>DSP2833x_ECap.obj</name>
      </input_file>
      <input_file id="fl-d">
         <path>.\DSP2833x_common\source\</path>
         <kind>object</kind>
         <file>DSP2833x_EPwm.obj</file>
         <name>DSP2833x_EPwm.obj</name>
      </input_file>
      <input_file id="fl-e">
         <path>.\DSP2833x_common\source\</path>
         <kind>object</kind>
         <file>DSP2833x_EQep.obj</file>
         <name>DSP2833x_EQep.obj</name>
      </input_file>
      <input_file id="fl-f">
         <path>.\DSP2833x_common\source\</path>
         <kind>object</kind>
         <file>DSP2833x_Gpio.obj</file>
         <name>DSP2833x_Gpio.obj</name>
      </input_file>
      <input_file id="fl-10">
         <path>.\DSP2833x_common\source\</path>
         <kind>object</kind>
         <file>DSP2833x_I2C.obj</file>
         <name>DSP2833x_I2C.obj</name>
      </input_file>
      <input_file id="fl-11">
         <path>.\DSP2833x_common\source\</path>
         <kind>object</kind>
         <file>DSP2833x_Mcbsp.obj</file>
         <name>DSP2833x_Mcbsp.obj</name>
      </input_file>
      <input_file id="fl-12">
         <path>.\DSP2833x_common\source\</path>
         <kind>object</kind>
         <file>DSP2833x_MemCopy.obj</file>
         <name>DSP2833x_MemCopy.obj</name>
      </input_file>
      <input_file id="fl-13">
         <path>.\DSP2833x_common\source\</path>
         <kind>object</kind>
         <file>DSP2833x_PieCtrl.obj</file>
         <name>DSP2833x_PieCtrl.obj</name>
      </input_file>
      <input_file id="fl-14">
         <path>.\DSP2833x_common\source\</path>
         <kind>object</kind>
         <file>DSP2833x_PieVect.obj</file>
         <name>DSP2833x_PieVect.obj</name>
      </input_file>
      <input_file id="fl-15">
         <path>.\DSP2833x_common\source\</path>
         <kind>object</kind>
         <file>DSP2833x_Sci.obj</file>
         <name>DSP2833x_Sci.obj</name>
      </input_file>
      <input_file id="fl-16">
         <path>.\DSP2833x_common\source\</path>
         <kind>object</kind>
         <file>DSP2833x_Spi.obj</file>
         <name>DSP2833x_Spi.obj</name>
      </input_file>
      <input_file id="fl-17">
         <path>.\DSP2833x_common\source\</path>
         <kind>object</kind>
         <file>DSP2833x_SysCtrl.obj</file>
         <name>DSP2833x_SysCtrl.obj</name>
      </input_file>
      <input_file id="fl-18">
         <path>.\DSP2833x_common\source\</path>
         <kind>object</kind>
         <file>DSP2833x_Xintf.obj</file>
         <name>DSP2833x_Xintf.obj</name>
      </input_file>
      <input_file id="fl-19">
         <path>.\DSP2833x_common\source\</path>
         <kind>object</kind>
         <file>DSP2833x_usDelay.obj</file>
         <name>DSP2833x_usDelay.obj</name>
      </input_file>
      <input_file id="fl-1a">
         <path>.\DSP2833x_headers\source\</path>
         <kind>object</kind>
         <file>DSP2833x_GlobalVariableDefs.obj</file>
         <name>DSP2833x_GlobalVariableDefs.obj</name>
      </input_file>
      <input_file id="fl-1b">
         <path>.\src\</path>
         <kind>object</kind>
         <file>as608.obj</file>
         <name>as608.obj</name>
      </input_file>
      <input_file id="fl-1c">
         <path>.\src\</path>
         <kind>object</kind>
         <file>main.obj</file>
         <name>main.obj</name>
      </input_file>
      <input_file id="fl-1d">
         <path>.\src\</path>
         <kind>object</kind>
         <file>sci.obj</file>
         <name>sci.obj</name>
      </input_file>
      <input_file id="fl-22">
         <kind>object</kind>
         <file>&lt;internal&gt;</file>
         <name>&lt;internal&gt;</name>
      </input_file>
      <input_file id="fl-2e">
         <path>C:\opt\ti\ccsv8\tools\compiler\ti-cgt-c2000_20.2.0.LTS\lib\</path>
         <kind>archive</kind>
         <file>rts2800_fpu32.lib</file>
         <name>sprintf.c.obj</name>
      </input_file>
      <input_file id="fl-2f">
         <path>C:\opt\ti\ccsv8\tools\compiler\ti-cgt-c2000_20.2.0.LTS\lib\</path>
         <kind>archive</kind>
         <file>rts2800_fpu32.lib</file>
         <name>boot28.asm.obj</name>
      </input_file>
      <input_file id="fl-30">
         <path>C:\opt\ti\ccsv8\tools\compiler\ti-cgt-c2000_20.2.0.LTS\lib\</path>
         <kind>archive</kind>
         <file>rts2800_fpu32.lib</file>
         <name>cpy_tbl.c.obj</name>
      </input_file>
      <input_file id="fl-31">
         <path>C:\opt\ti\ccsv8\tools\compiler\ti-cgt-c2000_20.2.0.LTS\lib\</path>
         <kind>archive</kind>
         <file>rts2800_fpu32.lib</file>
         <name>memcpy.c.obj</name>
      </input_file>
      <input_file id="fl-32">
         <path>C:\opt\ti\ccsv8\tools\compiler\ti-cgt-c2000_20.2.0.LTS\lib\</path>
         <kind>archive</kind>
         <file>rts2800_fpu32.lib</file>
         <name>pre_init.c.obj</name>
      </input_file>
      <input_file id="fl-33">
         <path>C:\opt\ti\ccsv8\tools\compiler\ti-cgt-c2000_20.2.0.LTS\lib\</path>
         <kind>archive</kind>
         <file>rts2800_fpu32.lib</file>
         <name>startup.c.obj</name>
      </input_file>
      <input_file id="fl-34">
         <path>C:\opt\ti\ccsv8\tools\compiler\ti-cgt-c2000_20.2.0.LTS\lib\</path>
         <kind>archive</kind>
         <file>rts2800_fpu32.lib</file>
         <name>exit.c.obj</name>
      </input_file>
      <input_file id="fl-35">
         <path>C:\opt\ti\ccsv8\tools\compiler\ti-cgt-c2000_20.2.0.LTS\lib\</path>
         <kind>archive</kind>
         <file>rts2800_fpu32.lib</file>
         <name>_lock.c.obj</name>
      </input_file>
      <input_file id="fl-36">
         <path>C:\opt\ti\ccsv8\tools\compiler\ti-cgt-c2000_20.2.0.LTS\lib\</path>
         <kind>archive</kind>
         <file>rts2800_fpu32.lib</file>
         <name>args_main.c.obj</name>
      </input_file>
      <input_file id="fl-37">
         <path>C:\opt\ti\ccsv8\tools\compiler\ti-cgt-c2000_20.2.0.LTS\lib\</path>
         <kind>archive</kind>
         <file>rts2800_fpu32.lib</file>
         <name>strstr.c.obj</name>
      </input_file>
      <input_file id="fl-38">
         <path>C:\opt\ti\ccsv8\tools\compiler\ti-cgt-c2000_20.2.0.LTS\lib\</path>
         <kind>archive</kind>
         <file>rts2800_fpu32.lib</file>
         <name>_printfi.c.obj</name>
      </input_file>
      <input_file id="fl-39">
         <path>C:\opt\ti\ccsv8\tools\compiler\ti-cgt-c2000_20.2.0.LTS\lib\</path>
         <kind>archive</kind>
         <file>rts2800_fpu32.lib</file>
         <name>wcslen.c.obj</name>
      </input_file>
      <input_file id="fl-3a">
         <path>C:\opt\ti\ccsv8\tools\compiler\ti-cgt-c2000_20.2.0.LTS\lib\</path>
         <kind>archive</kind>
         <file>rts2800_fpu32.lib</file>
         <name>fd_cmp28.asm.obj</name>
      </input_file>
      <input_file id="fl-3b">
         <path>C:\opt\ti\ccsv8\tools\compiler\ti-cgt-c2000_20.2.0.LTS\lib\</path>
         <kind>archive</kind>
         <file>rts2800_fpu32.lib</file>
         <name>fd_mpy28.asm.obj</name>
      </input_file>
      <input_file id="fl-3c">
         <path>C:\opt\ti\ccsv8\tools\compiler\ti-cgt-c2000_20.2.0.LTS\lib\</path>
         <kind>archive</kind>
         <file>rts2800_fpu32.lib</file>
         <name>fd_neg28.asm.obj</name>
      </input_file>
      <input_file id="fl-3d">
         <path>C:\opt\ti\ccsv8\tools\compiler\ti-cgt-c2000_20.2.0.LTS\lib\</path>
         <kind>archive</kind>
         <file>rts2800_fpu32.lib</file>
         <name>fd_sub28.asm.obj</name>
      </input_file>
      <input_file id="fl-3e">
         <path>C:\opt\ti\ccsv8\tools\compiler\ti-cgt-c2000_20.2.0.LTS\lib\</path>
         <kind>archive</kind>
         <file>rts2800_fpu32.lib</file>
         <name>fd_toi28.asm.obj</name>
      </input_file>
      <input_file id="fl-3f">
         <path>C:\opt\ti\ccsv8\tools\compiler\ti-cgt-c2000_20.2.0.LTS\lib\</path>
         <kind>archive</kind>
         <file>rts2800_fpu32.lib</file>
         <name>fd_tol28.asm.obj</name>
      </input_file>
      <input_file id="fl-40">
         <path>C:\opt\ti\ccsv8\tools\compiler\ti-cgt-c2000_20.2.0.LTS\lib\</path>
         <kind>archive</kind>
         <file>rts2800_fpu32.lib</file>
         <name>ll_aox28.asm.obj</name>
      </input_file>
      <input_file id="fl-41">
         <path>C:\opt\ti\ccsv8\tools\compiler\ti-cgt-c2000_20.2.0.LTS\lib\</path>
         <kind>archive</kind>
         <file>rts2800_fpu32.lib</file>
         <name>ll_cmp28.asm.obj</name>
      </input_file>
      <input_file id="fl-42">
         <path>C:\opt\ti\ccsv8\tools\compiler\ti-cgt-c2000_20.2.0.LTS\lib\</path>
         <kind>archive</kind>
         <file>rts2800_fpu32.lib</file>
         <name>ll_div28.asm.obj</name>
      </input_file>
      <input_file id="fl-43">
         <path>C:\opt\ti\ccsv8\tools\compiler\ti-cgt-c2000_20.2.0.LTS\lib\</path>
         <kind>archive</kind>
         <file>rts2800_fpu32.lib</file>
         <name>i_tofd28.asm.obj</name>
      </input_file>
      <input_file id="fl-44">
         <path>C:\opt\ti\ccsv8\tools\compiler\ti-cgt-c2000_20.2.0.LTS\lib\</path>
         <kind>archive</kind>
         <file>rts2800_fpu32.lib</file>
         <name>l_tofd28.asm.obj</name>
      </input_file>
      <input_file id="fl-45">
         <path>C:\opt\ti\ccsv8\tools\compiler\ti-cgt-c2000_20.2.0.LTS\lib\</path>
         <kind>archive</kind>
         <file>rts2800_fpu32.lib</file>
         <name>fs_tofdfpu32.asm.obj</name>
      </input_file>
      <input_file id="fl-46">
         <path>C:\opt\ti\ccsv8\tools\compiler\ti-cgt-c2000_20.2.0.LTS\lib\</path>
         <kind>archive</kind>
         <file>rts2800_fpu32.lib</file>
         <name>fd_div28.asm.obj</name>
      </input_file>
      <input_file id="fl-47">
         <path>C:\opt\ti\ccsv8\tools\compiler\ti-cgt-c2000_20.2.0.LTS\lib\</path>
         <kind>archive</kind>
         <file>rts2800_fpu32.lib</file>
         <name>_ltoa.c.obj</name>
      </input_file>
      <input_file id="fl-48">
         <path>C:\opt\ti\ccsv8\tools\compiler\ti-cgt-c2000_20.2.0.LTS\lib\</path>
         <kind>archive</kind>
         <file>rts2800_fpu32.lib</file>
         <name>atoi.c.obj</name>
      </input_file>
      <input_file id="fl-49">
         <path>C:\opt\ti\ccsv8\tools\compiler\ti-cgt-c2000_20.2.0.LTS\lib\</path>
         <kind>archive</kind>
         <file>rts2800_fpu32.lib</file>
         <name>ctype.c.obj</name>
      </input_file>
      <input_file id="fl-4a">
         <path>C:\opt\ti\ccsv8\tools\compiler\ti-cgt-c2000_20.2.0.LTS\lib\</path>
         <kind>archive</kind>
         <file>rts2800_fpu32.lib</file>
         <name>memccpy.c.obj</name>
      </input_file>
      <input_file id="fl-4b">
         <path>C:\opt\ti\ccsv8\tools\compiler\ti-cgt-c2000_20.2.0.LTS\lib\</path>
         <kind>archive</kind>
         <file>rts2800_fpu32.lib</file>
         <name>memset.c.obj</name>
      </input_file>
      <input_file id="fl-4c">
         <path>C:\opt\ti\ccsv8\tools\compiler\ti-cgt-c2000_20.2.0.LTS\lib\</path>
         <kind>archive</kind>
         <file>rts2800_fpu32.lib</file>
         <name>strchr.c.obj</name>
      </input_file>
      <input_file id="fl-4d">
         <path>C:\opt\ti\ccsv8\tools\compiler\ti-cgt-c2000_20.2.0.LTS\lib\</path>
         <kind>archive</kind>
         <file>rts2800_fpu32.lib</file>
         <name>strcpy.c.obj</name>
      </input_file>
      <input_file id="fl-4e">
         <path>C:\opt\ti\ccsv8\tools\compiler\ti-cgt-c2000_20.2.0.LTS\lib\</path>
         <kind>archive</kind>
         <file>rts2800_fpu32.lib</file>
         <name>strlen.c.obj</name>
      </input_file>
      <input_file id="fl-4f">
         <path>C:\opt\ti\ccsv8\tools\compiler\ti-cgt-c2000_20.2.0.LTS\lib\</path>
         <kind>archive</kind>
         <file>rts2800_fpu32.lib</file>
         <name>s_frexp.c.obj</name>
      </input_file>
      <input_file id="fl-50">
         <path>C:\opt\ti\ccsv8\tools\compiler\ti-cgt-c2000_20.2.0.LTS\lib\</path>
         <kind>archive</kind>
         <file>rts2800_fpu32.lib</file>
         <name>s_scalbn.c.obj</name>
      </input_file>
      <input_file id="fl-51">
         <path>C:\opt\ti\ccsv8\tools\compiler\ti-cgt-c2000_20.2.0.LTS\lib\</path>
         <kind>archive</kind>
         <file>rts2800_fpu32.lib</file>
         <name>s_copysign.c.obj</name>
      </input_file>
      <input_file id="fl-52">
         <path>C:\opt\ti\ccsv8\tools\compiler\ti-cgt-c2000_20.2.0.LTS\lib\</path>
         <kind>archive</kind>
         <file>rts2800_fpu32.lib</file>
         <name>fd_add28.asm.obj</name>
      </input_file>
      <input_file id="fl-53">
         <path>C:\opt\ti\ccsv8\tools\compiler\ti-cgt-c2000_20.2.0.LTS\lib\</path>
         <kind>archive</kind>
         <file>rts2800_fpu32.lib</file>
         <name>l_div28.asm.obj</name>
      </input_file>
      <input_file id="fl-54">
         <path>C:\opt\ti\ccsv8\tools\compiler\ti-cgt-c2000_20.2.0.LTS\lib\</path>
         <kind>archive</kind>
         <file>rts2800_fpu32.lib</file>
         <name>errno.c.obj</name>
      </input_file>
   </input_file_list>
   <object_component_list>
      <object_component id="oc-f7">
         <name>PieVectTableFile</name>
         <uninitialized>true</uninitialized>
         <run_address>0xd00</run_address>
         <size>0x100</size>
         <input_file_ref idref="fl-1a"/>
      </object_component>
      <object_component id="oc-f3">
         <name>DevEmuRegsFile</name>
         <uninitialized>true</uninitialized>
         <run_address>0x880</run_address>
         <size>0xd0</size>
         <input_file_ref idref="fl-1a"/>
      </object_component>
      <object_component id="oc-cb">
         <name>FlashRegsFile</name>
         <uninitialized>true</uninitialized>
         <run_address>0xa80</run_address>
         <size>0x8</size>
         <input_file_ref idref="fl-1a"/>
      </object_component>
      <object_component id="oc-ce">
         <name>CsmRegsFile</name>
         <uninitialized>true</uninitialized>
         <run_address>0xae0</run_address>
         <size>0x10</size>
         <input_file_ref idref="fl-1a"/>
      </object_component>
      <object_component id="oc-cd">
         <name>AdcMirrorFile</name>
         <uninitialized>true</uninitialized>
         <run_address>0xb00</run_address>
         <size>0x10</size>
         <input_file_ref idref="fl-1a"/>
      </object_component>
      <object_component id="oc-d6">
         <name>XintfRegsFile</name>
         <uninitialized>true</uninitialized>
         <run_address>0xb20</run_address>
         <size>0x1e</size>
         <input_file_ref idref="fl-1a"/>
      </object_component>
      <object_component id="oc-c7">
         <name>CpuTimer0RegsFile</name>
         <uninitialized>true</uninitialized>
         <run_address>0xc00</run_address>
         <size>0x8</size>
         <input_file_ref idref="fl-1a"/>
      </object_component>
      <object_component id="oc-c8">
         <name>CpuTimer1RegsFile</name>
         <uninitialized>true</uninitialized>
         <run_address>0xc08</run_address>
         <size>0x8</size>
         <input_file_ref idref="fl-1a"/>
      </object_component>
      <object_component id="oc-c9">
         <name>CpuTimer2RegsFile</name>
         <uninitialized>true</uninitialized>
         <run_address>0xc10</run_address>
         <size>0x8</size>
         <input_file_ref idref="fl-1a"/>
      </object_component>
      <object_component id="oc-d4">
         <name>PieCtrlRegsFile</name>
         <uninitialized>true</uninitialized>
         <run_address>0xce0</run_address>
         <size>0x1a</size>
         <input_file_ref idref="fl-1a"/>
      </object_component>
      <object_component id="oc-f4">
         <name>DmaRegsFile</name>
         <uninitialized>true</uninitialized>
         <run_address>0x1000</run_address>
         <size>0xe0</size>
         <input_file_ref idref="fl-1a"/>
      </object_component>
      <object_component id="oc-e6">
         <name>McbspaRegsFile</name>
         <uninitialized>true</uninitialized>
         <run_address>0x5000</run_address>
         <size>0x25</size>
         <input_file_ref idref="fl-1a"/>
      </object_component>
      <object_component id="oc-e7">
         <name>McbspbRegsFile</name>
         <uninitialized>true</uninitialized>
         <run_address>0x5040</run_address>
         <size>0x25</size>
         <input_file_ref idref="fl-1a"/>
      </object_component>
      <object_component id="oc-e9">
         <name>ECanaRegsFile</name>
         <uninitialized>true</uninitialized>
         <run_address>0x6000</run_address>
         <size>0x34</size>
         <input_file_ref idref="fl-1a"/>
      </object_component>
      <object_component id="oc-eb">
         <name>ECanaLAMRegsFile</name>
         <uninitialized>true</uninitialized>
         <run_address>0x6040</run_address>
         <size>0x40</size>
         <input_file_ref idref="fl-1a"/>
      </object_component>
      <object_component id="oc-f5">
         <name>ECanaMboxesFile</name>
         <uninitialized>true</uninitialized>
         <run_address>0x6100</run_address>
         <size>0x100</size>
         <input_file_ref idref="fl-1a"/>
      </object_component>
      <object_component id="oc-ec">
         <name>ECanaMOTSRegsFile</name>
         <uninitialized>true</uninitialized>
         <run_address>0x6080</run_address>
         <size>0x40</size>
         <input_file_ref idref="fl-1a"/>
      </object_component>
      <object_component id="oc-ed">
         <name>ECanaMOTORegsFile</name>
         <uninitialized>true</uninitialized>
         <run_address>0x60c0</run_address>
         <size>0x40</size>
         <input_file_ref idref="fl-1a"/>
      </object_component>
      <object_component id="oc-ea">
         <name>ECanbRegsFile</name>
         <uninitialized>true</uninitialized>
         <run_address>0x6200</run_address>
         <size>0x34</size>
         <input_file_ref idref="fl-1a"/>
      </object_component>
      <object_component id="oc-ee">
         <name>ECanbLAMRegsFile</name>
         <uninitialized>true</uninitialized>
         <run_address>0x6240</run_address>
         <size>0x40</size>
         <input_file_ref idref="fl-1a"/>
      </object_component>
      <object_component id="oc-f6">
         <name>ECanbMboxesFile</name>
         <uninitialized>true</uninitialized>
         <run_address>0x6300</run_address>
         <size>0x100</size>
         <input_file_ref idref="fl-1a"/>
      </object_component>
      <object_component id="oc-ef">
         <name>ECanbMOTSRegsFile</name>
         <uninitialized>true</uninitialized>
         <run_address>0x6280</run_address>
         <size>0x40</size>
         <input_file_ref idref="fl-1a"/>
      </object_component>
      <object_component id="oc-f0">
         <name>ECanbMOTORegsFile</name>
         <uninitialized>true</uninitialized>
         <run_address>0x62c0</run_address>
         <size>0x40</size>
         <input_file_ref idref="fl-1a"/>
      </object_component>
      <object_component id="oc-df">
         <name>EPwm1RegsFile</name>
         <uninitialized>true</uninitialized>
         <run_address>0x6800</run_address>
         <size>0x22</size>
         <input_file_ref idref="fl-1a"/>
      </object_component>
      <object_component id="oc-e0">
         <name>EPwm2RegsFile</name>
         <uninitialized>true</uninitialized>
         <run_address>0x6840</run_address>
         <size>0x22</size>
         <input_file_ref idref="fl-1a"/>
      </object_component>
      <object_component id="oc-e1">
         <name>EPwm3RegsFile</name>
         <uninitialized>true</uninitialized>
         <run_address>0x6880</run_address>
         <size>0x22</size>
         <input_file_ref idref="fl-1a"/>
      </object_component>
      <object_component id="oc-e2">
         <name>EPwm4RegsFile</name>
         <uninitialized>true</uninitialized>
         <run_address>0x68c0</run_address>
         <size>0x22</size>
         <input_file_ref idref="fl-1a"/>
      </object_component>
      <object_component id="oc-e3">
         <name>EPwm5RegsFile</name>
         <uninitialized>true</uninitialized>
         <run_address>0x6900</run_address>
         <size>0x22</size>
         <input_file_ref idref="fl-1a"/>
      </object_component>
      <object_component id="oc-e4">
         <name>EPwm6RegsFile</name>
         <uninitialized>true</uninitialized>
         <run_address>0x6940</run_address>
         <size>0x22</size>
         <input_file_ref idref="fl-1a"/>
      </object_component>
      <object_component id="oc-d7">
         <name>ECap1RegsFile</name>
         <uninitialized>true</uninitialized>
         <run_address>0x6a00</run_address>
         <size>0x20</size>
         <input_file_ref idref="fl-1a"/>
      </object_component>
      <object_component id="oc-d8">
         <name>ECap2RegsFile</name>
         <uninitialized>true</uninitialized>
         <run_address>0x6a20</run_address>
         <size>0x20</size>
         <input_file_ref idref="fl-1a"/>
      </object_component>
      <object_component id="oc-d9">
         <name>ECap3RegsFile</name>
         <uninitialized>true</uninitialized>
         <run_address>0x6a40</run_address>
         <size>0x20</size>
         <input_file_ref idref="fl-1a"/>
      </object_component>
      <object_component id="oc-da">
         <name>ECap4RegsFile</name>
         <uninitialized>true</uninitialized>
         <run_address>0x6a60</run_address>
         <size>0x20</size>
         <input_file_ref idref="fl-1a"/>
      </object_component>
      <object_component id="oc-db">
         <name>ECap5RegsFile</name>
         <uninitialized>true</uninitialized>
         <run_address>0x6a80</run_address>
         <size>0x20</size>
         <input_file_ref idref="fl-1a"/>
      </object_component>
      <object_component id="oc-dc">
         <name>ECap6RegsFile</name>
         <uninitialized>true</uninitialized>
         <run_address>0x6aa0</run_address>
         <size>0x20</size>
         <input_file_ref idref="fl-1a"/>
      </object_component>
      <object_component id="oc-f1">
         <name>EQep1RegsFile</name>
         <uninitialized>true</uninitialized>
         <run_address>0x6b00</run_address>
         <size>0x40</size>
         <input_file_ref idref="fl-1a"/>
      </object_component>
      <object_component id="oc-f2">
         <name>EQep2RegsFile</name>
         <uninitialized>true</uninitialized>
         <run_address>0x6b40</run_address>
         <size>0x40</size>
         <input_file_ref idref="fl-1a"/>
      </object_component>
      <object_component id="oc-e8">
         <name>GpioCtrlRegsFile</name>
         <uninitialized>true</uninitialized>
         <run_address>0x6f80</run_address>
         <size>0x2e</size>
         <input_file_ref idref="fl-1a"/>
      </object_component>
      <object_component id="oc-dd">
         <name>GpioDataRegsFile</name>
         <uninitialized>true</uninitialized>
         <run_address>0x6fc0</run_address>
         <size>0x20</size>
         <input_file_ref idref="fl-1a"/>
      </object_component>
      <object_component id="oc-cc">
         <name>GpioIntRegsFile</name>
         <uninitialized>true</uninitialized>
         <run_address>0x6fe0</run_address>
         <size>0xa</size>
         <input_file_ref idref="fl-1a"/>
      </object_component>
      <object_component id="oc-de">
         <name>SysCtrlRegsFile</name>
         <uninitialized>true</uninitialized>
         <run_address>0x7010</run_address>
         <size>0x20</size>
         <input_file_ref idref="fl-1a"/>
      </object_component>
      <object_component id="oc-d2">
         <name>SpiaRegsFile</name>
         <uninitialized>true</uninitialized>
         <run_address>0x7040</run_address>
         <size>0x10</size>
         <input_file_ref idref="fl-1a"/>
      </object_component>
      <object_component id="oc-cf">
         <name>SciaRegsFile</name>
         <uninitialized>true</uninitialized>
         <run_address>0x7050</run_address>
         <size>0x10</size>
         <input_file_ref idref="fl-1a"/>
      </object_component>
      <object_component id="oc-d3">
         <name>XIntruptRegsFile</name>
         <uninitialized>true</uninitialized>
         <run_address>0x7070</run_address>
         <size>0x10</size>
         <input_file_ref idref="fl-1a"/>
      </object_component>
      <object_component id="oc-d5">
         <name>AdcRegsFile</name>
         <uninitialized>true</uninitialized>
         <run_address>0x7100</run_address>
         <size>0x1e</size>
         <input_file_ref idref="fl-1a"/>
      </object_component>
      <object_component id="oc-d0">
         <name>ScibRegsFile</name>
         <uninitialized>true</uninitialized>
         <run_address>0x7750</run_address>
         <size>0x10</size>
         <input_file_ref idref="fl-1a"/>
      </object_component>
      <object_component id="oc-d1">
         <name>ScicRegsFile</name>
         <uninitialized>true</uninitialized>
         <run_address>0x7770</run_address>
         <size>0x10</size>
         <input_file_ref idref="fl-1a"/>
      </object_component>
      <object_component id="oc-e5">
         <name>I2caRegsFile</name>
         <uninitialized>true</uninitialized>
         <run_address>0x7900</run_address>
         <size>0x22</size>
         <input_file_ref idref="fl-1a"/>
      </object_component>
      <object_component id="oc-ca">
         <name>CsmPwlFile</name>
         <uninitialized>true</uninitialized>
         <run_address>0x33fff8</run_address>
         <size>0x8</size>
         <input_file_ref idref="fl-1a"/>
      </object_component>
      <object_component id="oc-c6">
         <name>PartIdRegsFile</name>
         <uninitialized>true</uninitialized>
         <run_address>0x380090</run_address>
         <size>0x1</size>
         <input_file_ref idref="fl-1a"/>
      </object_component>
      <object_component id="oc-12d">
         <name>.cinit</name>
         <load_address>0x33883a</load_address>
         <run_address>0x33883a</run_address>
         <size>0xe</size>
         <input_file_ref idref="fl-34"/>
      </object_component>
      <object_component id="oc-1dc">
         <name>.cinit:__lock</name>
         <load_address>0x338848</load_address>
         <run_address>0x338848</run_address>
         <size>0x5</size>
         <input_file_ref idref="fl-35"/>
      </object_component>
      <object_component id="oc-1e9">
         <name>.cinit:__unlock</name>
         <load_address>0x33884d</load_address>
         <run_address>0x33884d</run_address>
         <size>0x5</size>
         <input_file_ref idref="fl-35"/>
      </object_component>
      <object_component id="oc-100">
         <name>.cinit</name>
         <load_address>0x338852</load_address>
         <run_address>0x338852</run_address>
         <size>0x4</size>
         <input_file_ref idref="fl-1c"/>
      </object_component>
      <object_component id="oc-1d0">
         <name>.cinit</name>
         <load_address>0x338856</load_address>
         <run_address>0x338856</run_address>
         <size>0x4</size>
         <input_file_ref idref="fl-54"/>
      </object_component>
      <object_component id="oc-1ec">
         <name>.text</name>
         <load_address>0x320020</load_address>
         <run_address>0x320020</run_address>
         <size>0xce4</size>
         <input_file_ref idref="fl-38"/>
      </object_component>
      <object_component id="oc-1d8">
         <name>.text</name>
         <load_address>0x320d04</load_address>
         <run_address>0x320d04</run_address>
         <size>0x8a2</size>
         <input_file_ref idref="fl-1b"/>
      </object_component>
      <object_component id="oc-70">
         <name>.text:retain</name>
         <load_address>0x3215a6</load_address>
         <run_address>0x3215a6</run_address>
         <size>0x316</size>
         <input_file_ref idref="fl-9"/>
      </object_component>
      <object_component id="oc-176">
         <name>.text</name>
         <load_address>0x3218bc</load_address>
         <run_address>0x3218bc</run_address>
         <size>0x107</size>
         <input_file_ref idref="fl-42"/>
      </object_component>
      <object_component id="oc-1e0">
         <name>.text</name>
         <load_address>0x3219c3</load_address>
         <run_address>0x3219c3</run_address>
         <size>0xf8</size>
         <input_file_ref idref="fl-17"/>
      </object_component>
      <object_component id="oc-1da">
         <name>.text</name>
         <load_address>0x321abb</load_address>
         <run_address>0x321abb</run_address>
         <size>0xf0</size>
         <input_file_ref idref="fl-1c"/>
      </object_component>
      <object_component id="oc-1dd">
         <name>.text</name>
         <load_address>0x321bab</load_address>
         <run_address>0x321bab</run_address>
         <size>0xba</size>
         <input_file_ref idref="fl-1d"/>
      </object_component>
      <object_component id="oc-1f2">
         <name>.text</name>
         <load_address>0x321c65</load_address>
         <run_address>0x321c65</run_address>
         <size>0xae</size>
         <input_file_ref idref="fl-50"/>
      </object_component>
      <object_component id="oc-1c5">
         <name>.text</name>
         <load_address>0x321d13</load_address>
         <run_address>0x321d13</run_address>
         <size>0x9c</size>
         <input_file_ref idref="fl-52"/>
      </object_component>
      <object_component id="oc-18a">
         <name>.text</name>
         <load_address>0x321daf</load_address>
         <run_address>0x321daf</run_address>
         <size>0x8b</size>
         <input_file_ref idref="fl-46"/>
      </object_component>
      <object_component id="oc-108">
         <name>.text:retain</name>
         <load_address>0x321e3a</load_address>
         <run_address>0x321e3a</run_address>
         <size>0x86</size>
         <input_file_ref idref="fl-1d"/>
      </object_component>
      <object_component id="oc-153">
         <name>.text</name>
         <load_address>0x321ec0</load_address>
         <run_address>0x321ec0</run_address>
         <size>0x83</size>
         <input_file_ref idref="fl-3b"/>
      </object_component>
      <object_component id="oc-1e4">
         <name>.text</name>
         <load_address>0x321f43</load_address>
         <run_address>0x321f43</run_address>
         <size>0x73</size>
         <input_file_ref idref="fl-6"/>
      </object_component>
      <object_component id="oc-1f1">
         <name>.text</name>
         <load_address>0x321fb6</load_address>
         <run_address>0x321fb6</run_address>
         <size>0x5a</size>
         <input_file_ref idref="fl-4f"/>
      </object_component>
      <object_component id="oc-4c">
         <name>.text</name>
         <load_address>0x322010</load_address>
         <run_address>0x322010</run_address>
         <size>0x56</size>
         <input_file_ref idref="fl-2f"/>
      </object_component>
      <object_component id="oc-1ea">
         <name>.text</name>
         <load_address>0x322066</load_address>
         <run_address>0x322066</run_address>
         <size>0x4c</size>
         <input_file_ref idref="fl-15"/>
      </object_component>
      <object_component id="oc-1e7">
         <name>.text</name>
         <load_address>0x3220b2</load_address>
         <run_address>0x3220b2</run_address>
         <size>0x32</size>
         <input_file_ref idref="fl-2e"/>
      </object_component>
      <object_component id="oc-1ee">
         <name>.text</name>
         <load_address>0x3220e4</load_address>
         <run_address>0x3220e4</run_address>
         <size>0x31</size>
         <input_file_ref idref="fl-48"/>
      </object_component>
      <object_component id="oc-1f0">
         <name>.text</name>
         <load_address>0x322115</load_address>
         <run_address>0x322115</run_address>
         <size>0x30</size>
         <input_file_ref idref="fl-47"/>
      </object_component>
      <object_component id="oc-14e">
         <name>.text</name>
         <load_address>0x322145</load_address>
         <run_address>0x322145</run_address>
         <size>0x2a</size>
         <input_file_ref idref="fl-3a"/>
      </object_component>
      <object_component id="oc-1ca">
         <name>.text</name>
         <load_address>0x32216f</load_address>
         <run_address>0x32216f</run_address>
         <size>0x2a</size>
         <input_file_ref idref="fl-53"/>
      </object_component>
      <object_component id="oc-1d7">
         <name>.text</name>
         <load_address>0x322199</load_address>
         <run_address>0x322199</run_address>
         <size>0x29</size>
         <input_file_ref idref="fl-34"/>
      </object_component>
      <object_component id="oc-1e2">
         <name>.text</name>
         <load_address>0x3221c2</load_address>
         <run_address>0x3221c2</run_address>
         <size>0x28</size>
         <input_file_ref idref="fl-13"/>
      </object_component>
      <object_component id="oc-1f9">
         <name>.text</name>
         <load_address>0x3221ea</load_address>
         <run_address>0x3221ea</run_address>
         <size>0x25</size>
         <input_file_ref idref="fl-51"/>
      </object_component>
      <object_component id="oc-1d4">
         <name>.text</name>
         <load_address>0x32220f</load_address>
         <run_address>0x32220f</run_address>
         <size>0x24</size>
         <input_file_ref idref="fl-30"/>
      </object_component>
      <object_component id="oc-162">
         <name>.text</name>
         <load_address>0x322233</load_address>
         <run_address>0x322233</run_address>
         <size>0x21</size>
         <input_file_ref idref="fl-3e"/>
      </object_component>
      <object_component id="oc-1e3">
         <name>.text</name>
         <load_address>0x322254</load_address>
         <run_address>0x322254</run_address>
         <size>0x20</size>
         <input_file_ref idref="fl-14"/>
      </object_component>
      <object_component id="oc-167">
         <name>.text</name>
         <load_address>0x322274</load_address>
         <run_address>0x322274</run_address>
         <size>0x1f</size>
         <input_file_ref idref="fl-3f"/>
      </object_component>
      <object_component id="oc-171">
         <name>.text</name>
         <load_address>0x322293</load_address>
         <run_address>0x322293</run_address>
         <size>0x1e</size>
         <input_file_ref idref="fl-41"/>
      </object_component>
      <object_component id="oc-17b">
         <name>.text</name>
         <load_address>0x3222b1</load_address>
         <run_address>0x3222b1</run_address>
         <size>0x1d</size>
         <input_file_ref idref="fl-43"/>
      </object_component>
      <object_component id="oc-1d9">
         <name>.text</name>
         <load_address>0x3222ce</load_address>
         <run_address>0x3222ce</run_address>
         <size>0x1d</size>
         <input_file_ref idref="fl-31"/>
      </object_component>
      <object_component id="oc-185">
         <name>.text</name>
         <load_address>0x3222eb</load_address>
         <run_address>0x3222eb</run_address>
         <size>0x1c</size>
         <input_file_ref idref="fl-45"/>
      </object_component>
      <object_component id="oc-180">
         <name>.text</name>
         <load_address>0x322307</load_address>
         <run_address>0x322307</run_address>
         <size>0x1c</size>
         <input_file_ref idref="fl-44"/>
      </object_component>
      <object_component id="oc-1e1">
         <name>.text</name>
         <load_address>0x322323</load_address>
         <run_address>0x322323</run_address>
         <size>0x1b</size>
         <input_file_ref idref="fl-f"/>
      </object_component>
      <object_component id="oc-16c">
         <name>.text</name>
         <load_address>0x32233e</load_address>
         <run_address>0x32233e</run_address>
         <size>0x18</size>
         <input_file_ref idref="fl-40"/>
      </object_component>
      <object_component id="oc-1df">
         <name>.text</name>
         <load_address>0x322356</load_address>
         <run_address>0x322356</run_address>
         <size>0x16</size>
         <input_file_ref idref="fl-37"/>
      </object_component>
      <object_component id="oc-1e5">
         <name>.text</name>
         <load_address>0x32236c</load_address>
         <run_address>0x32236c</run_address>
         <size>0x13</size>
         <input_file_ref idref="fl-12"/>
      </object_component>
      <object_component id="oc-1d6">
         <name>.text</name>
         <load_address>0x32237f</load_address>
         <run_address>0x32237f</run_address>
         <size>0x12</size>
         <input_file_ref idref="fl-36"/>
      </object_component>
      <object_component id="oc-1f6">
         <name>.text</name>
         <load_address>0x322391</load_address>
         <run_address>0x322391</run_address>
         <size>0x10</size>
         <input_file_ref idref="fl-4a"/>
      </object_component>
      <object_component id="oc-15d">
         <name>.text</name>
         <load_address>0x3223a1</load_address>
         <run_address>0x3223a1</run_address>
         <size>0xe</size>
         <input_file_ref idref="fl-3d"/>
      </object_component>
      <object_component id="oc-1f3">
         <name>.text</name>
         <load_address>0x3223af</load_address>
         <run_address>0x3223af</run_address>
         <size>0xc</size>
         <input_file_ref idref="fl-4c"/>
      </object_component>
      <object_component id="oc-1e8">
         <name>.text</name>
         <load_address>0x3223bb</load_address>
         <run_address>0x3223bb</run_address>
         <size>0x9</size>
         <input_file_ref idref="fl-35"/>
      </object_component>
      <object_component id="oc-158">
         <name>.text</name>
         <load_address>0x3223c4</load_address>
         <run_address>0x3223c4</run_address>
         <size>0x9</size>
         <input_file_ref idref="fl-3c"/>
      </object_component>
      <object_component id="oc-1f7">
         <name>.text</name>
         <load_address>0x3223cd</load_address>
         <run_address>0x3223cd</run_address>
         <size>0x9</size>
         <input_file_ref idref="fl-39"/>
      </object_component>
      <object_component id="oc-59">
         <name>.text</name>
         <load_address>0x3223d6</load_address>
         <run_address>0x3223d6</run_address>
         <size>0x8</size>
         <input_file_ref idref="fl-5"/>
      </object_component>
      <object_component id="oc-1ef">
         <name>.text</name>
         <load_address>0x3223de</load_address>
         <run_address>0x3223de</run_address>
         <size>0x8</size>
         <input_file_ref idref="fl-4e"/>
      </object_component>
      <object_component id="oc-75">
         <name>.text</name>
         <load_address>0x3223e6</load_address>
         <run_address>0x3223e6</run_address>
         <size>0x7</size>
         <input_file_ref idref="fl-a"/>
      </object_component>
      <object_component id="oc-1f4">
         <name>.text</name>
         <load_address>0x3223ed</load_address>
         <run_address>0x3223ed</run_address>
         <size>0x7</size>
         <input_file_ref idref="fl-4b"/>
      </object_component>
      <object_component id="oc-1f5">
         <name>.text</name>
         <load_address>0x3223f4</load_address>
         <run_address>0x3223f4</run_address>
         <size>0x5</size>
         <input_file_ref idref="fl-4d"/>
      </object_component>
      <object_component id="oc-65">
         <name>.text</name>
         <load_address>0x3223f9</load_address>
         <run_address>0x3223f9</run_address>
         <size>0x3</size>
         <input_file_ref idref="fl-7"/>
      </object_component>
      <object_component id="oc-1d3">
         <name>.text</name>
         <load_address>0x3223fc</load_address>
         <run_address>0x3223fc</run_address>
         <size>0x2</size>
         <input_file_ref idref="fl-32"/>
      </object_component>
      <object_component id="oc-1d5">
         <name>.text</name>
         <load_address>0x3223fe</load_address>
         <run_address>0x3223fe</run_address>
         <size>0x1</size>
         <input_file_ref idref="fl-33"/>
      </object_component>
      <object_component id="oc-5a">
         <name>codestart</name>
         <load_address>0x33fff6</load_address>
         <run_address>0x33fff6</run_address>
         <size>0x2</size>
         <input_file_ref idref="fl-5"/>
      </object_component>
      <object_component id="oc-1e6">
         <name>ramfuncs</name>
         <load_address>0x320000</load_address>
         <run_address>0x8000</run_address>
         <size>0x1b</size>
         <input_file_ref idref="fl-17"/>
      </object_component>
      <object_component id="oc-c0">
         <name>ramfuncs</name>
         <load_address>0x32001b</load_address>
         <run_address>0x801b</run_address>
         <size>0x4</size>
         <input_file_ref idref="fl-19"/>
      </object_component>
      <object_component id="oc-57">
         <name>csmpasswds</name>
         <load_address>0x33fff8</load_address>
         <run_address>0x33fff8</run_address>
         <size>0x8</size>
         <input_file_ref idref="fl-4"/>
      </object_component>
      <object_component id="oc-58">
         <name>csm_rsvd</name>
         <load_address>0x33ff80</load_address>
         <run_address>0x33ff80</run_address>
         <size>0x76</size>
         <input_file_ref idref="fl-4"/>
      </object_component>
      <object_component id="oc-112">
         <name>.stack</name>
         <uninitialized>true</uninitialized>
         <run_address>0xa000</run_address>
         <size>0x0</size>
         <input_file_ref idref="fl-2f"/>
      </object_component>
      <object_component id="oc-24f">
         <name>.stack</name>
         <uninitialized>true</uninitialized>
         <run_address>0xa000</run_address>
         <size>0x0</size>
      </object_component>
      <object_component id="oc-60">
         <name>.ebss</name>
         <uninitialized>true</uninitialized>
         <run_address>0xc0c0</run_address>
         <size>0x18</size>
         <input_file_ref idref="fl-6"/>
      </object_component>
      <object_component id="oc-101">
         <name>.ebss</name>
         <uninitialized>true</uninitialized>
         <run_address>0xc000</run_address>
         <size>0xbc</size>
         <input_file_ref idref="fl-1c"/>
      </object_component>
      <object_component id="oc-12e">
         <name>.ebss</name>
         <uninitialized>true</uninitialized>
         <run_address>0xc0d8</run_address>
         <size>0x6</size>
         <input_file_ref idref="fl-34"/>
      </object_component>
      <object_component id="oc-1db">
         <name>.ebss:__lock</name>
         <uninitialized>true</uninitialized>
         <run_address>0xc0bc</run_address>
         <size>0x2</size>
         <input_file_ref idref="fl-35"/>
      </object_component>
      <object_component id="oc-1ed">
         <name>.ebss:__unlock</name>
         <uninitialized>true</uninitialized>
         <run_address>0xc0be</run_address>
         <size>0x2</size>
         <input_file_ref idref="fl-35"/>
      </object_component>
      <object_component id="oc-1d1">
         <name>.ebss</name>
         <uninitialized>true</uninitialized>
         <run_address>0xc0de</run_address>
         <size>0x1</size>
         <input_file_ref idref="fl-54"/>
      </object_component>
      <object_component id="oc-fa">
         <name>.econst:.string</name>
         <load_address>0x338000</load_address>
         <run_address>0x338000</run_address>
         <size>0x4e7</size>
         <input_file_ref idref="fl-1b"/>
      </object_component>
      <object_component id="oc-1f8">
         <name>.econst:.string:__ctypes_</name>
         <load_address>0x3384e7</load_address>
         <run_address>0x3384e7</run_address>
         <size>0x101</size>
         <input_file_ref idref="fl-49"/>
      </object_component>
      <object_component id="oc-1eb">
         <name>.econst:_PieVectTableInit</name>
         <load_address>0x3385e8</load_address>
         <run_address>0x3385e8</run_address>
         <size>0x100</size>
         <input_file_ref idref="fl-14"/>
      </object_component>
      <object_component id="oc-102">
         <name>.econst:.string</name>
         <load_address>0x3386e8</load_address>
         <run_address>0x3386e8</run_address>
         <size>0xeb</size>
         <input_file_ref idref="fl-1c"/>
      </object_component>
      <object_component id="oc-144">
         <name>.econst:.string</name>
         <load_address>0x3387d4</load_address>
         <run_address>0x3387d4</run_address>
         <size>0x26</size>
         <input_file_ref idref="fl-38"/>
      </object_component>
      <object_component id="oc-143">
         <name>.econst</name>
         <load_address>0x3387fa</load_address>
         <run_address>0x3387fa</run_address>
         <size>0x1c</size>
         <input_file_ref idref="fl-38"/>
      </object_component>
      <object_component id="oc-1bb">
         <name>.econst</name>
         <load_address>0x338816</load_address>
         <run_address>0x338816</run_address>
         <size>0x1c</size>
         <input_file_ref idref="fl-50"/>
      </object_component>
      <object_component id="oc-1b5">
         <name>.econst</name>
         <load_address>0x338832</load_address>
         <run_address>0x338832</run_address>
         <size>0x8</size>
         <input_file_ref idref="fl-4f"/>
      </object_component>
      <object_component id="oc-1de">
         <name>.switch:_as608_ensure_message</name>
         <load_address>0x33885c</load_address>
         <run_address>0x33885c</run_address>
         <size>0x18</size>
         <input_file_ref idref="fl-1b"/>
      </object_component>
      <object_component id="oc-113">
         <name>.reset</name>
         <load_address>0x3fffc0</load_address>
         <run_address>0x3fffc0</run_address>
         <size>0x2</size>
         <input_file_ref idref="fl-2f"/>
      </object_component>
      <object_component id="oc-4d">
         <name>.adc_cal</name>
         <load_address>0x380080</load_address>
         <run_address>0x380080</run_address>
         <size>0x7</size>
         <input_file_ref idref="fl-2"/>
      </object_component>
      <object_component id="oc-4e">
         <name>.debug_line</name>
         <load_address>0x0</load_address>
         <run_address>0x0</run_address>
         <size>0x60</size>
         <input_file_ref idref="fl-2"/>
      </object_component>
      <object_component id="oc-54">
         <name>.debug_line</name>
         <load_address>0x60</load_address>
         <run_address>0x60</run_address>
         <size>0x49</size>
         <input_file_ref idref="fl-3"/>
      </object_component>
      <object_component id="oc-5b">
         <name>.debug_line</name>
         <load_address>0xa9</load_address>
         <run_address>0xa9</run_address>
         <size>0x78</size>
         <input_file_ref idref="fl-5"/>
      </object_component>
      <object_component id="oc-62">
         <name>.debug_line</name>
         <load_address>0x121</load_address>
         <run_address>0x121</run_address>
         <size>0x9b</size>
         <input_file_ref idref="fl-6"/>
      </object_component>
      <object_component id="oc-66">
         <name>.debug_line</name>
         <load_address>0x1bc</load_address>
         <run_address>0x1bc</run_address>
         <size>0x5e</size>
         <input_file_ref idref="fl-7"/>
      </object_component>
      <object_component id="oc-6c">
         <name>.debug_line</name>
         <load_address>0x21a</load_address>
         <run_address>0x21a</run_address>
         <size>0x49</size>
         <input_file_ref idref="fl-8"/>
      </object_component>
      <object_component id="oc-72">
         <name>.debug_line</name>
         <load_address>0x263</load_address>
         <run_address>0x263</run_address>
         <size>0x765</size>
         <input_file_ref idref="fl-9"/>
      </object_component>
      <object_component id="oc-76">
         <name>.debug_line</name>
         <load_address>0x9c8</load_address>
         <run_address>0x9c8</run_address>
         <size>0x62</size>
         <input_file_ref idref="fl-a"/>
      </object_component>
      <object_component id="oc-7c">
         <name>.debug_line</name>
         <load_address>0xa2a</load_address>
         <run_address>0xa2a</run_address>
         <size>0x4a</size>
         <input_file_ref idref="fl-b"/>
      </object_component>
      <object_component id="oc-81">
         <name>.debug_line</name>
         <load_address>0xa74</load_address>
         <run_address>0xa74</run_address>
         <size>0x4a</size>
         <input_file_ref idref="fl-c"/>
      </object_component>
      <object_component id="oc-86">
         <name>.debug_line</name>
         <load_address>0xabe</load_address>
         <run_address>0xabe</run_address>
         <size>0x4a</size>
         <input_file_ref idref="fl-d"/>
      </object_component>
      <object_component id="oc-8b">
         <name>.debug_line</name>
         <load_address>0xb08</load_address>
         <run_address>0xb08</run_address>
         <size>0x4a</size>
         <input_file_ref idref="fl-e"/>
      </object_component>
      <object_component id="oc-90">
         <name>.debug_line</name>
         <load_address>0xb52</load_address>
         <run_address>0xb52</run_address>
         <size>0x73</size>
         <input_file_ref idref="fl-f"/>
      </object_component>
      <object_component id="oc-95">
         <name>.debug_line</name>
         <load_address>0xbc5</load_address>
         <run_address>0xbc5</run_address>
         <size>0x49</size>
         <input_file_ref idref="fl-10"/>
      </object_component>
      <object_component id="oc-9a">
         <name>.debug_line</name>
         <load_address>0xc0e</load_address>
         <run_address>0xc0e</run_address>
         <size>0x4b</size>
         <input_file_ref idref="fl-11"/>
      </object_component>
      <object_component id="oc-9f">
         <name>.debug_line</name>
         <load_address>0xc59</load_address>
         <run_address>0xc59</run_address>
         <size>0x6e</size>
         <input_file_ref idref="fl-12"/>
      </object_component>
      <object_component id="oc-a4">
         <name>.debug_line</name>
         <load_address>0xcc7</load_address>
         <run_address>0xcc7</run_address>
         <size>0x9d</size>
         <input_file_ref idref="fl-13"/>
      </object_component>
      <object_component id="oc-a9">
         <name>.debug_line</name>
         <load_address>0xd64</load_address>
         <run_address>0xd64</run_address>
         <size>0x7f</size>
         <input_file_ref idref="fl-14"/>
      </object_component>
      <object_component id="oc-ae">
         <name>.debug_line</name>
         <load_address>0xde3</load_address>
         <run_address>0xde3</run_address>
         <size>0xd6</size>
         <input_file_ref idref="fl-15"/>
      </object_component>
      <object_component id="oc-b3">
         <name>.debug_line</name>
         <load_address>0xeb9</load_address>
         <run_address>0xeb9</run_address>
         <size>0x49</size>
         <input_file_ref idref="fl-16"/>
      </object_component>
      <object_component id="oc-b8">
         <name>.debug_line</name>
         <load_address>0xf02</load_address>
         <run_address>0xf02</run_address>
         <size>0x17c</size>
         <input_file_ref idref="fl-17"/>
      </object_component>
      <object_component id="oc-bd">
         <name>.debug_line</name>
         <load_address>0x107e</load_address>
         <run_address>0x107e</run_address>
         <size>0x4b</size>
         <input_file_ref idref="fl-18"/>
      </object_component>
      <object_component id="oc-c1">
         <name>.debug_line</name>
         <load_address>0x10c9</load_address>
         <run_address>0x10c9</run_address>
         <size>0x5f</size>
         <input_file_ref idref="fl-19"/>
      </object_component>
      <object_component id="oc-fc">
         <name>.debug_line</name>
         <load_address>0x1128</load_address>
         <run_address>0x1128</run_address>
         <size>0x85c</size>
         <input_file_ref idref="fl-1b"/>
      </object_component>
      <object_component id="oc-104">
         <name>.debug_line</name>
         <load_address>0x1984</load_address>
         <run_address>0x1984</run_address>
         <size>0xb3</size>
         <input_file_ref idref="fl-1c"/>
      </object_component>
      <object_component id="oc-10a">
         <name>.debug_line</name>
         <load_address>0x1a37</load_address>
         <run_address>0x1a37</run_address>
         <size>0x1f4</size>
         <input_file_ref idref="fl-1d"/>
      </object_component>
      <object_component id="oc-10f">
         <name>.debug_line</name>
         <load_address>0x1c2b</load_address>
         <run_address>0x1c2b</run_address>
         <size>0x7e</size>
         <input_file_ref idref="fl-2e"/>
      </object_component>
      <object_component id="oc-115">
         <name>.debug_line</name>
         <load_address>0x1ca9</load_address>
         <run_address>0x1ca9</run_address>
         <size>0x7e</size>
         <input_file_ref idref="fl-2f"/>
      </object_component>
      <object_component id="oc-11a">
         <name>.debug_line</name>
         <load_address>0x1d27</load_address>
         <run_address>0x1d27</run_address>
         <size>0x50</size>
         <input_file_ref idref="fl-30"/>
      </object_component>
      <object_component id="oc-11f">
         <name>.debug_line</name>
         <load_address>0x1d77</load_address>
         <run_address>0x1d77</run_address>
         <size>0x62</size>
         <input_file_ref idref="fl-31"/>
      </object_component>
      <object_component id="oc-124">
         <name>.debug_line</name>
         <load_address>0x1dd9</load_address>
         <run_address>0x1dd9</run_address>
         <size>0x3e</size>
         <input_file_ref idref="fl-32"/>
      </object_component>
      <object_component id="oc-129">
         <name>.debug_line</name>
         <load_address>0x1e17</load_address>
         <run_address>0x1e17</run_address>
         <size>0x3a</size>
         <input_file_ref idref="fl-33"/>
      </object_component>
      <object_component id="oc-130">
         <name>.debug_line</name>
         <load_address>0x1e51</load_address>
         <run_address>0x1e51</run_address>
         <size>0x65</size>
         <input_file_ref idref="fl-34"/>
      </object_component>
      <object_component id="oc-135">
         <name>.debug_line</name>
         <load_address>0x1eb6</load_address>
         <run_address>0x1eb6</run_address>
         <size>0x5e</size>
         <input_file_ref idref="fl-35"/>
      </object_component>
      <object_component id="oc-13a">
         <name>.debug_line</name>
         <load_address>0x1f14</load_address>
         <run_address>0x1f14</run_address>
         <size>0x4f</size>
         <input_file_ref idref="fl-36"/>
      </object_component>
      <object_component id="oc-13f">
         <name>.debug_line</name>
         <load_address>0x1f63</load_address>
         <run_address>0x1f63</run_address>
         <size>0x55</size>
         <input_file_ref idref="fl-37"/>
      </object_component>
      <object_component id="oc-146">
         <name>.debug_line</name>
         <load_address>0x1fb8</load_address>
         <run_address>0x1fb8</run_address>
         <size>0xd46</size>
         <input_file_ref idref="fl-38"/>
      </object_component>
      <object_component id="oc-14b">
         <name>.debug_line</name>
         <load_address>0x2cfe</load_address>
         <run_address>0x2cfe</run_address>
         <size>0x40</size>
         <input_file_ref idref="fl-39"/>
      </object_component>
      <object_component id="oc-150">
         <name>.debug_line</name>
         <load_address>0x2d3e</load_address>
         <run_address>0x2d3e</run_address>
         <size>0x60</size>
         <input_file_ref idref="fl-3a"/>
      </object_component>
      <object_component id="oc-155">
         <name>.debug_line</name>
         <load_address>0x2d9e</load_address>
         <run_address>0x2d9e</run_address>
         <size>0xa2</size>
         <input_file_ref idref="fl-3b"/>
      </object_component>
      <object_component id="oc-15a">
         <name>.debug_line</name>
         <load_address>0x2e40</load_address>
         <run_address>0x2e40</run_address>
         <size>0x45</size>
         <input_file_ref idref="fl-3c"/>
      </object_component>
      <object_component id="oc-15f">
         <name>.debug_line</name>
         <load_address>0x2e85</load_address>
         <run_address>0x2e85</run_address>
         <size>0x49</size>
         <input_file_ref idref="fl-3d"/>
      </object_component>
      <object_component id="oc-164">
         <name>.debug_line</name>
         <load_address>0x2ece</load_address>
         <run_address>0x2ece</run_address>
         <size>0x59</size>
         <input_file_ref idref="fl-3e"/>
      </object_component>
      <object_component id="oc-169">
         <name>.debug_line</name>
         <load_address>0x2f27</load_address>
         <run_address>0x2f27</run_address>
         <size>0x58</size>
         <input_file_ref idref="fl-3f"/>
      </object_component>
      <object_component id="oc-16e">
         <name>.debug_line</name>
         <load_address>0x2f7f</load_address>
         <run_address>0x2f7f</run_address>
         <size>0x6c</size>
         <input_file_ref idref="fl-40"/>
      </object_component>
      <object_component id="oc-173">
         <name>.debug_line</name>
         <load_address>0x2feb</load_address>
         <run_address>0x2feb</run_address>
         <size>0x63</size>
         <input_file_ref idref="fl-41"/>
      </object_component>
      <object_component id="oc-178">
         <name>.debug_line</name>
         <load_address>0x304e</load_address>
         <run_address>0x304e</run_address>
         <size>0x16b</size>
         <input_file_ref idref="fl-42"/>
      </object_component>
      <object_component id="oc-17d">
         <name>.debug_line</name>
         <load_address>0x31b9</load_address>
         <run_address>0x31b9</run_address>
         <size>0x57</size>
         <input_file_ref idref="fl-43"/>
      </object_component>
      <object_component id="oc-182">
         <name>.debug_line</name>
         <load_address>0x3210</load_address>
         <run_address>0x3210</run_address>
         <size>0x56</size>
         <input_file_ref idref="fl-44"/>
      </object_component>
      <object_component id="oc-187">
         <name>.debug_line</name>
         <load_address>0x3266</load_address>
         <run_address>0x3266</run_address>
         <size>0x58</size>
         <input_file_ref idref="fl-45"/>
      </object_component>
      <object_component id="oc-18c">
         <name>.debug_line</name>
         <load_address>0x32be</load_address>
         <run_address>0x32be</run_address>
         <size>0xb3</size>
         <input_file_ref idref="fl-46"/>
      </object_component>
      <object_component id="oc-191">
         <name>.debug_line</name>
         <load_address>0x3371</load_address>
         <run_address>0x3371</run_address>
         <size>0x60</size>
         <input_file_ref idref="fl-47"/>
      </object_component>
      <object_component id="oc-196">
         <name>.debug_line</name>
         <load_address>0x33d1</load_address>
         <run_address>0x33d1</run_address>
         <size>0x6a</size>
         <input_file_ref idref="fl-48"/>
      </object_component>
      <object_component id="oc-19d">
         <name>.debug_line</name>
         <load_address>0x343b</load_address>
         <run_address>0x343b</run_address>
         <size>0x54</size>
         <input_file_ref idref="fl-4a"/>
      </object_component>
      <object_component id="oc-1a2">
         <name>.debug_line</name>
         <load_address>0x348f</load_address>
         <run_address>0x348f</run_address>
         <size>0xb1</size>
         <input_file_ref idref="fl-4b"/>
      </object_component>
      <object_component id="oc-1a7">
         <name>.debug_line</name>
         <load_address>0x3540</load_address>
         <run_address>0x3540</run_address>
         <size>0xaf</size>
         <input_file_ref idref="fl-4c"/>
      </object_component>
      <object_component id="oc-1ac">
         <name>.debug_line</name>
         <load_address>0x35ef</load_address>
         <run_address>0x35ef</run_address>
         <size>0xa8</size>
         <input_file_ref idref="fl-4d"/>
      </object_component>
      <object_component id="oc-1b1">
         <name>.debug_line</name>
         <load_address>0x3697</load_address>
         <run_address>0x3697</run_address>
         <size>0xae</size>
         <input_file_ref idref="fl-4e"/>
      </object_component>
      <object_component id="oc-1b7">
         <name>.debug_line</name>
         <load_address>0x3745</load_address>
         <run_address>0x3745</run_address>
         <size>0x58</size>
         <input_file_ref idref="fl-4f"/>
      </object_component>
      <object_component id="oc-1bd">
         <name>.debug_line</name>
         <load_address>0x379d</load_address>
         <run_address>0x379d</run_address>
         <size>0x72</size>
         <input_file_ref idref="fl-50"/>
      </object_component>
      <object_component id="oc-1c2">
         <name>.debug_line</name>
         <load_address>0x380f</load_address>
         <run_address>0x380f</run_address>
         <size>0x42</size>
         <input_file_ref idref="fl-51"/>
      </object_component>
      <object_component id="oc-1c7">
         <name>.debug_line</name>
         <load_address>0x3851</load_address>
         <run_address>0x3851</run_address>
         <size>0xc4</size>
         <input_file_ref idref="fl-52"/>
      </object_component>
      <object_component id="oc-1cc">
         <name>.debug_line</name>
         <load_address>0x3915</load_address>
         <run_address>0x3915</run_address>
         <size>0x8e</size>
         <input_file_ref idref="fl-53"/>
      </object_component>
      <object_component id="oc-4f">
         <name>.debug_info</name>
         <load_address>0x0</load_address>
         <run_address>0x0</run_address>
         <size>0x120</size>
         <input_file_ref idref="fl-2"/>
      </object_component>
      <object_component id="oc-52">
         <name>.debug_info</name>
         <load_address>0x120</load_address>
         <run_address>0x120</run_address>
         <size>0x1e7f</size>
         <input_file_ref idref="fl-3"/>
      </object_component>
      <object_component id="oc-5c">
         <name>.debug_info</name>
         <load_address>0x1f9f</load_address>
         <run_address>0x1f9f</run_address>
         <size>0x16e</size>
         <input_file_ref idref="fl-5"/>
      </object_component>
      <object_component id="oc-5f">
         <name>.debug_info</name>
         <load_address>0x210d</load_address>
         <run_address>0x210d</run_address>
         <size>0x9dd</size>
         <input_file_ref idref="fl-6"/>
      </object_component>
      <object_component id="oc-67">
         <name>.debug_info</name>
         <load_address>0x2aea</load_address>
         <run_address>0x2aea</run_address>
         <size>0x11e</size>
         <input_file_ref idref="fl-7"/>
      </object_component>
      <object_component id="oc-6a">
         <name>.debug_info</name>
         <load_address>0x2c08</load_address>
         <run_address>0x2c08</run_address>
         <size>0x1710</size>
         <input_file_ref idref="fl-8"/>
      </object_component>
      <object_component id="oc-6f">
         <name>.debug_info</name>
         <load_address>0x4318</load_address>
         <run_address>0x4318</run_address>
         <size>0x2e1e</size>
         <input_file_ref idref="fl-9"/>
      </object_component>
      <object_component id="oc-77">
         <name>.debug_info</name>
         <load_address>0x7136</load_address>
         <run_address>0x7136</run_address>
         <size>0x124</size>
         <input_file_ref idref="fl-a"/>
      </object_component>
      <object_component id="oc-7a">
         <name>.debug_info</name>
         <load_address>0x725a</load_address>
         <run_address>0x725a</run_address>
         <size>0x5d77</size>
         <input_file_ref idref="fl-b"/>
      </object_component>
      <object_component id="oc-7f">
         <name>.debug_info</name>
         <load_address>0xcfd1</load_address>
         <run_address>0xcfd1</run_address>
         <size>0x1b85</size>
         <input_file_ref idref="fl-c"/>
      </object_component>
      <object_component id="oc-84">
         <name>.debug_info</name>
         <load_address>0xeb56</load_address>
         <run_address>0xeb56</run_address>
         <size>0x1b85</size>
         <input_file_ref idref="fl-d"/>
      </object_component>
      <object_component id="oc-89">
         <name>.debug_info</name>
         <load_address>0x106db</load_address>
         <run_address>0x106db</run_address>
         <size>0x1b85</size>
         <input_file_ref idref="fl-e"/>
      </object_component>
      <object_component id="oc-8e">
         <name>.debug_info</name>
         <load_address>0x12260</load_address>
         <run_address>0x12260</run_address>
         <size>0x1c06</size>
         <input_file_ref idref="fl-f"/>
      </object_component>
      <object_component id="oc-93">
         <name>.debug_info</name>
         <load_address>0x13e66</load_address>
         <run_address>0x13e66</run_address>
         <size>0x1b84</size>
         <input_file_ref idref="fl-10"/>
      </object_component>
      <object_component id="oc-98">
         <name>.debug_info</name>
         <load_address>0x159ea</load_address>
         <run_address>0x159ea</run_address>
         <size>0x49a4</size>
         <input_file_ref idref="fl-11"/>
      </object_component>
      <object_component id="oc-9d">
         <name>.debug_info</name>
         <load_address>0x1a38e</load_address>
         <run_address>0x1a38e</run_address>
         <size>0x476</size>
         <input_file_ref idref="fl-12"/>
      </object_component>
      <object_component id="oc-a2">
         <name>.debug_info</name>
         <load_address>0x1a804</load_address>
         <run_address>0x1a804</run_address>
         <size>0xb85</size>
         <input_file_ref idref="fl-13"/>
      </object_component>
      <object_component id="oc-a7">
         <name>.debug_info</name>
         <load_address>0x1b389</load_address>
         <run_address>0x1b389</run_address>
         <size>0x22e3</size>
         <input_file_ref idref="fl-14"/>
      </object_component>
      <object_component id="oc-ac">
         <name>.debug_info</name>
         <load_address>0x1d66c</load_address>
         <run_address>0x1d66c</run_address>
         <size>0x1e6a</size>
         <input_file_ref idref="fl-15"/>
      </object_component>
      <object_component id="oc-b1">
         <name>.debug_info</name>
         <load_address>0x1f4d6</load_address>
         <run_address>0x1f4d6</run_address>
         <size>0x1b84</size>
         <input_file_ref idref="fl-16"/>
      </object_component>
      <object_component id="oc-b6">
         <name>.debug_info</name>
         <load_address>0x2105a</load_address>
         <run_address>0x2105a</run_address>
         <size>0x21df</size>
         <input_file_ref idref="fl-17"/>
      </object_component>
      <object_component id="oc-bb">
         <name>.debug_info</name>
         <load_address>0x23239</load_address>
         <run_address>0x23239</run_address>
         <size>0x213c</size>
         <input_file_ref idref="fl-18"/>
      </object_component>
      <object_component id="oc-c2">
         <name>.debug_info</name>
         <load_address>0x25375</load_address>
         <run_address>0x25375</run_address>
         <size>0x120</size>
         <input_file_ref idref="fl-19"/>
      </object_component>
      <object_component id="oc-c5">
         <name>.debug_info</name>
         <load_address>0x25495</load_address>
         <run_address>0x25495</run_address>
         <size>0x1343d</size>
         <input_file_ref idref="fl-1a"/>
      </object_component>
      <object_component id="oc-f9">
         <name>.debug_info</name>
         <load_address>0x388d2</load_address>
         <run_address>0x388d2</run_address>
         <size>0x370e</size>
         <input_file_ref idref="fl-1b"/>
      </object_component>
      <object_component id="oc-ff">
         <name>.debug_info</name>
         <load_address>0x3bfe0</load_address>
         <run_address>0x3bfe0</run_address>
         <size>0x278a</size>
         <input_file_ref idref="fl-1c"/>
      </object_component>
      <object_component id="oc-107">
         <name>.debug_info</name>
         <load_address>0x3e76a</load_address>
         <run_address>0x3e76a</run_address>
         <size>0x2392</size>
         <input_file_ref idref="fl-1d"/>
      </object_component>
      <object_component id="oc-10d">
         <name>.debug_info</name>
         <load_address>0x40afc</load_address>
         <run_address>0x40afc</run_address>
         <size>0x64c</size>
         <input_file_ref idref="fl-2e"/>
      </object_component>
      <object_component id="oc-114">
         <name>.debug_info</name>
         <load_address>0x41148</load_address>
         <run_address>0x41148</run_address>
         <size>0x173</size>
         <input_file_ref idref="fl-2f"/>
      </object_component>
      <object_component id="oc-118">
         <name>.debug_info</name>
         <load_address>0x412bb</load_address>
         <run_address>0x412bb</run_address>
         <size>0x561</size>
         <input_file_ref idref="fl-30"/>
      </object_component>
      <object_component id="oc-11d">
         <name>.debug_info</name>
         <load_address>0x4181c</load_address>
         <run_address>0x4181c</run_address>
         <size>0x43a</size>
         <input_file_ref idref="fl-31"/>
      </object_component>
      <object_component id="oc-122">
         <name>.debug_info</name>
         <load_address>0x41c56</load_address>
         <run_address>0x41c56</run_address>
         <size>0x3ad</size>
         <input_file_ref idref="fl-32"/>
      </object_component>
      <object_component id="oc-127">
         <name>.debug_info</name>
         <load_address>0x42003</load_address>
         <run_address>0x42003</run_address>
         <size>0x3aa</size>
         <input_file_ref idref="fl-33"/>
      </object_component>
      <object_component id="oc-12c">
         <name>.debug_info</name>
         <load_address>0x423ad</load_address>
         <run_address>0x423ad</run_address>
         <size>0x544</size>
         <input_file_ref idref="fl-34"/>
      </object_component>
      <object_component id="oc-133">
         <name>.debug_info</name>
         <load_address>0x428f1</load_address>
         <run_address>0x428f1</run_address>
         <size>0x4cc</size>
         <input_file_ref idref="fl-35"/>
      </object_component>
      <object_component id="oc-138">
         <name>.debug_info</name>
         <load_address>0x42dbd</load_address>
         <run_address>0x42dbd</run_address>
         <size>0x467</size>
         <input_file_ref idref="fl-36"/>
      </object_component>
      <object_component id="oc-13d">
         <name>.debug_info</name>
         <load_address>0x43224</load_address>
         <run_address>0x43224</run_address>
         <size>0x459</size>
         <input_file_ref idref="fl-37"/>
      </object_component>
      <object_component id="oc-142">
         <name>.debug_info</name>
         <load_address>0x4367d</load_address>
         <run_address>0x4367d</run_address>
         <size>0x26e8</size>
         <input_file_ref idref="fl-38"/>
      </object_component>
      <object_component id="oc-149">
         <name>.debug_info</name>
         <load_address>0x45d65</load_address>
         <run_address>0x45d65</run_address>
         <size>0x40c</size>
         <input_file_ref idref="fl-39"/>
      </object_component>
      <object_component id="oc-14f">
         <name>.debug_info</name>
         <load_address>0x46171</load_address>
         <run_address>0x46171</run_address>
         <size>0x120</size>
         <input_file_ref idref="fl-3a"/>
      </object_component>
      <object_component id="oc-154">
         <name>.debug_info</name>
         <load_address>0x46291</load_address>
         <run_address>0x46291</run_address>
         <size>0x114</size>
         <input_file_ref idref="fl-3b"/>
      </object_component>
      <object_component id="oc-159">
         <name>.debug_info</name>
         <load_address>0x463a5</load_address>
         <run_address>0x463a5</run_address>
         <size>0x114</size>
         <input_file_ref idref="fl-3c"/>
      </object_component>
      <object_component id="oc-15e">
         <name>.debug_info</name>
         <load_address>0x464b9</load_address>
         <run_address>0x464b9</run_address>
         <size>0x122</size>
         <input_file_ref idref="fl-3d"/>
      </object_component>
      <object_component id="oc-163">
         <name>.debug_info</name>
         <load_address>0x465db</load_address>
         <run_address>0x465db</run_address>
         <size>0x114</size>
         <input_file_ref idref="fl-3e"/>
      </object_component>
      <object_component id="oc-168">
         <name>.debug_info</name>
         <load_address>0x466ef</load_address>
         <run_address>0x466ef</run_address>
         <size>0x114</size>
         <input_file_ref idref="fl-3f"/>
      </object_component>
      <object_component id="oc-16d">
         <name>.debug_info</name>
         <load_address>0x46803</load_address>
         <run_address>0x46803</run_address>
         <size>0x176</size>
         <input_file_ref idref="fl-40"/>
      </object_component>
      <object_component id="oc-172">
         <name>.debug_info</name>
         <load_address>0x46979</load_address>
         <run_address>0x46979</run_address>
         <size>0x14e</size>
         <input_file_ref idref="fl-41"/>
      </object_component>
      <object_component id="oc-177">
         <name>.debug_info</name>
         <load_address>0x46ac7</load_address>
         <run_address>0x46ac7</run_address>
         <size>0x231</size>
         <input_file_ref idref="fl-42"/>
      </object_component>
      <object_component id="oc-17c">
         <name>.debug_info</name>
         <load_address>0x46cf8</load_address>
         <run_address>0x46cf8</run_address>
         <size>0x118</size>
         <input_file_ref idref="fl-43"/>
      </object_component>
      <object_component id="oc-181">
         <name>.debug_info</name>
         <load_address>0x46e10</load_address>
         <run_address>0x46e10</run_address>
         <size>0x118</size>
         <input_file_ref idref="fl-44"/>
      </object_component>
      <object_component id="oc-186">
         <name>.debug_info</name>
         <load_address>0x46f28</load_address>
         <run_address>0x46f28</run_address>
         <size>0x11a</size>
         <input_file_ref idref="fl-45"/>
      </object_component>
      <object_component id="oc-18b">
         <name>.debug_info</name>
         <load_address>0x47042</load_address>
         <run_address>0x47042</run_address>
         <size>0x114</size>
         <input_file_ref idref="fl-46"/>
      </object_component>
      <object_component id="oc-18f">
         <name>.debug_info</name>
         <load_address>0x47156</load_address>
         <run_address>0x47156</run_address>
         <size>0x46c</size>
         <input_file_ref idref="fl-47"/>
      </object_component>
      <object_component id="oc-194">
         <name>.debug_info</name>
         <load_address>0x475c2</load_address>
         <run_address>0x475c2</run_address>
         <size>0x41f</size>
         <input_file_ref idref="fl-48"/>
      </object_component>
      <object_component id="oc-199">
         <name>.debug_info</name>
         <load_address>0x479e1</load_address>
         <run_address>0x479e1</run_address>
         <size>0x1e7</size>
         <input_file_ref idref="fl-49"/>
      </object_component>
      <object_component id="oc-19b">
         <name>.debug_info</name>
         <load_address>0x47bc8</load_address>
         <run_address>0x47bc8</run_address>
         <size>0x45e</size>
         <input_file_ref idref="fl-4a"/>
      </object_component>
      <object_component id="oc-1a0">
         <name>.debug_info</name>
         <load_address>0x48026</load_address>
         <run_address>0x48026</run_address>
         <size>0x502</size>
         <input_file_ref idref="fl-4b"/>
      </object_component>
      <object_component id="oc-1a5">
         <name>.debug_info</name>
         <load_address>0x48528</load_address>
         <run_address>0x48528</run_address>
         <size>0x4f1</size>
         <input_file_ref idref="fl-4c"/>
      </object_component>
      <object_component id="oc-1aa">
         <name>.debug_info</name>
         <load_address>0x48a19</load_address>
         <run_address>0x48a19</run_address>
         <size>0x4e5</size>
         <input_file_ref idref="fl-4d"/>
      </object_component>
      <object_component id="oc-1af">
         <name>.debug_info</name>
         <load_address>0x48efe</load_address>
         <run_address>0x48efe</run_address>
         <size>0x4aa</size>
[...]
         <object_component_ref idref="oc-f1"/>
      </symbol>
      <symbol id="sm-2fc">
         <name>_McbspaRegs</name>
         <value>0x5000</value>
         <object_component_ref idref="oc-e6"/>
      </symbol>
      <symbol id="sm-2fd">
         <name>_EPwm1Regs</name>
         <value>0x6800</value>
         <object_component_ref idref="oc-df"/>
      </symbol>
      <symbol id="sm-2fe">
         <name>_ECanbRegs</name>
         <value>0x6200</value>
         <object_component_ref idref="oc-ea"/>
      </symbol>
      <symbol id="sm-2ff">
         <name>_ScibRegs</name>
         <value>0x7750</value>
         <object_component_ref idref="oc-d0"/>
      </symbol>
      <symbol id="sm-300">
         <name>_ECap2Regs</name>
         <value>0x6a20</value>
         <object_component_ref idref="oc-d8"/>
      </symbol>
      <symbol id="sm-301">
         <name>_GpioIntRegs</name>
         <value>0x6fe0</value>
         <object_component_ref idref="oc-cc"/>
      </symbol>
      <symbol id="sm-302">
         <name>_EQep2Regs</name>
         <value>0x6b40</value>
         <object_component_ref idref="oc-f2"/>
      </symbol>
      <symbol id="sm-303">
         <name>_PartIdRegs</name>
         <value>0x380090</value>
         <object_component_ref idref="oc-c6"/>
      </symbol>
      <symbol id="sm-304">
         <name>_EPwm2Regs</name>
         <value>0x6840</value>
         <object_component_ref idref="oc-e0"/>
      </symbol>
      <symbol id="sm-305">
         <name>_ECanaMboxes</name>
         <value>0x6100</value>
         <object_component_ref idref="oc-f5"/>
      </symbol>
      <symbol id="sm-306">
         <name>_ECap3Regs</name>
         <value>0x6a40</value>
         <object_component_ref idref="oc-d9"/>
      </symbol>
      <symbol id="sm-307">
         <name>_ECanaMOTORegs</name>
         <value>0x60c0</value>
         <object_component_ref idref="oc-ed"/>
      </symbol>
      <symbol id="sm-308">
         <name>_EPwm3Regs</name>
         <value>0x6880</value>
         <object_component_ref idref="oc-e1"/>
      </symbol>
      <symbol id="sm-309">
         <name>_ECanbLAMRegs</name>
         <value>0x6240</value>
         <object_component_ref idref="oc-ee"/>
      </symbol>
      <symbol id="sm-30a">
         <name>_I2caRegs</name>
         <value>0x7900</value>
         <object_component_ref idref="oc-e5"/>
      </symbol>
      <symbol id="sm-3a9">
         <name>_as608_empty</name>
         <value>0x3210cf</value>
         <object_component_ref idref="oc-1d8"/>
      </symbol>
      <symbol id="sm-3aa">
         <name>_as608_pin_set</name>
         <value>0x320dd4</value>
         <object_component_ref idref="oc-1d8"/>
      </symbol>
      <symbol id="sm-3ab">
         <name>_as608_uart_process</name>
         <value>0x32153b</value>
         <object_component_ref idref="oc-1d8"/>
      </symbol>
      <symbol id="sm-3ac">
         <name>_as608_press_finger</name>
         <value>0x321400</value>
         <object_component_ref idref="oc-1d8"/>
      </symbol>
      <symbol id="sm-3ad">
         <name>_as608_search</name>
         <value>0x320ed0</value>
         <object_component_ref idref="oc-1d8"/>
      </symbol>
      <symbol id="sm-3ae">
         <name>_as608_hand_shake</name>
         <value>0x3212bb</value>
         <object_component_ref idref="oc-1d8"/>
      </symbol>
      <symbol id="sm-3af">
         <name>_as608_store_char</name>
         <value>0x321006</value>
         <object_component_ref idref="oc-1d8"/>
      </symbol>
      <symbol id="sm-3b0">
         <name>_as608_get_image</name>
         <value>0x320df9</value>
         <object_component_ref idref="oc-1d8"/>
      </symbol>
      <symbol id="sm-3b1">
         <name>_as608_add_finger</name>
         <value>0x32130a</value>
         <object_component_ref idref="oc-1d8"/>
      </symbol>
      <symbol id="sm-3b2">
         <name>_as608_read_sys_para</name>
         <value>0x321169</value>
         <object_component_ref idref="oc-1d8"/>
      </symbol>
      <symbol id="sm-3b3">
         <name>_as608_write_reg</name>
         <value>0x321114</value>
         <object_component_ref idref="oc-1d8"/>
      </symbol>
      <symbol id="sm-3b4">
         <name>_as608_init</name>
         <value>0x320dc9</value>
         <object_component_ref idref="oc-1d8"/>
      </symbol>
      <symbol id="sm-3b5">
         <name>_as608_send_byte</name>
         <value>0x320dc0</value>
         <object_component_ref idref="oc-1d8"/>
      </symbol>
      <symbol id="sm-3b6">
         <name>_as608_reset</name>
         <value>0x320dd0</value>
         <object_component_ref idref="oc-1d8"/>
      </symbol>
      <symbol id="sm-3b7">
         <name>_as608_gen_char</name>
         <value>0x320e3e</value>
         <object_component_ref idref="oc-1d8"/>
      </symbol>
      <symbol id="sm-3b8">
         <name>_as608_send_length</name>
         <value>0x321521</value>
         <object_component_ref idref="oc-1d8"/>
      </symbol>
      <symbol id="sm-3b9">
         <name>_as608_send_cmd</name>
         <value>0x32152b</value>
         <object_component_ref idref="oc-1d8"/>
      </symbol>
      <symbol id="sm-3ba">
         <name>_as608_set_addr</name>
         <value>0x3211e6</value>
         <object_component_ref idref="oc-1d8"/>
      </symbol>
      <symbol id="sm-3bb">
         <name>_as608_send_flag</name>
         <value>0x32151b</value>
         <object_component_ref idref="oc-1d8"/>
      </symbol>
      <symbol id="sm-3bc">
         <name>_as608_high_speed_search</name>
         <value>0x320f40</value>
         <object_component_ref idref="oc-1d8"/>
      </symbol>
      <symbol id="sm-3bd">
         <name>_as608_ensure_message</name>
         <value>0x321460</value>
         <object_component_ref idref="oc-1d8"/>
      </symbol>
      <symbol id="sm-3be">
         <name>_as608_reg_model</name>
         <value>0x320fc1</value>
         <object_component_ref idref="oc-1d8"/>
      </symbol>
      <symbol id="sm-3bf">
         <name>_as608_match</name>
         <value>0x320e8b</value>
         <object_component_ref idref="oc-1d8"/>
      </symbol>
      <symbol id="sm-3c0">
         <name>_as608_send_check</name>
         <value>0x321531</value>
         <object_component_ref idref="oc-1d8"/>
      </symbol>
      <symbol id="sm-3c1">
         <name>_as608_valid_templete_num</name>
         <value>0x321260</value>
         <object_component_ref idref="oc-1d8"/>
      </symbol>
      <symbol id="sm-3c2">
         <name>_as608_send_addr</name>
         <value>0x321507</value>
         <object_component_ref idref="oc-1d8"/>
      </symbol>
      <symbol id="sm-3c3">
         <name>_as608_read_state</name>
         <value>0x320ddb</value>
         <object_component_ref idref="oc-1d8"/>
      </symbol>
      <symbol id="sm-3c4">
         <name>_AS608_INIT</name>
         <value>0x320d04</value>
         <object_component_ref idref="oc-1d8"/>
      </symbol>
      <symbol id="sm-3c5">
         <name>_as608_dele_char</name>
         <value>0x321064</value>
         <object_component_ref idref="oc-1d8"/>
      </symbol>
      <symbol id="sm-3c6">
         <name>_as608_send_head</name>
         <value>0x321500</value>
         <object_component_ref idref="oc-1d8"/>
      </symbol>
      <symbol id="sm-3e5">
         <name>_id_flag</name>
         <value>0xc002</value>
         <object_component_ref idref="oc-101"/>
      </symbol>
      <symbol id="sm-3e6">
         <name>_main</name>
         <value>0x321abb</value>
         <object_component_ref idref="oc-1da"/>
      </symbol>
      <symbol id="sm-3e7">
         <name>_as608_p</name>
         <value>0xc004</value>
         <object_component_ref idref="oc-101"/>
      </symbol>
      <symbol id="sm-3e8">
         <name>_Delay</name>
         <value>0x321b93</value>
         <object_component_ref idref="oc-1da"/>
      </symbol>
      <symbol id="sm-3e9">
         <name>_rdata_pointA</name>
         <value>0xc000</value>
         <object_component_ref idref="oc-101"/>
      </symbol>
      <symbol id="sm-3ea">
         <name>_rdata_pointB</name>
         <value>0xc001</value>
         <object_component_ref idref="oc-101"/>
      </symbol>
      <symbol id="sm-3eb">
         <name>_as608</name>
         <value>0xc040</value>
         <object_component_ref idref="oc-101"/>
      </symbol>
      <symbol id="sm-3ec">
         <name>_error_count</name>
         <value>0xc003</value>
         <object_component_ref idref="oc-101"/>
      </symbol>
      <symbol id="sm-407">
         <name>_scibRxFifoIsr</name>
         <value>0x321e55</value>
         <object_component_ref idref="oc-108"/>
      </symbol>
      <symbol id="sm-408">
         <name>_scicRxFifoIsr</name>
         <value>0x321e9f</value>
         <object_component_ref idref="oc-108"/>
      </symbol>
      <symbol id="sm-409">
         <name>_sciaRxFifoIsr</name>
         <value>0x321e3a</value>
         <object_component_ref idref="oc-108"/>
      </symbol>
      <symbol id="sm-40a">
         <name>_SCI_INIT</name>
         <value>0x321bab</value>
         <object_component_ref idref="oc-1dd"/>
      </symbol>
      <symbol id="sm-40b">
         <name>_error</name>
         <value>0x321c16</value>
         <object_component_ref idref="oc-1dd"/>
      </symbol>
      <symbol id="sm-40c">
         <name>_scia_xmit</name>
         <value>0x321bb8</value>
         <object_component_ref idref="oc-1dd"/>
      </symbol>
      <symbol id="sm-40d">
         <name>_scib_xmit</name>
         <value>0x321bd8</value>
         <object_component_ref idref="oc-1dd"/>
      </symbol>
      <symbol id="sm-40e">
         <name>_scic_xmit</name>
         <value>0x321be4</value>
         <object_component_ref idref="oc-1dd"/>
      </symbol>
      <symbol id="sm-40f">
         <name>_scia_msg</name>
         <value>0x321bc5</value>
         <object_component_ref idref="oc-1dd"/>
      </symbol>
      <symbol id="sm-410">
         <name>_scia_fifo_init</name>
         <value>0x321c18</value>
         <object_component_ref idref="oc-1dd"/>
      </symbol>
      <symbol id="sm-411">
         <name>_scib_fifo_init</name>
         <value>0x321c2e</value>
         <object_component_ref idref="oc-1dd"/>
      </symbol>
      <symbol id="sm-412">
         <name>_scic_fifo_init</name>
         <value>0x321c4a</value>
         <object_component_ref idref="oc-1dd"/>
      </symbol>
      <symbol id="sm-413">
         <name>_scic_msg</name>
         <value>0x321c03</value>
         <object_component_ref idref="oc-1dd"/>
      </symbol>
      <symbol id="sm-414">
         <name>_scib_msg</name>
         <value>0x321bf0</value>
         <object_component_ref idref="oc-1dd"/>
      </symbol>
      <symbol id="sm-422">
         <name>_sprintf</name>
         <value>0x3220b2</value>
         <object_component_ref idref="oc-1e7"/>
      </symbol>
      <symbol id="sm-43d">
         <name>_c_int00</name>
         <value>0x322010</value>
         <object_component_ref idref="oc-4c"/>
      </symbol>
      <symbol id="sm-43e">
         <name>__stack</name>
         <value>0xa000</value>
         <object_component_ref idref="oc-112"/>
      </symbol>
      <symbol id="sm-44d">
         <name>_copy_in</name>
         <value>0x32220f</value>
         <object_component_ref idref="oc-1d4"/>
      </symbol>
      <symbol id="sm-45e">
         <name>_memcpy</name>
         <value>0x3222ce</value>
         <object_component_ref idref="oc-1d9"/>
      </symbol>
      <symbol id="sm-46a">
         <name>__system_pre_init</name>
         <value>0x3223fc</value>
         <object_component_ref idref="oc-1d3"/>
      </symbol>
      <symbol id="sm-477">
         <name>__system_post_cinit</name>
         <value>0x3223fe</value>
         <object_component_ref idref="oc-1d5"/>
      </symbol>
      <symbol id="sm-48b">
         <name>C$$EXIT</name>
         <value>0x322199</value>
         <object_component_ref idref="oc-1d7"/>
      </symbol>
      <symbol id="sm-48c">
         <name>_exit</name>
         <value>0x32219b</value>
         <object_component_ref idref="oc-1d7"/>
      </symbol>
      <symbol id="sm-48d">
         <name>___TI_cleanup_ptr</name>
         <value>0xc0da</value>
         <object_component_ref idref="oc-12e"/>
      </symbol>
      <symbol id="sm-48e">
         <name>___TI_enable_exit_profile_output</name>
         <value>0xc0d8</value>
         <object_component_ref idref="oc-12e"/>
      </symbol>
      <symbol id="sm-48f">
         <name>_abort</name>
         <value>0x322199</value>
         <object_component_ref idref="oc-1d7"/>
      </symbol>
      <symbol id="sm-490">
         <name>___TI_dtors_ptr</name>
         <value>0xc0dc</value>
         <object_component_ref idref="oc-12e"/>
      </symbol>
      <symbol id="sm-4a4">
         <name>__unlock</name>
         <value>0xc0be</value>
         <object_component_ref idref="oc-1ed"/>
      </symbol>
      <symbol id="sm-4a5">
         <name>__lock</name>
         <value>0xc0bc</value>
         <object_component_ref idref="oc-1db"/>
      </symbol>
      <symbol id="sm-4a6">
         <name>__register_lock</name>
         <value>0x3223bf</value>
         <object_component_ref idref="oc-1e8"/>
      </symbol>
      <symbol id="sm-4a7">
         <name>__nop</name>
         <value>0x3223c3</value>
         <object_component_ref idref="oc-1e8"/>
      </symbol>
      <symbol id="sm-4a8">
         <name>__register_unlock</name>
         <value>0x3223bb</value>
         <object_component_ref idref="oc-1e8"/>
      </symbol>
      <symbol id="sm-4b7">
         <name>__args_main</name>
         <value>0x32237f</value>
         <object_component_ref idref="oc-1d6"/>
      </symbol>
      <symbol id="sm-4c9">
         <name>_strstr</name>
         <value>0x322356</value>
         <object_component_ref idref="oc-1df"/>
      </symbol>
      <symbol id="sm-629">
         <name>___TI_printfi</name>
         <value>0x320b73</value>
         <object_component_ref idref="oc-1ec"/>
      </symbol>
      <symbol id="sm-637">
         <name>_wcslen</name>
         <value>0x3223cd</value>
         <object_component_ref idref="oc-1f7"/>
      </symbol>
      <symbol id="sm-647">
         <name>FD$$CMP</name>
         <value>0x322145</value>
         <object_component_ref idref="oc-14e"/>
      </symbol>
      <symbol id="sm-659">
         <name>FD$$MPY</name>
         <value>0x321ec0</value>
         <object_component_ref idref="oc-153"/>
      </symbol>
      <symbol id="sm-666">
         <name>FD$$NEG</name>
         <value>0x3223c4</value>
         <object_component_ref idref="oc-158"/>
      </symbol>
      <symbol id="sm-672">
         <name>FD$$SUB</name>
         <value>0x3223a1</value>
         <object_component_ref idref="oc-15d"/>
      </symbol>
      <symbol id="sm-681">
         <name>FD$$TOI</name>
         <value>0x322233</value>
         <object_component_ref idref="oc-162"/>
      </symbol>
      <symbol id="sm-690">
         <name>FD$$TOL</name>
         <value>0x322274</value>
         <object_component_ref idref="oc-167"/>
      </symbol>
      <symbol id="sm-69c">
         <name>LL$$AND</name>
         <value>0x32233e</value>
         <object_component_ref idref="oc-16c"/>
      </symbol>
      <symbol id="sm-69d">
         <name>LL$$OR</name>
         <value>0x322346</value>
         <object_component_ref idref="oc-16c"/>
      </symbol>
      <symbol id="sm-69e">
         <name>LL$$XOR</name>
         <value>0x32234e</value>
         <object_component_ref idref="oc-16c"/>
      </symbol>
      <symbol id="sm-6ac">
         <name>ULL$$CMP</name>
         <value>0x3222a5</value>
         <object_component_ref idref="oc-171"/>
      </symbol>
      <symbol id="sm-6ad">
         <name>LL$$CMP</name>
         <value>0x322293</value>
         <object_component_ref idref="oc-171"/>
      </symbol>
      <symbol id="sm-6d9">
         <name>ULL$$MOD</name>
         <value>0x321961</value>
         <object_component_ref idref="oc-176"/>
      </symbol>
      <symbol id="sm-6da">
         <name>ULL$$DIV</name>
         <value>0x321932</value>
         <object_component_ref idref="oc-176"/>
      </symbol>
      <symbol id="sm-6db">
         <name>LL$$MOD</name>
         <value>0x3218f8</value>
         <object_component_ref idref="oc-176"/>
      </symbol>
      <symbol id="sm-6dc">
         <name>LL$$DIV</name>
         <value>0x3218bc</value>
         <object_component_ref idref="oc-176"/>
      </symbol>
      <symbol id="sm-6ec">
         <name>I$$TOFD</name>
         <value>0x3222b1</value>
         <object_component_ref idref="oc-17b"/>
      </symbol>
      <symbol id="sm-6fc">
         <name>L$$TOFD</name>
         <value>0x322307</value>
         <object_component_ref idref="oc-180"/>
      </symbol>
      <symbol id="sm-70c">
         <name>FS$$TOFD</name>
         <value>0x3222eb</value>
         <object_component_ref idref="oc-185"/>
      </symbol>
      <symbol id="sm-723">
         <name>FD$$DIV</name>
         <value>0x321daf</value>
         <object_component_ref idref="oc-18a"/>
      </symbol>
      <symbol id="sm-731">
         <name>___TI_ltoa</name>
         <value>0x322115</value>
         <object_component_ref idref="oc-1f0"/>
      </symbol>
      <symbol id="sm-745">
         <name>_atoi</name>
         <value>0x3220e4</value>
         <object_component_ref idref="oc-1ee"/>
      </symbol>
      <symbol id="sm-74d">
         <name>__ctypes_</name>
         <value>0x3384e7</value>
         <object_component_ref idref="oc-1f8"/>
      </symbol>
      <symbol id="sm-75c">
         <name>_memccpy</name>
         <value>0x322391</value>
         <object_component_ref idref="oc-1f6"/>
      </symbol>
      <symbol id="sm-76a">
         <name>_memset</name>
         <value>0x3223ed</value>
         <object_component_ref idref="oc-1f4"/>
      </symbol>
      <symbol id="sm-779">
         <name>_strchr</name>
         <value>0x3223af</value>
         <object_component_ref idref="oc-1f3"/>
      </symbol>
      <symbol id="sm-786">
         <name>_strcpy</name>
         <value>0x3223f4</value>
         <object_component_ref idref="oc-1f5"/>
      </symbol>
      <symbol id="sm-793">
         <name>_strlen</name>
         <value>0x3223de</value>
         <object_component_ref idref="oc-1ef"/>
      </symbol>
      <symbol id="sm-7a6">
         <name>_frexpl</name>
         <value>0x321fb6</value>
         <object_component_ref idref="oc-1f1"/>
      </symbol>
      <symbol id="sm-7c4">
         <name>_scalbnl</name>
         <value>0x321c65</value>
         <object_component_ref idref="oc-1f2"/>
      </symbol>
      <symbol id="sm-7c5">
         <name>_ldexpl</name>
         <value>0x321c65</value>
         <object_component_ref idref="oc-1f2"/>
      </symbol>
      <symbol id="sm-7d2">
         <name>_copysignl</name>
         <value>0x3221ea</value>
         <object_component_ref idref="oc-1f9"/>
      </symbol>
      <symbol id="sm-7ed">
         <name>FD$$ADD</name>
         <value>0x321d13</value>
         <object_component_ref idref="oc-1c5"/>
      </symbol>
      <symbol id="sm-7f9">
         <name>UL$$MOD</name>
         <value>0x322193</value>
         <object_component_ref idref="oc-1ca"/>
      </symbol>
      <symbol id="sm-7fa">
         <name>L$$MOD</name>
         <value>0x32217e</value>
         <object_component_ref idref="oc-1ca"/>
      </symbol>
      <symbol id="sm-7fb">
         <name>L$$DIV</name>
         <value>0x32216f</value>
         <object_component_ref idref="oc-1ca"/>
      </symbol>
      <symbol id="sm-7fc">
         <name>UL$$DIV</name>
         <value>0x32218c</value>
         <object_component_ref idref="oc-1ca"/>
      </symbol>
      <symbol id="sm-806">
         <name>_errno</name>
         <value>0xc0de</value>
         <object_component_ref idref="oc-1d1"/>
      </symbol>
   </symbol_table>
   <title>Link successful</title>
</link_info>
