******************************************************************************
             TMS320C2000 Linker PC v20.2.0                     
******************************************************************************
>> Linked Wed Mar 25 19:44:01 2020

OUTPUT FILE NAME:   <S04_AS608_FINGERPRINT_F28335_CCS10.out>
ENTRY POINT SYMBOL: "_c_int00"  address: 0000ee2c


MEMORY CONFIGURATION

         name            origin    length      used     unused   attr    fill
----------------------  --------  ---------  --------  --------  ----  --------
PAGE 0:
  BEGIN                 00000000   00000002  00000002  00000000  RWIX
  RAMM0                 00000050   000003b0  00000000  000003b0  RWIX
  RAML0                 00008000   00001000  0000003e  00000fc2  RWIX
  RAML1                 00009000   00001000  00000300  00000d00  RWIX
  RAML2                 0000a000   00001000  00000000  00001000  RWIX
  RAML3                 0000b000   00001000  00000000  00001000  RWIX
  ZONE7A                00200000   00001000  00000000  00001000  RWIX
  ZONE7B                00220000   00020000  00000000  00020000  RWIX
  CSM_RSVD              0033ff80   00000076  00000000  00000076  RWIX
  CSM_PWL               0033fff8   00000008  00000000  00000008  RWIX
  ADC_CAL               00380080   00000009  00000007  00000002  RWIX
  IQTABLES              003fe000   00000b50  00000000  00000b50  RWIX
  IQTABLES2             003feb50   0000008c  00000000  0000008c  RWIX
  FPUTABLES             003febdc   000006a0  00000000  000006a0  RWIX
  BOOTROM               003ff27c   00000d44  00000000  00000d44  RWIX
  RESET                 003fffc0   00000002  00000000  00000002  RWIX

PAGE 1:
  BOOT_RSVD             00000002   0000004e  00000000  0000004e  RWIX
  RAMM1                 00000400   00000400  00000000  00000400  RWIX
  DEV_EMU               00000880   00000180  000000d0  000000b0  RWIX
  FLASH_REGS            00000a80   00000060  00000008  00000058  RWIX
  CSM                   00000ae0   00000010  00000010  00000000  RWIX
  ADC_MIRROR            00000b00   00000010  00000010  00000000  RWIX
  XINTF                 00000b20   00000020  0000001e  00000002  RWIX
  CPU_TIMER0            00000c00   00000008  00000008  00000000  RWIX
  CPU_TIMER1            00000c08   00000008  00000008  00000000  RWIX
  CPU_TIMER2            00000c10   00000008  00000008  00000000  RWIX
  PIE_CTRL              00000ce0   00000020  0000001a  00000006  RWIX
  PIE_VECT              00000d00   00000100  00000100  00000000  RWIX
  DMA                   00001000   00000200  000000e0  00000120  RWIX
  MCBSPA                00005000   00000040  00000025  0000001b  RWIX
  MCBSPB                00005040   00000040  00000025  0000001b  RWIX
  ECANA                 00006000   00000040  00000034  0000000c  RWIX
  ECANA_LAM             00006040   00000040  00000040  00000000  RWIX
  ECANA_MOTS            00006080   00000040  00000040  00000000  RWIX
  ECANA_MOTO            000060c0   00000040  00000040  00000000  RWIX
  ECANA_MBOX            00006100   00000100  00000100  00000000  RWIX
  ECANB                 00006200   00000040  00000034  0000000c  RWIX
  ECANB_LAM             00006240   00000040  00000040  00000000  RWIX
  ECANB_MOTS            00006280   00000040  00000040  00000000  RWIX
  ECANB_MOTO            000062c0   00000040  00000040  00000000  RWIX
  ECANB_MBOX            00006300   00000100  00000100  00000000  RWIX
  EPWM1                 00006800   00000022  00000022  00000000  RWIX
  EPWM2                 00006840   00000022  00000022  00000000  RWIX
  EPWM3                 00006880   00000022  00000022  00000000  RWIX
  EPWM4                 000068c0   00000022  00000022  00000000  RWIX
  EPWM5                 00006900   00000022  00000022  00000000  RWIX
  EPWM6                 00006940   00000022  00000022  00000000  RWIX
  ECAP1                 00006a00   00000020  00000020  00000000  RWIX
  ECAP2                 00006a20   00000020  00000020  00000000  RWIX
  ECAP3                 00006a40   00000020  00000020  00000000  RWIX
  ECAP4                 00006a60   00000020  00000020  00000000  RWIX
  ECAP5                 00006a80   00000020  00000020  00000000  RWIX
  ECAP6                 00006aa0   00000020  00000020  00000000  RWIX
  EQEP1                 00006b00   00000040  00000040  00000000  RWIX
  EQEP2                 00006b40   00000040  00000040  00000000  RWIX
  GPIOCTRL              00006f80   00000040  0000002e  00000012  RWIX
  GPIODAT               00006fc0   00000020  00000020  00000000  RWIX
  GPIOINT               00006fe0   00000020  0000000a  00000016  RWIX
  SYSTEM                00007010   00000020  00000020  00000000  RWIX
  SPIA                  00007040   00000010  00000010  00000000  RWIX
  SCIA                  00007050   00000010  00000010  00000000  RWIX
  XINTRUPT              00007070   00000010  00000010  00000000  RWIX
  ADC                   00007100   00000020  0000001e  00000002  RWIX
  SCIB                  00007750   00000010  00000010  00000000  RWIX
  SCIC                  00007770   00000010  00000010  00000000  RWIX
  I2CA                  00007900   00000040  00000022  0000001e  RWIX
  RAML4                 0000c000   00001000  000000df  00000f21  RWIX
  RAML5                 0000d000   00003000  00002a6f  00000591  RWIX
  ZONE7B                0020fc00   00000400  00000000  00000400  RWIX
  CSM_PWL               0033fff8   00000008  00000008  00000000  RWIX
  PARTID                00380090   00000001  00000001  00000000  RWIX

PAGE 2:
  USER_RAMH0            003f8000   00008000  00000000  00008000  RWIX


SECTION ALLOCATION MAP

 output                                  attributes/
section   page    origin      length       input sections
--------  ----  ----------  ----------   ----------------
codestart 
*          0    00000000    00000002     
                  00000000    00000002     DSP2833x_CodeStartBranch.obj (codestart)

ramfuncs   0    0000803a    00000004     
                  0000803a    00000004     DSP2833x_usDelay.obj (ramfuncs)

.text      1    0000d000    00002259     
                  0000d000    00000c98     rts2800_ml.lib : _printfi.c.obj (.text)
                  0000dc98    0000088b     as608.obj (.text)
                  0000e523    0000018b     DSP2833x_DefaultIsr.obj (.text:retain)
                  0000e6ae    00000107     rts2800_ml.lib : ll_div28.asm.obj (.text)
                  0000e7b5    000000f8     DSP2833x_SysCtrl.obj (.text)
                  0000e8ad    000000f2     main.obj (.text)
                  0000e99f    000000ba     sci.obj (.text)
                  0000ea59    000000ac     rts2800_ml.lib : s_scalbn.c.obj (.text)
                  0000eb05    0000009c                    : fd_add28.asm.obj (.text)
                  0000eba1    0000008b                    : fd_div28.asm.obj (.text)
                  0000ec2c    00000083                    : fd_mpy28.asm.obj (.text)
                  0000ecaf    0000006a     DSP2833x_CpuTimers.obj (.text)
                  0000ed19    0000005d     sci.obj (.text:retain)
                  0000ed76    0000005c     rts2800_ml.lib : s_frexp.c.obj (.text)
                  0000edd2    0000005a                    : fs_mpy28.asm.obj (.text)
                  0000ee2c    00000054                    : boot28.asm.obj (.text)
                  0000ee80    0000004c     DSP2833x_Sci.obj (.text)
                  0000eecc    00000032     rts2800_ml.lib : sprintf.c.obj (.text)
                  0000eefe    00000031                    : atoi.c.obj (.text)
                  0000ef2f    0000002e                    : _ltoa.c.obj (.text)
                  0000ef5d    0000002a                    : fd_cmp28.asm.obj (.text)
                  0000ef87    0000002a                    : l_div28.asm.obj (.text)
                  0000efb1    00000029                    : exit.c.obj (.text)
                  0000efda    00000029                    : fs_tol28.asm.obj (.text)
                  0000f003    00000028     DSP2833x_PieCtrl.obj (.text)
                  0000f02b    00000024     rts2800_ml.lib : cpy_tbl.c.obj (.text)
                  0000f04f    00000023                    : s_copysign.c.obj (.text)
                  0000f072    00000021                    : fd_toi28.asm.obj (.text)
                  0000f093    00000020     DSP2833x_PieVect.obj (.text)
                  0000f0b3    0000001f     rts2800_ml.lib : fd_tol28.asm.obj (.text)
                  0000f0d2    0000001e                    : ll_cmp28.asm.obj (.text)
                  0000f0f0    0000001d                    : i_tofd28.asm.obj (.text)
                  0000f10d    0000001d                    : memcpy.c.obj (.text)
                  0000f12a    0000001c                    : fs_tofd28.asm.obj (.text)
                  0000f146    0000001c                    : l_tofd28.asm.obj (.text)
                  0000f162    0000001b     DSP2833x_Gpio.obj (.text)
                  0000f17d    0000001a     rts2800_ml.lib : l_tofs28.asm.obj (.text)
                  0000f197    00000018                    : ll_aox28.asm.obj (.text)
                  0000f1af    00000017                    : fs_cmp28.asm.obj (.text)
                  0000f1c6    00000016                    : strstr.c.obj (.text)
                  0000f1dc    00000011                    : args_main.c.obj (.text)
                  0000f1ed    00000010                    : memccpy.c.obj (.text)
                  0000f1fd    0000000e                    : fd_sub28.asm.obj (.text)
                  0000f20b    0000000b                    : strchr.c.obj (.text)
                  0000f216    00000009                    : _lock.c.obj (.text)
                  0000f21f    00000009                    : fd_neg28.asm.obj (.text)
                  0000f228    00000008     DSP2833x_CodeStartBranch.obj (.text)
                  0000f230    00000008     rts2800_ml.lib : strlen.c.obj (.text)
                  0000f238    00000008                    : wcslen.c.obj (.text)
                  0000f240    00000007     DSP2833x_DisInt.obj (.text)
                  0000f247    00000007     rts2800_ml.lib : memset.c.obj (.text)
                  0000f24e    00000005                    : strcpy.c.obj (.text)
                  0000f253    00000003     DSP2833x_DBGIER.obj (.text)
                  0000f256    00000002     rts2800_ml.lib : pre_init.c.obj (.text)
                  0000f258    00000001                    : startup.c.obj (.text)

.cinit     0    00008000    00000022     
                  00008000    0000000e     rts2800_ml.lib : exit.c.obj (.cinit)
                  0000800e    00000005                    : _lock.c.obj (.cinit:__lock)
                  00008013    00000005                    : _lock.c.obj (.cinit:__unlock)
                  00008018    00000004     main.obj (.cinit)
                  0000801c    00000004     rts2800_ml.lib : errno.c.obj (.cinit)
                  00008020    00000002     --HOLE-- [fill = 0]

.pinit     0    00008000    00000000     UNINITIALIZED

.switch    0    00008022    00000018     
                  00008022    00000018     as608.obj (.switch:_as608_ensure_message)

.stack     0    00009000    00000300     UNINITIALIZED
                  00009000    00000300     --HOLE--

.ebss      1    0000c000    000000df     UNINITIALIZED
                  0000c000    000000bc     main.obj (.ebss)
                  0000c0bc    00000002     rts2800_ml.lib : _lock.c.obj (.ebss:__lock)
                  0000c0be    00000002                    : _lock.c.obj (.ebss:__unlock)
                  0000c0c0    00000018     DSP2833x_CpuTimers.obj (.ebss)
                  0000c0d8    00000006     rts2800_ml.lib : exit.c.obj (.ebss)
                  0000c0de    00000001                    : errno.c.obj (.ebss)

.econst    1    0000f25a    00000816     
                  0000f25a    000004c2     as608.obj (.econst:.string)
                  0000f71c    00000101     rts2800_ml.lib : ctype.c.obj (.econst:.string:__ctypes_)
                  0000f81d    00000001     --HOLE-- [fill = 0]
                  0000f81e    00000100     DSP2833x_PieVect.obj (.econst:_PieVectTableInit)
                  0000f91e    000000eb     main.obj (.econst:.string)
                  0000fa09    00000001     --HOLE-- [fill = 0]
                  0000fa0a    00000026     rts2800_ml.lib : _printfi.c.obj (.econst:.string)
                  0000fa30    0000001c                    : _printfi.c.obj (.econst)
                  0000fa4c    0000001c                    : s_scalbn.c.obj (.econst)
                  0000fa68    00000008                    : s_frexp.c.obj (.econst)

.reset     0    003fffc0    00000002     DSECT
                  003fffc0    00000002     rts2800_ml.lib : boot28.asm.obj (.reset)

csm_rsvd   0    0033ff80    00000076     DSECT
                  0033ff80    00000076     DSP2833x_CSMPasswords.obj (csm_rsvd)

csmpasswds 
*          0    0033fff8    00000008     DSECT
                  0033fff8    00000008     DSP2833x_CSMPasswords.obj (csmpasswds)

.adc_cal   0    00380080    00000007     NOLOAD SECTION
                  00380080    00000007     DSP2833x_ADC_cal.obj (.adc_cal)

DevEmuRegsFile 
*          1    00000880    000000d0     UNINITIALIZED
                  00000880    000000d0     DSP2833x_GlobalVariableDefs.obj (DevEmuRegsFile)

FlashRegsFile 
*          1    00000a80    00000008     UNINITIALIZED
                  00000a80    00000008     DSP2833x_GlobalVariableDefs.obj (FlashRegsFile)

CsmRegsFile 
*          1    00000ae0    00000010     UNINITIALIZED
                  00000ae0    00000010     DSP2833x_GlobalVariableDefs.obj (CsmRegsFile)

AdcMirrorFile 
*          1    00000b00    00000010     UNINITIALIZED
                  00000b00    00000010     DSP2833x_GlobalVariableDefs.obj (AdcMirrorFile)

XintfRegsFile 
*          1    00000b20    0000001e     UNINITIALIZED
                  00000b20    0000001e     DSP2833x_GlobalVariableDefs.obj (XintfRegsFile)

CpuTimer0RegsFile 
*          1    00000c00    00000008     UNINITIALIZED
                  00000c00    00000008     DSP2833x_GlobalVariableDefs.obj (CpuTimer0RegsFile)

CpuTimer1RegsFile 
*          1    00000c08    00000008     UNINITIALIZED
                  00000c08    00000008     DSP2833x_GlobalVariableDefs.obj (CpuTimer1RegsFile)

CpuTimer2RegsFile 
*          1    00000c10    00000008     UNINITIALIZED
                  00000c10    00000008     DSP2833x_GlobalVariableDefs.obj (CpuTimer2RegsFile)

PieCtrlRegsFile 
*          1    00000ce0    0000001a     UNINITIALIZED
                  00000ce0    0000001a     DSP2833x_GlobalVariableDefs.obj (PieCtrlRegsFile)

PieVectTableFile 
*          1    00000d00    00000100     UNINITIALIZED
                  00000d00    00000100     DSP2833x_GlobalVariableDefs.obj (PieVectTableFile)

DmaRegsFile 
*          1    00001000    000000e0     UNINITIALIZED
                  00001000    000000e0     DSP2833x_GlobalVariableDefs.obj (DmaRegsFile)

McbspaRegsFile 
*          1    00005000    00000025     UNINITIALIZED
                  00005000    00000025     DSP2833x_GlobalVariableDefs.obj (McbspaRegsFile)

McbspbRegsFile 
*          1    00005040    00000025     UNINITIALIZED
                  00005040    00000025     DSP2833x_GlobalVariableDefs.obj (McbspbRegsFile)

ECanaRegsFile 
*          1    00006000    00000034     UNINITIALIZED
                  00006000    00000034     DSP2833x_GlobalVariableDefs.obj (ECanaRegsFile)

ECanaLAMRegsFile 
*          1    00006040    00000040     UNINITIALIZED
                  00006040    00000040     DSP2833x_GlobalVariableDefs.obj (ECanaLAMRegsFile)

ECanaMOTSRegsFile 
*          1    00006080    00000040     UNINITIALIZED
                  00006080    00000040     DSP2833x_GlobalVariableDefs.obj (ECanaMOTSRegsFile)

ECanaMOTORegsFile 
*          1    000060c0    00000040     UNINITIALIZED
                  000060c0    00000040     DSP2833x_GlobalVariableDefs.obj (ECanaMOTORegsFile)

ECanaMboxesFile 
*          1    00006100    00000100     UNINITIALIZED
                  00006100    00000100     DSP2833x_GlobalVariableDefs.obj (ECanaMboxesFile)

ECanbRegsFile 
*          1    00006200    00000034     UNINITIALIZED
                  00006200    00000034     DSP2833x_GlobalVariableDefs.obj (ECanbRegsFile)

ECanbLAMRegsFile 
*          1    00006240    00000040     UNINITIALIZED
                  00006240    00000040     DSP2833x_GlobalVariableDefs.obj (ECanbLAMRegsFile)

ECanbMOTSRegsFile 
*          1    00006280    00000040     UNINITIALIZED
                  00006280    00000040     DSP2833x_GlobalVariableDefs.obj (ECanbMOTSRegsFile)

ECanbMOTORegsFile 
*          1    000062c0    00000040     UNINITIALIZED
                  000062c0    00000040     DSP2833x_GlobalVariableDefs.obj (ECanbMOTORegsFile)

ECanbMboxesFile 
*          1    00006300    00000100     UNINITIALIZED
                  00006300    00000100     DSP2833x_GlobalVariableDefs.obj (ECanbMboxesFile)

EPwm1RegsFile 
*          1    00006800    00000022     UNINITIALIZED
                  00006800    00000022     DSP2833x_GlobalVariableDefs.obj (EPwm1RegsFile)

EPwm2RegsFile 
*          1    00006840    00000022     UNINITIALIZED
                  00006840    00000022     DSP2833x_GlobalVariableDefs.obj (EPwm2RegsFile)

EPwm3RegsFile 
*          1    00006880    00000022     UNINITIALIZED
                  00006880    00000022     DSP2833x_GlobalVariableDefs.obj (EPwm3RegsFile)

EPwm4RegsFile 
*          1    000068c0    00000022     UNINITIALIZED
                  000068c0    00000022     DSP2833x_GlobalVariableDefs.obj (EPwm4RegsFile)

EPwm5RegsFile 
*          1    00006900    00000022     UNINITIALIZED
                  00006900    00000022     DSP2833x_GlobalVariableDefs.obj (EPwm5RegsFile)

EPwm6RegsFile 
*          1    00006940    00000022     UNINITIALIZED
                  00006940    00000022     DSP2833x_GlobalVariableDefs.obj (EPwm6RegsFile)

ECap1RegsFile 
*          1    00006a00    00000020     UNINITIALIZED
                  00006a00    00000020     DSP2833x_GlobalVariableDefs.obj (ECap1RegsFile)

ECap2RegsFile 
*          1    00006a20    00000020     UNINITIALIZED
                  00006a20    00000020     DSP2833x_GlobalVariableDefs.obj (ECap2RegsFile)

ECap3RegsFile 
*          1    00006a40    00000020     UNINITIALIZED
                  00006a40    00000020     DSP2833x_GlobalVariableDefs.obj (ECap3RegsFile)

ECap4RegsFile 
*          1    00006a60    00000020     UNINITIALIZED
                  00006a60    00000020     DSP2833x_GlobalVariableDefs.obj (ECap4RegsFile)

ECap5RegsFile 
*          1    00006a80    00000020     UNINITIALIZED
                  00006a80    00000020     DSP2833x_GlobalVariableDefs.obj (ECap5RegsFile)

ECap6RegsFile 
*          1    00006aa0    00000020     UNINITIALIZED
                  00006aa0    00000020     DSP2833x_GlobalVariableDefs.obj (ECap6RegsFile)

EQep1RegsFile 
*          1    00006b00    00000040     UNINITIALIZED
                  00006b00    00000040     DSP2833x_GlobalVariableDefs.obj (EQep1RegsFile)

EQep2RegsFile 
*          1    00006b40    00000040     UNINITIALIZED
                  00006b40    00000040     DSP2833x_GlobalVariableDefs.obj (EQep2RegsFile)

GpioCtrlRegsFile 
*          1    00006f80    0000002e     UNINITIALIZED
                  00006f80    0000002e     DSP2833x_GlobalVariableDefs.obj (GpioCtrlRegsFile)

GpioDataRegsFile 
*          1    00006fc0    00000020     UNINITIALIZED
                  00006fc0    00000020     DSP2833x_GlobalVariableDefs.obj (GpioDataRegsFile)

GpioIntRegsFile 
*          1    00006fe0    0000000a     UNINITIALIZED
                  00006fe0    0000000a     DSP2833x_GlobalVariableDefs.obj (GpioIntRegsFile)

SysCtrlRegsFile 
*          1    00007010    00000020     UNINITIALIZED
                  00007010    00000020     DSP2833x_GlobalVariableDefs.obj (SysCtrlRegsFile)

SpiaRegsFile 
*          1    00007040    00000010     UNINITIALIZED
                  00007040    00000010     DSP2833x_GlobalVariableDefs.obj (SpiaRegsFile)

SciaRegsFile 
*          1    00007050    00000010     UNINITIALIZED
                  00007050    00000010     DSP2833x_GlobalVariableDefs.obj (SciaRegsFile)

XIntruptRegsFile 
*          1    00007070    00000010     UNINITIALIZED
                  00007070    00000010     DSP2833x_GlobalVariableDefs.obj (XIntruptRegsFile)

AdcRegsFile 
*          1    00007100    0000001e     UNINITIALIZED
                  00007100    0000001e     DSP2833x_GlobalVariableDefs.obj (AdcRegsFile)

ScibRegsFile 
*          1    00007750    00000010     UNINITIALIZED
                  00007750    00000010     DSP2833x_GlobalVariableDefs.obj (ScibRegsFile)

ScicRegsFile 
*          1    00007770    00000010     UNINITIALIZED
                  00007770    00000010     DSP2833x_GlobalVariableDefs.obj (ScicRegsFile)

I2caRegsFile 
*          1    00007900    00000022     UNINITIALIZED
                  00007900    00000022     DSP2833x_GlobalVariableDefs.obj (I2caRegsFile)

CsmPwlFile 
*          1    0033fff8    00000008     UNINITIALIZED
                  0033fff8    00000008     DSP2833x_GlobalVariableDefs.obj (CsmPwlFile)

PartIdRegsFile 
*          1    00380090    00000001     UNINITIALIZED
                  00380090    00000001     DSP2833x_GlobalVariableDefs.obj (PartIdRegsFile)

MODULE SUMMARY

       Module                            code   initialized data   uninitialized data
       ------                            ----   ----------------   ------------------
    .\DSP2833x_common\source\
       DSP2833x_DefaultIsr.obj           395    0                  0                 
       DSP2833x_PieVect.obj              32     256                0                 
       DSP2833x_SysCtrl.obj              248    0                  0                 
       DSP2833x_CpuTimers.obj            106    0                  24                
       DSP2833x_Sci.obj                  76     0                  0                 
       DSP2833x_PieCtrl.obj              40     0                  0                 
       DSP2833x_Gpio.obj                 27     0                  0                 
       DSP2833x_CodeStartBranch.obj      10     0                  0                 
       DSP2833x_ADC_cal.obj              7      0                  0                 
       DSP2833x_DisInt.obj               7      0                  0                 
       DSP2833x_usDelay.obj              4      0                  0                 
       DSP2833x_DBGIER.obj               3      0                  0                 
    +--+---------------------------------+------+------------------+--------------------+
       Total:                            955    256                24                
                                                                                     
    .\DSP2833x_headers\source\
       DSP2833x_GlobalVariableDefs.obj   0      0                  2679              
    +--+---------------------------------+------+------------------+--------------------+
       Total:                            0      0                  2679              
                                                                                     
    .\src\
       as608.obj                         2187   1242               0                 
       main.obj                          242    239                188               
       sci.obj                           279    0                  0                 
    +--+---------------------------------+------+------------------+--------------------+
       Total:                            2708   1481               188               
                                                                                     
    C:\opt\ti\ccs1000\ccs\tools\compiler\ti-cgt-c2000_20.2.0.LTS\lib\rts2800_ml.lib
       _printfi.c.obj                    3224   66                 0                 
       ll_div28.asm.obj                  263    0                  0                 
       ctype.c.obj                       0      257                0                 
       s_scalbn.c.obj                    172    28                 0                 
       fd_add28.asm.obj                  156    0                  0                 
       fd_div28.asm.obj                  139    0                  0                 
       fd_mpy28.asm.obj                  131    0                  0                 
       s_frexp.c.obj                     92     8                  0                 
       fs_mpy28.asm.obj                  90     0                  0                 
       boot28.asm.obj                    84     0                  0                 
       exit.c.obj                        41     14                 6                 
       sprintf.c.obj                     50     0                  0                 
       atoi.c.obj                        49     0                  0                 
       _ltoa.c.obj                       46     0                  0                 
       fd_cmp28.asm.obj                  42     0                  0                 
       l_div28.asm.obj                   42     0                  0                 
       fs_tol28.asm.obj                  41     0                  0                 
       cpy_tbl.c.obj                     36     0                  0                 
       s_copysign.c.obj                  35     0                  0                 
       fd_toi28.asm.obj                  33     0                  0                 
       fd_tol28.asm.obj                  31     0                  0                 
       ll_cmp28.asm.obj                  30     0                  0                 
       i_tofd28.asm.obj                  29     0                  0                 
       memcpy.c.obj                      29     0                  0                 
       fs_tofd28.asm.obj                 28     0                  0                 
       l_tofd28.asm.obj                  28     0                  0                 
       l_tofs28.asm.obj                  26     0                  0                 
       ll_aox28.asm.obj                  24     0                  0                 
       _lock.c.obj                       9      10                 4                 
       fs_cmp28.asm.obj                  23     0                  0                 
       strstr.c.obj                      22     0                  0                 
       args_main.c.obj                   17     0                  0                 
       memccpy.c.obj                     16     0                  0                 
       fd_sub28.asm.obj                  14     0                  0                 
       strchr.c.obj                      11     0                  0                 
       fd_neg28.asm.obj                  9      0                  0                 
       strlen.c.obj                      8      0                  0                 
       wcslen.c.obj                      8      0                  0                 
       memset.c.obj                      7      0                  0                 
       errno.c.obj                       0      4                  1                 
       strcpy.c.obj                      5      0                  0                 
       pre_init.c.obj                    2      0                  0                 
       startup.c.obj                     1      0                  0                 
    +--+---------------------------------+------+------------------+--------------------+
       Total:                            5143   387                11                
                                                                                     
       Stack:                            0      0                  768               
    +--+---------------------------------+------+------------------+--------------------+
       Grand Total:                      8806   2124               3670              


GLOBAL DATA SYMBOLS: SORTED BY DATA PAGE

address     data page           name
--------    ----------------    ----
00000880      22 (00000880)     _DevEmuRegs

00000a80      2a (00000a80)     _FlashRegs

00000ae0      2b (00000ac0)     _CsmRegs

00000b00      2c (00000b00)     _AdcMirror
00000b20      2c (00000b00)     _XintfRegs

00000c00      30 (00000c00)     _CpuTimer0Regs
00000c08      30 (00000c00)     _CpuTimer1Regs
00000c10      30 (00000c00)     _CpuTimer2Regs

00000ce0      33 (00000cc0)     _PieCtrlRegs

00000d00      34 (00000d00)     _PieVectTable

00001000      40 (00001000)     _DmaRegs

00005000     140 (00005000)     _McbspaRegs

00005040     141 (00005040)     _McbspbRegs

00006000     180 (00006000)     _ECanaRegs

00006040     181 (00006040)     _ECanaLAMRegs

00006080     182 (00006080)     _ECanaMOTSRegs

000060c0     183 (000060c0)     _ECanaMOTORegs

00006100     184 (00006100)     _ECanaMboxes

00006200     188 (00006200)     _ECanbRegs

00006240     189 (00006240)     _ECanbLAMRegs

00006280     18a (00006280)     _ECanbMOTSRegs

000062c0     18b (000062c0)     _ECanbMOTORegs

00006300     18c (00006300)     _ECanbMboxes

00006800     1a0 (00006800)     _EPwm1Regs

00006840     1a1 (00006840)     _EPwm2Regs

00006880     1a2 (00006880)     _EPwm3Regs

000068c0     1a3 (000068c0)     _EPwm4Regs

00006900     1a4 (00006900)     _EPwm5Regs

00006940     1a5 (00006940)     _EPwm6Regs

00006a00     1a8 (00006a00)     _ECap1Regs
00006a20     1a8 (00006a00)     _ECap2Regs

00006a40     1a9 (00006a40)     _ECap3Regs
00006a60     1a9 (00006a40)     _ECap4Regs

00006a80     1aa (00006a80)     _ECap5Regs
00006aa0     1aa (00006a80)     _ECap6Regs

00006b00     1ac (00006b00)     _EQep1Regs

00006b40     1ad (00006b40)     _EQep2Regs

00006f80     1be (00006f80)     _GpioCtrlRegs

00006fc0     1bf (00006fc0)     _GpioDataRegs
00006fe0     1bf (00006fc0)     _GpioIntRegs

00007010     1c0 (00007000)     _SysCtrlRegs

00007040     1c1 (00007040)     _SpiaRegs
00007050     1c1 (00007040)     _SciaRegs
00007070     1c1 (00007040)     _XIntruptRegs

00007100     1c4 (00007100)     _AdcRegs

00007750     1dd (00007740)     _ScibRegs
00007770     1dd (00007740)     _ScicRegs

00007900     1e4 (00007900)     _I2caRegs

00009000     240 (00009000)     __stack

0000c000     300 (0000c000)     _rdata_pointA
0000c001     300 (0000c000)     _rdata_pointB
0000c002     300 (0000c000)     _id_flag
0000c003     300 (0000c000)     _error_count
0000c004     300 (0000c000)     _as608_p

0000c040     301 (0000c040)     _as608

0000c0bc     302 (0000c080)     __lock
0000c0be     302 (0000c080)     __unlock

0000c0c0     303 (0000c0c0)     _CpuTimer0
0000c0c8     303 (0000c0c0)     _CpuTimer1
0000c0d0     303 (0000c0c0)     _CpuTimer2
0000c0d8     303 (0000c0c0)     ___TI_enable_exit_profile_output
0000c0da     303 (0000c0c0)     ___TI_cleanup_ptr
0000c0dc     303 (0000c0c0)     ___TI_dtors_ptr
0000c0de     303 (0000c0c0)     _errno

0000f71c     3dc (0000f700)     __ctypes_

0000f81e     3e0 (0000f800)     _PieVectTableInit

0033fff8    cfff (0033ffc0)     _CsmPwl

00380090    e002 (00380080)     _PartIdRegs


GLOBAL SYMBOLS: SORTED ALPHABETICALLY BY Name 

page  address   name                            
----  -------   ----                            
1     0000d000  .text                           
1     0000efb1  C$$EXIT                         
1     0000eb05  FD$$ADD                         
1     0000ef5d  FD$$CMP                         
1     0000eba1  FD$$DIV                         
1     0000ec2c  FD$$MPY                         
1     0000f21f  FD$$NEG                         
1     0000f1fd  FD$$SUB                         
1     0000f072  FD$$TOI                         
1     0000f0b3  FD$$TOL                         
1     0000f1af  FS$$CMP                         
1     0000edd2  FS$$MPY                         
1     0000f12a  FS$$TOFD                        
1     0000efda  FS$$TOL                         
1     0000f0f0  I$$TOFD                         
1     0000ef87  L$$DIV                          
1     0000ef96  L$$MOD                          
1     0000f146  L$$TOFD                         
1     0000f17d  L$$TOFS                         
1     0000f197  LL$$AND                         
1     0000f0d2  LL$$CMP                         
1     0000e6ae  LL$$DIV                         
1     0000e6ea  LL$$MOD                         
1     0000f19f  LL$$OR                          
1     0000f1a7  LL$$XOR                         
1     0000efa4  UL$$DIV                         
1     0000efab  UL$$MOD                         
1     0000f0e4  ULL$$CMP                        
1     0000e724  ULL$$DIV                        
1     0000e753  ULL$$MOD                        
1     0000e596  _ADCINT_ISR                     
0     00380080  _ADC_cal                        
1     0000dc98  _AS608_INIT                     
1     00000b00  _AdcMirror                      
1     00007100  _AdcRegs                        
1     0000ece8  _ConfigCpuTimer                 
1     0000c0c0  _CpuTimer0                      
1     00000c00  _CpuTimer0Regs                  
1     0000c0c8  _CpuTimer1                      
1     00000c08  _CpuTimer1Regs                  
1     0000c0d0  _CpuTimer2                      
1     00000c10  _CpuTimer2Regs                  
1     0033fff8  _CsmPwl                         
1     00000ae0  _CsmRegs                        
1     0000e87c  _CsmUnlock                      
1     0000e52d  _DATALOG_ISR                    
1     0000e627  _DINTCH1_ISR                    
1     0000e62c  _DINTCH2_ISR                    
1     0000e631  _DINTCH3_ISR                    
1     0000e636  _DINTCH4_ISR                    
1     0000e63b  _DINTCH5_ISR                    
1     0000e640  _DINTCH6_ISR                    
1     0000f240  _DSP28x_DisableInt              
1     0000f244  _DSP28x_RestoreInt              
0     0000803a  _DSP28x_usDelay                 
1     0000e987  _Delay                          
1     00000880  _DevEmuRegs                     
1     0000e7c8  _DisableDog                     
1     00001000  _DmaRegs                        
1     0000e66d  _ECAN0INTA_ISR                  
1     0000e677  _ECAN0INTB_ISR                  
1     0000e672  _ECAN1INTA_ISR                  
1     0000e67c  _ECAN1INTB_ISR                  
1     0000e5e1  _ECAP1_INT_ISR                  
1     0000e5e6  _ECAP2_INT_ISR                  
1     0000e5eb  _ECAP3_INT_ISR                  
1     0000e5f0  _ECAP4_INT_ISR                  
1     0000e5f5  _ECAP5_INT_ISR                  
1     0000e5fa  _ECAP6_INT_ISR                  
1     00006040  _ECanaLAMRegs                   
1     000060c0  _ECanaMOTORegs                  
1     00006080  _ECanaMOTSRegs                  
1     00006100  _ECanaMboxes                    
1     00006000  _ECanaRegs                      
1     00006240  _ECanbLAMRegs                   
1     000062c0  _ECanbMOTORegs                  
1     00006280  _ECanbMOTSRegs                  
1     00006300  _ECanbMboxes                    
1     00006200  _ECanbRegs                      
1     00006a00  _ECap1Regs                      
1     00006a20  _ECap2Regs                      
1     00006a40  _ECap3Regs                      
1     00006a60  _ECap4Regs                      
1     00006a80  _ECap5Regs                      
1     00006aa0  _ECap6Regs                      
1     0000e537  _EMUINT_ISR                     
1     0000e5c3  _EPWM1_INT_ISR                  
1     0000e5a5  _EPWM1_TZINT_ISR                
1     0000e5c8  _EPWM2_INT_ISR                  
1     0000e5aa  _EPWM2_TZINT_ISR                
1     0000e5cd  _EPWM3_INT_ISR                  
1     0000e5af  _EPWM3_TZINT_ISR                
1     0000e5d2  _EPWM4_INT_ISR                  
1     0000e5b4  _EPWM4_TZINT_ISR                
1     0000e5d7  _EPWM5_INT_ISR                  
1     0000e5b9  _EPWM5_TZINT_ISR                
1     0000e5dc  _EPWM6_INT_ISR                  
1     0000e5be  _EPWM6_TZINT_ISR                
1     00006800  _EPwm1Regs                      
1     00006840  _EPwm2Regs                      
1     00006880  _EPwm3Regs                      
1     000068c0  _EPwm4Regs                      
1     00006900  _EPwm5Regs                      
1     00006940  _EPwm6Regs                      
1     0000e5ff  _EQEP1_INT_ISR                  
1     0000e604  _EQEP2_INT_ISR                  
1     00006b00  _EQep1Regs                      
1     00006b40  _EQep2Regs                      
1     0000f022  _EnableInterrupts               
1     00000a80  _FlashRegs                      
1     00006f80  _GpioCtrlRegs                   
1     00006fc0  _GpioDataRegs                   
1     00006fe0  _GpioIntRegs                    
1     0000e645  _I2CINT1A_ISR                   
1     0000e64a  _I2CINT2A_ISR                   
1     00007900  _I2caRegs                       
1     0000e541  _ILLEGAL_ISR                    
1     0000e523  _INT13_ISR                      
1     0000e528  _INT14_ISR                      
1     0000ecaf  _InitCpuTimers                  
1     0000f162  _InitGpio                       
1     0000e821  _InitPeripheralClocks           
1     0000f003  _InitPieCtrl                    
1     0000f093  _InitPieVectTable               
1     0000e7d0  _InitPll                        
1     0000ee80  _InitSci                        
1     0000ee83  _InitSciGpio                    
1     0000ee8a  _InitSciaGpio                   
1     0000eea2  _InitScibGpio                   
1     0000eeb6  _InitScicGpio                   
1     0000e7b5  _InitSysCtrl                    
1     0000e69f  _LUF_ISR                        
1     0000e69a  _LVF_ISR                        
1     0000e61d  _MRINTA_ISR                     
1     0000e613  _MRINTB_ISR                     
1     0000e622  _MXINTA_ISR                     
1     0000e618  _MXINTB_ISR                     
1     00005000  _McbspaRegs                     
1     00005040  _McbspbRegs                     
1     0000e53c  _NMI_ISR                        
1     0000e6a4  _PIE_RESERVED                   
1     00380090  _PartIdRegs                     
1     00000ce0  _PieCtrlRegs                    
1     00000d00  _PieVectTable                   
1     0000f81e  _PieVectTableInit               
1     0000e532  _RTOSINT_ISR                    
1     0000e659  _SCIRXINTA_ISR                  
1     0000e663  _SCIRXINTB_ISR                  
1     0000e64f  _SCIRXINTC_ISR                  
1     0000e65e  _SCITXINTA_ISR                  
1     0000e668  _SCITXINTB_ISR                  
1     0000e654  _SCITXINTC_ISR                  
1     0000e99f  _SCI_INIT                       
1     0000e582  _SEQ1INT_ISR                    
1     0000e587  _SEQ2INT_ISR                    
1     0000e609  _SPIRXINTA_ISR                  
1     0000e60e  _SPITXINTA_ISR                  
1     00007050  _SciaRegs                       
1     00007750  _ScibRegs                       
1     00007770  _ScicRegs                       
1     0000e7be  _ServiceDog                     
1     0000f253  _SetDBGIER                      
1     00007040  _SpiaRegs                       
1     00007010  _SysCtrlRegs                    
1     0000e59b  _TINT0_ISR                      
1     0000e573  _USER10_ISR                     
1     0000e578  _USER11_ISR                     
1     0000e57d  _USER12_ISR                     
1     0000e546  _USER1_ISR                      
1     0000e54b  _USER2_ISR                      
1     0000e550  _USER3_ISR                      
1     0000e555  _USER4_ISR                      
1     0000e55a  _USER5_ISR                      
1     0000e55f  _USER6_ISR                      
1     0000e564  _USER7_ISR                      
1     0000e569  _USER8_ISR                      
1     0000e56e  _USER9_ISR                      
1     0000e5a0  _WAKEINT_ISR                    
1     0000e58c  _XINT1_ISR                      
1     0000e591  _XINT2_ISR                      
1     0000e681  _XINT3_ISR                      
1     0000e686  _XINT4_ISR                      
1     0000e68b  _XINT5_ISR                      
1     0000e690  _XINT6_ISR                      
1     0000e695  _XINT7_ISR                      
1     00007070  _XIntruptRegs                   
1     00000b20  _XintfRegs                      
0     00009300  __STACK_END                     
abs   00000300  __STACK_SIZE                    
1     0000c0da  ___TI_cleanup_ptr               
1     0000c0dc  ___TI_dtors_ptr                 
1     0000c0d8  ___TI_enable_exit_profile_output
1     0000ef2f  ___TI_ltoa                      
abs   ffffffff  ___TI_pprof_out_hndl            
1     0000db12  ___TI_printfi                   
abs   ffffffff  ___TI_prof_data_size            
abs   ffffffff  ___TI_prof_data_start           
abs   ffffffff  ___binit__                      
abs   ffffffff  ___c_args__                     
0     00008000  ___cinit__                      
1     0000f259  ___etext__                      
abs   ffffffff  ___pinit__                      
1     0000d000  ___text__                       
1     0000f1dc  __args_main                     
1     0000f71c  __ctypes_                       
1     0000c0bc  __lock                          
1     0000f21e  __nop                           
1     0000f21a  __register_lock                 
1     0000f216  __register_unlock               
0     00009000  __stack                         
1     0000f258  __system_post_cinit             
1     0000f256  __system_pre_init               
1     0000c0be  __unlock                        
1     0000efb1  _abort                          
1     0000c040  _as608                          
1     0000e28b  _as608_add_finger               
1     0000dfe5  _as608_dele_char                
1     0000e050  _as608_empty                    
1     0000e3df  _as608_ensure_message           
1     0000ddbf  _as608_gen_char                 
1     0000dd7a  _as608_get_image                
1     0000e23c  _as608_hand_shake               
1     0000dec1  _as608_high_speed_search        
1     0000dd5d  _as608_init                     
1     0000de0c  _as608_match                    
1     0000c004  _as608_p                        
1     0000dd68  _as608_pin_set                  
1     0000e376  _as608_press_finger             
1     0000dd6f  _as608_read_state               
1     0000e0ea  _as608_read_sys_para            
1     0000df42  _as608_reg_model                
1     0000dd64  _as608_reset                    
1     0000de51  _as608_search                   
1     0000e486  _as608_send_addr                
1     0000dd54  _as608_send_byte                
1     0000e4b0  _as608_send_check               
1     0000e4aa  _as608_send_cmd                 
1     0000e49a  _as608_send_flag                
1     0000e47f  _as608_send_head                
1     0000e4a0  _as608_send_length              
1     0000e167  _as608_set_addr                 
1     0000df87  _as608_store_char               
1     0000e4ba  _as608_uart_process             
1     0000e1e1  _as608_valid_templete_num       
1     0000e095  _as608_write_reg                
1     0000eefe  _atoi                           
1     0000ee2c  _c_int00                        
1     0000f02b  _copy_in                        
1     0000f04f  _copysignl                      
1     0000c0de  _errno                          
1     0000ea0a  _error                          
1     0000c003  _error_count                    
1     0000efb3  _exit                           
1     0000ed76  _frexpl                         
1     0000c002  _id_flag                        
1     0000ea59  _ldexpl                         
1     0000e8ad  _main                           
1     0000f1ed  _memccpy                        
1     0000f10d  _memcpy                         
1     0000f247  _memset                         
1     0000c000  _rdata_pointA                   
1     0000c001  _rdata_pointB                   
1     0000e6a9  _rsvd_ISR                       
1     0000ea59  _scalbnl                        
1     0000ed19  _sciaRxFifoIsr                  
1     0000ea0c  _scia_fifo_init                 
1     0000e9b9  _scia_msg                       
1     0000e9ac  _scia_xmit                      
1     0000ed2c  _scibRxFifoIsr                  
1     0000ea22  _scib_fifo_init                 
1     0000e9e4  _scib_msg                       
1     0000e9cc  _scib_xmit                      
1     0000ed5d  _scicRxFifoIsr                  
1     0000ea3e  _scic_fifo_init                 
1     0000e9f7  _scic_msg                       
1     0000e9d8  _scic_xmit                      
1     0000eecc  _sprintf                        
1     0000f20b  _strchr                         
1     0000f24e  _strcpy                         
1     0000f230  _strlen                         
1     0000f1c6  _strstr                         
1     0000f238  _wcslen                         
abs   ffffffff  binit                           
0     00008000  cinit                           
0     00000000  code_start                      
1     0000f259  etext                           
abs   ffffffff  pinit                           


GLOBAL SYMBOLS: SORTED BY Symbol Address 

page  address   name                            
----  -------   ----                            
0     00000000  code_start                      
0     00008000  ___cinit__                      
0     00008000  cinit                           
0     0000803a  _DSP28x_usDelay                 
0     00009000  __stack                         
0     00009300  __STACK_END                     
0     00380080  _ADC_cal                        
1     00000880  _DevEmuRegs                     
1     00000a80  _FlashRegs                      
1     00000ae0  _CsmRegs                        
1     00000b00  _AdcMirror                      
1     00000b20  _XintfRegs                      
1     00000c00  _CpuTimer0Regs                  
1     00000c08  _CpuTimer1Regs                  
1     00000c10  _CpuTimer2Regs                  
1     00000ce0  _PieCtrlRegs                    
1     00000d00  _PieVectTable                   
1     00001000  _DmaRegs                        
1     00005000  _McbspaRegs                     
1     00005040  _McbspbRegs                     
1     00006000  _ECanaRegs                      
1     00006040  _ECanaLAMRegs                   
1     00006080  _ECanaMOTSRegs                  
1     000060c0  _ECanaMOTORegs                  
1     00006100  _ECanaMboxes                    
1     00006200  _ECanbRegs                      
1     00006240  _ECanbLAMRegs                   
1     00006280  _ECanbMOTSRegs                  
1     000062c0  _ECanbMOTORegs                  
1     00006300  _ECanbMboxes                    
1     00006800  _EPwm1Regs                      
1     00006840  _EPwm2Regs                      
1     00006880  _EPwm3Regs                      
1     000068c0  _EPwm4Regs                      
1     00006900  _EPwm5Regs                      
1     00006940  _EPwm6Regs                      
1     00006a00  _ECap1Regs                      
1     00006a20  _ECap2Regs                      
1     00006a40  _ECap3Regs                      
1     00006a60  _ECap4Regs                      
1     00006a80  _ECap5Regs                      
1     00006aa0  _ECap6Regs                      
1     00006b00  _EQep1Regs                      
1     00006b40  _EQep2Regs                      
1     00006f80  _GpioCtrlRegs                   
1     00006fc0  _GpioDataRegs                   
1     00006fe0  _GpioIntRegs                    
1     00007010  _SysCtrlRegs                    
1     00007040  _SpiaRegs                       
1     00007050  _SciaRegs                       
1     00007070  _XIntruptRegs                   
1     00007100  _AdcRegs                        
1     00007750  _ScibRegs                       
1     00007770  _ScicRegs                       
1     00007900  _I2caRegs                       
1     0000c000  _rdata_pointA                   
1     0000c001  _rdata_pointB                   
1     0000c002  _id_flag                        
1     0000c003  _error_count                    
1     0000c004  _as608_p                        
1     0000c040  _as608                          
1     0000c0bc  __lock                          
1     0000c0be  __unlock                        
1     0000c0c0  _CpuTimer0                      
1     0000c0c8  _CpuTimer1                      
1     0000c0d0  _CpuTimer2                      
1     0000c0d8  ___TI_enable_exit_profile_output
1     0000c0da  ___TI_cleanup_ptr               
1     0000c0dc  ___TI_dtors_ptr                 
1     0000c0de  _errno                          
1     0000d000  .text                           
1     0000d000  ___text__                       
1     0000db12  ___TI_printfi                   
1     0000dc98  _AS608_INIT                     
1     0000dd54  _as608_send_byte                
1     0000dd5d  _as608_init                     
1     0000dd64  _as608_reset                    
1     0000dd68  _as608_pin_set                  
1     0000dd6f  _as608_read_state               
1     0000dd7a  _as608_get_image                
1     0000ddbf  _as608_gen_char                 
1     0000de0c  _as608_match                    
1     0000de51  _as608_search                   
1     0000dec1  _as608_high_speed_search        
1     0000df42  _as608_reg_model                
1     0000df87  _as608_store_char               
1     0000dfe5  _as608_dele_char                
1     0000e050  _as608_empty                    
1     0000e095  _as608_write_reg                
1     0000e0ea  _as608_read_sys_para            
1     0000e167  _as608_set_addr                 
1     0000e1e1  _as608_valid_templete_num       
1     0000e23c  _as608_hand_shake               
1     0000e28b  _as608_add_finger               
1     0000e376  _as608_press_finger             
1     0000e3df  _as608_ensure_message           
1     0000e47f  _as608_send_head                
1     0000e486  _as608_send_addr                
1     0000e49a  _as608_send_flag                
1     0000e4a0  _as608_send_length              
1     0000e4aa  _as608_send_cmd                 
1     0000e4b0  _as608_send_check               
1     0000e4ba  _as608_uart_process             
1     0000e523  _INT13_ISR                      
1     0000e528  _INT14_ISR                      
1     0000e52d  _DATALOG_ISR                    
1     0000e532  _RTOSINT_ISR                    
1     0000e537  _EMUINT_ISR                     
1     0000e53c  _NMI_ISR                        
1     0000e541  _ILLEGAL_ISR                    
1     0000e546  _USER1_ISR                      
1     0000e54b  _USER2_ISR                      
1     0000e550  _USER3_ISR                      
1     0000e555  _USER4_ISR                      
1     0000e55a  _USER5_ISR                      
1     0000e55f  _USER6_ISR                      
1     0000e564  _USER7_ISR                      
1     0000e569  _USER8_ISR                      
1     0000e56e  _USER9_ISR                      
1     0000e573  _USER10_ISR                     
1     0000e578  _USER11_ISR                     
1     0000e57d  _USER12_ISR                     
1     0000e582  _SEQ1INT_ISR                    
1     0000e587  _SEQ2INT_ISR                    
1     0000e58c  _XINT1_ISR                      
1     0000e591  _XINT2_ISR                      
1     0000e596  _ADCINT_ISR                     
1     0000e59b  _TINT0_ISR                      
1     0000e5a0  _WAKEINT_ISR                    
1     0000e5a5  _EPWM1_TZINT_ISR                
1     0000e5aa  _EPWM2_TZINT_ISR                
1     0000e5af  _EPWM3_TZINT_ISR                
1     0000e5b4  _EPWM4_TZINT_ISR                
1     0000e5b9  _EPWM5_TZINT_ISR                
1     0000e5be  _EPWM6_TZINT_ISR                
1     0000e5c3  _EPWM1_INT_ISR                  
1     0000e5c8  _EPWM2_INT_ISR                  
1     0000e5cd  _EPWM3_INT_ISR                  
1     0000e5d2  _EPWM4_INT_ISR                  
1     0000e5d7  _EPWM5_INT_ISR                  
1     0000e5dc  _EPWM6_INT_ISR                  
1     0000e5e1  _ECAP1_INT_ISR                  
1     0000e5e6  _ECAP2_INT_ISR                  
1     0000e5eb  _ECAP3_INT_ISR                  
1     0000e5f0  _ECAP4_INT_ISR                  
1     0000e5f5  _ECAP5_INT_ISR                  
1     0000e5fa  _ECAP6_INT_ISR                  
1     0000e5ff  _EQEP1_INT_ISR                  
1     0000e604  _EQEP2_INT_ISR                  
1     0000e609  _SPIRXINTA_ISR                  
1     0000e60e  _SPITXINTA_ISR                  
1     0000e613  _MRINTB_ISR                     
1     0000e618  _MXINTB_ISR                     
1     0000e61d  _MRINTA_ISR                     
1     0000e622  _MXINTA_ISR                     
1     0000e627  _DINTCH1_ISR                    
1     0000e62c  _DINTCH2_ISR                    
1     0000e631  _DINTCH3_ISR                    
1     0000e636  _DINTCH4_ISR                    
1     0000e63b  _DINTCH5_ISR                    
1     0000e640  _DINTCH6_ISR                    
1     0000e645  _I2CINT1A_ISR                   
1     0000e64a  _I2CINT2A_ISR                   
1     0000e64f  _SCIRXINTC_ISR                  
1     0000e654  _SCITXINTC_ISR                  
1     0000e659  _SCIRXINTA_ISR                  
1     0000e65e  _SCITXINTA_ISR                  
1     0000e663  _SCIRXINTB_ISR                  
1     0000e668  _SCITXINTB_ISR                  
1     0000e66d  _ECAN0INTA_ISR                  
1     0000e672  _ECAN1INTA_ISR                  
1     0000e677  _ECAN0INTB_ISR                  
1     0000e67c  _ECAN1INTB_ISR                  
1     0000e681  _XINT3_ISR                      
1     0000e686  _XINT4_ISR                      
1     0000e68b  _XINT5_ISR                      
1     0000e690  _XINT6_ISR                      
1     0000e695  _XINT7_ISR                      
1     0000e69a  _LVF_ISR                        
1     0000e69f  _LUF_ISR                        
1     0000e6a4  _PIE_RESERVED                   
1     0000e6a9  _rsvd_ISR                       
1     0000e6ae  LL$$DIV                         
1     0000e6ea  LL$$MOD                         
1     0000e724  ULL$$DIV                        
1     0000e753  ULL$$MOD                        
1     0000e7b5  _InitSysCtrl                    
1     0000e7be  _ServiceDog                     
1     0000e7c8  _DisableDog                     
1     0000e7d0  _InitPll                        
1     0000e821  _InitPeripheralClocks           
1     0000e87c  _CsmUnlock                      
1     0000e8ad  _main                           
1     0000e987  _Delay                          
1     0000e99f  _SCI_INIT                       
1     0000e9ac  _scia_xmit                      
1     0000e9b9  _scia_msg                       
1     0000e9cc  _scib_xmit                      
1     0000e9d8  _scic_xmit                      
1     0000e9e4  _scib_msg                       
1     0000e9f7  _scic_msg                       
1     0000ea0a  _error                          
1     0000ea0c  _scia_fifo_init                 
1     0000ea22  _scib_fifo_init                 
1     0000ea3e  _scic_fifo_init                 
1     0000ea59  _ldexpl                         
1     0000ea59  _scalbnl                        
1     0000eb05  FD$$ADD                         
1     0000eba1  FD$$DIV                         
1     0000ec2c  FD$$MPY                         
1     0000ecaf  _InitCpuTimers                  
1     0000ece8  _ConfigCpuTimer                 
1     0000ed19  _sciaRxFifoIsr                  
1     0000ed2c  _scibRxFifoIsr                  
1     0000ed5d  _scicRxFifoIsr                  
1     0000ed76  _frexpl                         
1     0000edd2  FS$$MPY                         
1     0000ee2c  _c_int00                        
1     0000ee80  _InitSci                        
1     0000ee83  _InitSciGpio                    
1     0000ee8a  _InitSciaGpio                   
1     0000eea2  _InitScibGpio                   
1     0000eeb6  _InitScicGpio                   
1     0000eecc  _sprintf                        
1     0000eefe  _atoi                           
1     0000ef2f  ___TI_ltoa                      
1     0000ef5d  FD$$CMP                         
1     0000ef87  L$$DIV                          
1     0000ef96  L$$MOD                          
1     0000efa4  UL$$DIV                         
1     0000efab  UL$$MOD                         
1     0000efb1  C$$EXIT                         
1     0000efb1  _abort                          
1     0000efb3  _exit                           
1     0000efda  FS$$TOL                         
1     0000f003  _InitPieCtrl                    
1     0000f022  _EnableInterrupts               
1     0000f02b  _copy_in                        
1     0000f04f  _copysignl                      
1     0000f072  FD$$TOI                         
1     0000f093  _InitPieVectTable               
1     0000f0b3  FD$$TOL                         
1     0000f0d2  LL$$CMP                         
1     0000f0e4  ULL$$CMP                        
1     0000f0f0  I$$TOFD                         
1     0000f10d  _memcpy                         
1     0000f12a  FS$$TOFD                        
1     0000f146  L$$TOFD                         
1     0000f162  _InitGpio                       
1     0000f17d  L$$TOFS                         
1     0000f197  LL$$AND                         
1     0000f19f  LL$$OR                          
1     0000f1a7  LL$$XOR                         
1     0000f1af  FS$$CMP                         
1     0000f1c6  _strstr                         
1     0000f1dc  __args_main                     
1     0000f1ed  _memccpy                        
1     0000f1fd  FD$$SUB                         
1     0000f20b  _strchr                         
1     0000f216  __register_unlock               
1     0000f21a  __register_lock                 
1     0000f21e  __nop                           
1     0000f21f  FD$$NEG                         
1     0000f230  _strlen                         
1     0000f238  _wcslen                         
1     0000f240  _DSP28x_DisableInt              
1     0000f244  _DSP28x_RestoreInt              
1     0000f247  _memset                         
1     0000f24e  _strcpy                         
1     0000f253  _SetDBGIER                      
1     0000f256  __system_pre_init               
1     0000f258  __system_post_cinit             
1     0000f259  ___etext__                      
1     0000f259  etext                           
1     0000f71c  __ctypes_                       
1     0000f81e  _PieVectTableInit               
1     0033fff8  _CsmPwl                         
1     00380090  _PartIdRegs                     
abs   00000300  __STACK_SIZE                    
abs   ffffffff  ___TI_pprof_out_hndl            
abs   ffffffff  ___TI_prof_data_size            
abs   ffffffff  ___TI_prof_data_start           
abs   ffffffff  ___binit__                      
abs   ffffffff  ___c_args__                     
abs   ffffffff  ___pinit__                      
abs   ffffffff  binit                           
abs   ffffffff  pinit                           

[287 symbols]
